Archive member included to satisfy reference by file (symbol)

/opt/gcc-arm-none-eabi/gcc-arm-none-eabi-10.3-2021.10/bin/../lib/gcc/arm-none-eabi/10.3.1/../../../../arm-none-eabi/lib/thumb/v7e-m/nofp/libg.a(lib_a-errno.o)
                              lib_build/syscalls.o (__errno)
/opt/gcc-arm-none-eabi/gcc-arm-none-eabi-10.3-2021.10/bin/../lib/gcc/arm-none-eabi/10.3.1/../../../../arm-none-eabi/lib/thumb/v7e-m/nofp/libg.a(lib_a-impure.o)
                              /opt/gcc-arm-none-eabi/gcc-arm-none-eabi-10.3-2021.10/bin/../lib/gcc/arm-none-eabi/10.3.1/../../../../arm-none-eabi/lib/thumb/v7e-m/nofp/libg.a(lib_a-errno.o) (_impure_ptr)
/opt/gcc-arm-none-eabi/gcc-arm-none-eabi-10.3-2021.10/bin/../lib/gcc/arm-none-eabi/10.3.1/../../../../arm-none-eabi/lib/thumb/v7e-m/nofp/libg.a(lib_a-init.o)
                              lib_build/startup_XMC4500.o (__libc_init_array)
/opt/gcc-arm-none-eabi/gcc-arm-none-eabi-10.3-2021.10/bin/../lib/gcc/arm-none-eabi/10.3.1/../../../../arm-none-eabi/lib/thumb/v7e-m/nofp/libg.a(lib_a-memcpy.o)
                              lib_build/xmc_usbd.o (memcpy)
/opt/gcc-arm-none-eabi/gcc-arm-none-eabi-10.3-2021.10/bin/../lib/gcc/arm-none-eabi/10.3.1/../../../../arm-none-eabi/lib/thumb/v7e-m/nofp/libg.a(lib_a-memset.o)
                              lib_build/USBController_XMC4000.o (memset)
/opt/gcc-arm-none-eabi/gcc-arm-none-eabi-10.3-2021.10/bin/../lib/gcc/arm-none-eabi/10.3.1/../../../../arm-none-eabi/lib/thumb/v7e-m/nofp/libg.a(lib_a-strlen.o)
                              lib_build/CDCClassDevice.o (strlen)

Discarded input sections

 .group         0x0000000000000000        0xc build/main.o
 .group         0x0000000000000000        0xc build/main.o
 .group         0x0000000000000000        0xc build/main.o
 .group         0x0000000000000000        0xc build/main.o
 .group         0x0000000000000000        0xc build/main.o
 .group         0x0000000000000000        0xc build/main.o
 .group         0x0000000000000000        0xc build/main.o
 .group         0x0000000000000000        0xc build/main.o
 .group         0x0000000000000000        0xc build/main.o
 .group         0x0000000000000000        0xc build/main.o
 .group         0x0000000000000000        0xc build/main.o
 .group         0x0000000000000000        0xc build/main.o
 .group         0x0000000000000000        0xc build/main.o
 .group         0x0000000000000000        0xc build/main.o
 .group         0x0000000000000000        0xc build/main.o
 .group         0x0000000000000000        0xc build/main.o
 .group         0x0000000000000000        0xc build/main.o
 .group         0x0000000000000000        0xc build/main.o
 .group         0x0000000000000000        0xc build/main.o
 .group         0x0000000000000000        0xc build/main.o
 .group         0x0000000000000000        0xc build/main.o
 .group         0x0000000000000000        0xc build/main.o
 .group         0x0000000000000000        0xc build/main.o
 .group         0x0000000000000000        0xc build/main.o
 .group         0x0000000000000000        0xc build/main.o
 .group         0x0000000000000000        0xc build/main.o
 .group         0x0000000000000000        0xc build/main.o
 .group         0x0000000000000000        0xc build/main.o
 .group         0x0000000000000000        0xc build/main.o
 .group         0x0000000000000000        0xc build/main.o
 .group         0x0000000000000000        0xc build/main.o
 .group         0x0000000000000000        0xc build/main.o
 .group         0x0000000000000000        0xc build/main.o
 .group         0x0000000000000000        0xc build/main.o
 .comment       0x0000000000000000       0x4a build/main.o
 .group         0x0000000000000000        0xc build/VirtualSerial.o
 .group         0x0000000000000000        0xc build/VirtualSerial.o
 .group         0x0000000000000000        0xc build/VirtualSerial.o
 .group         0x0000000000000000        0xc build/VirtualSerial.o
 .group         0x0000000000000000        0xc build/VirtualSerial.o
 .group         0x0000000000000000        0xc build/VirtualSerial.o
 .group         0x0000000000000000        0xc build/VirtualSerial.o
 .group         0x0000000000000000        0xc build/VirtualSerial.o
 .group         0x0000000000000000        0xc build/VirtualSerial.o
 .group         0x0000000000000000        0xc build/VirtualSerial.o
 .group         0x0000000000000000        0xc build/VirtualSerial.o
 .group         0x0000000000000000        0xc build/VirtualSerial.o
 .group         0x0000000000000000        0xc build/VirtualSerial.o
 .group         0x0000000000000000        0xc build/VirtualSerial.o
 .group         0x0000000000000000        0xc build/VirtualSerial.o
 .group         0x0000000000000000        0xc build/VirtualSerial.o
 .group         0x0000000000000000        0xc build/VirtualSerial.o
 .group         0x0000000000000000        0xc build/VirtualSerial.o
 .group         0x0000000000000000        0xc build/VirtualSerial.o
[...]
Memory Configuration

Name             Origin             Length             Attributes
FLASH_1_cached   0x0000000008000000 0x0000000000100000 xr
FLASH_1_uncached 0x000000000c000000 0x0000000000100000 xr
PSRAM_1          0x0000000010000000 0x0000000000010000 !xr
DSRAM_1_system   0x0000000020000000 0x0000000000010000 !xr
DSRAM_2_comm     0x0000000030000000 0x0000000000008000 !xr
*default*        0x0000000000000000 0xffffffffffffffff

Linker script and memory map

LOAD build/main.o
LOAD build/VirtualSerial.o
LOAD build/Descriptors.o
LOAD lib_build/USBController_XMC4000.o
LOAD lib_build/xmc_usbd.o
LOAD lib_build/CDCClassDevice.o
LOAD lib_build/USBTask.o
LOAD lib_build/Endpoint_XMC4000.o
LOAD lib_build/xmc4_scu.o
LOAD lib_build/EndpointStream_XMC4000.o
LOAD lib_build/memcpy.o
LOAD lib_build/xmc_gpio.o
LOAD lib_build/xmc4_gpio.o
LOAD lib_build/startup_XMC4500.o
LOAD lib_build/system_XMC4500.o
LOAD lib_build/syscalls.o
START GROUP
LOAD /opt/gcc-arm-none-eabi/gcc-arm-none-eabi-10.3-2021.10/bin/../lib/gcc/arm-none-eabi/10.3.1/thumb/v7e-m/nofp/libgcc.a
LOAD /opt/gcc-arm-none-eabi/gcc-arm-none-eabi-10.3-2021.10/bin/../lib/gcc/arm-none-eabi/10.3.1/../../../../arm-none-eabi/lib/thumb/v7e-m/nofp/libg.a
LOAD /opt/gcc-arm-none-eabi/gcc-arm-none-eabi-10.3-2021.10/bin/../lib/gcc/arm-none-eabi/10.3.1/../../../../arm-none-eabi/lib/thumb/v7e-m/nofp/libc.a
END GROUP
START GROUP
LOAD /opt/gcc-arm-none-eabi/gcc-arm-none-eabi-10.3-2021.10/bin/../lib/gcc/arm-none-eabi/10.3.1/thumb/v7e-m/nofp/libgcc.a
LOAD /opt/gcc-arm-none-eabi/gcc-arm-none-eabi-10.3-2021.10/bin/../lib/gcc/arm-none-eabi/10.3.1/../../../../arm-none-eabi/lib/thumb/v7e-m/nofp/libc.a
LOAD /opt/gcc-arm-none-eabi/gcc-arm-none-eabi-10.3-2021.10/bin/../lib/gcc/arm-none-eabi/10.3.1/../../../../arm-none-eabi/lib/thumb/v7e-m/nofp/libnosys.a
END GROUP
                0x0000000000000800                stack_size = DEFINED (stack_size)?stack_size:0x800
                0x0000000000000040                no_init_size = 0x40

.text           0x0000000008000000     0x4118 load address 0x000000000c000000
                0x0000000008000000                sText = .
 *(.reset)
 .reset         0x0000000008000000      0x2b2 lib_build/startup_XMC4500.o
                0x0000000008000000                __Vectors
                0x0000000008000200                Reset_Handler
                0x00000000080002b0                VADC0_C0_3_IRQHandler
                0x00000000080002b0                DSD0_7_IRQHandler
                0x00000000080002b0                DebugMon_Handler
                0x00000000080002b0                VADC0_C0_0_IRQHandler
                0x00000000080002b0                CAN0_4_IRQHandler
                0x00000000080002b0                VADC0_G2_0_IRQHandler
                0x00000000080002b0                USIC0_5_IRQHandler
                0x00000000080002b0                POSIF0_0_IRQHandler
                0x00000000080002b0                POSIF1_0_IRQHandler
                0x00000000080002b0                HardFault_Handler
                0x00000000080002b0                VADC0_G1_1_IRQHandler
                0x00000000080002b0                PendSV_Handler
                0x00000000080002b0                NMI_Handler
                0x00000000080002b0                USIC1_3_IRQHandler
                0x00000000080002b0                CCU40_2_IRQHandler
                0x00000000080002b0                SCU_0_IRQHandler
                0x00000000080002b0                ERU0_0_IRQHandler
                0x00000000080002b0                CCU41_0_IRQHandler
                0x00000000080002b0                USIC1_5_IRQHandler
                0x00000000080002b0                DSD0_4_IRQHandler
                0x00000000080002b0                CCU80_1_IRQHandler
                0x00000000080002b0                CCU81_0_IRQHandler
                0x00000000080002b0                UsageFault_Handler
                0x00000000080002b0                USIC0_0_IRQHandler
                0x00000000080002b0                POSIF1_1_IRQHandler
                0x00000000080002b0                ERU0_2_IRQHandler
                0x00000000080002b0                CCU81_1_IRQHandler
                0x00000000080002b0                ERU1_1_IRQHandler
                0x00000000080002b0                VADC0_G2_3_IRQHandler
                0x00000000080002b0                VADC0_G2_2_IRQHandler
                0x00000000080002b0                CCU42_3_IRQHandler
                0x00000000080002b0                ERU0_3_IRQHandler
                0x00000000080002b0                DSD0_5_IRQHandler
                0x00000000080002b0                CAN0_6_IRQHandler
                0x00000000080002b0                CCU43_0_IRQHandler
                0x00000000080002b0                VADC0_G0_1_IRQHandler
                0x00000000080002b0                CCU81_2_IRQHandler
                0x00000000080002b0                USIC2_4_IRQHandler
                0x00000000080002b0                CCU81_3_IRQHandler
                0x00000000080002b0                CCU42_1_IRQHandler
                0x00000000080002b0                USIC1_1_IRQHandler
                0x00000000080002b0                USIC2_5_IRQHandler
                0x00000000080002b0                CCU40_0_IRQHandler
                0x00000000080002b0                CAN0_0_IRQHandler
                0x00000000080002b0                ERU1_0_IRQHandler
                0x00000000080002b0                CCU42_2_IRQHandler
                0x00000000080002b0                Default_Handler
                0x00000000080002b0                USIC1_4_IRQHandler
                0x00000000080002b0                ERU1_3_IRQHandler
                0x00000000080002b0                USIC1_0_IRQHandler
                0x00000000080002b0                POSIF0_1_IRQHandler
                0x00000000080002b0                VADC0_G0_0_IRQHandler
                0x00000000080002b0                DSD0_2_IRQHandler
                0x00000000080002b0                CCU80_3_IRQHandler
                0x00000000080002b0                CCU41_3_IRQHandler
                0x00000000080002b0                CCU80_2_IRQHandler
                0x00000000080002b0                VADC0_G1_3_IRQHandler
                0x00000000080002b0                VADC0_G0_3_IRQHandler
                0x00000000080002b0                GPDMA0_0_IRQHandler
                0x00000000080002b0                PMU0_0_IRQHandler
                0x00000000080002b0                CAN0_7_IRQHandler
                0x00000000080002b0                DSD0_1_IRQHandler
                0x00000000080002b0                CCU41_2_IRQHandler
                0x00000000080002b0                VADC0_C0_1_IRQHandler
                0x00000000080002b0                CCU43_2_IRQHandler
                0x00000000080002b0                USIC2_2_IRQHandler
                0x00000000080002b0                MemManage_Handler
                0x00000000080002b0                VADC0_G3_1_IRQHandler
                0x00000000080002b0                DAC0_0_IRQHandler
                0x00000000080002b0                SVC_Handler
                0x00000000080002b0                VADC0_G3_3_IRQHandler
                0x00000000080002b0                ERU1_2_IRQHandler
                0x00000000080002b0                CCU41_1_IRQHandler
                0x00000000080002b0                DSD0_6_IRQHandler
                0x00000000080002b0                CCU43_1_IRQHandler
                0x00000000080002b0                VADC0_G1_2_IRQHandler
                0x00000000080002b0                USIC2_3_IRQHandler
                0x00000000080002b0                CAN0_2_IRQHandler
                0x00000000080002b0                USIC2_0_IRQHandler
                0x00000000080002b0                VADC0_G0_2_IRQHandler
                0x00000000080002b0                VADC0_G2_1_IRQHandler
                0x00000000080002b0                CAN0_3_IRQHandler
                0x00000000080002b0                ETH0_0_IRQHandler
                0x00000000080002b0                USIC0_3_IRQHandler
                0x00000000080002b0                DSD0_0_IRQHandler
                0x00000000080002b0                VADC0_C0_2_IRQHandler
                0x00000000080002b0                CCU42_0_IRQHandler
                0x00000000080002b0                FCE0_0_IRQHandler
                0x00000000080002b0                VADC0_G1_0_IRQHandler
                0x00000000080002b0                CAN0_5_IRQHandler
                0x00000000080002b0                CCU80_0_IRQHandler
                0x00000000080002b0                CCU40_1_IRQHandler
                0x00000000080002b0                USIC2_1_IRQHandler
                0x00000000080002b0                USIC0_1_IRQHandler
                0x00000000080002b0                VADC0_G3_2_IRQHandler
                0x00000000080002b0                CCU40_3_IRQHandler
                0x00000000080002b0                BusFault_Handler
                0x00000000080002b0                LEDTS0_0_IRQHandler
                0x00000000080002b0                USIC0_4_IRQHandler
                0x00000000080002b0                CCU43_3_IRQHandler
                0x00000000080002b0                ERU0_1_IRQHandler
                0x00000000080002b0                VADC0_G3_0_IRQHandler
                0x00000000080002b0                USIC1_2_IRQHandler
                0x00000000080002b0                DSD0_3_IRQHandler
                0x00000000080002b0                SDMMC0_0_IRQHandler
                0x00000000080002b0                CAN0_1_IRQHandler
                0x00000000080002b0                USIC0_2_IRQHandler
                0x00000000080002b0                DAC0_1_IRQHandler
                0x00000000080002b0                GPDMA1_0_IRQHandler
 *(.text .text.* .gnu.linkonce.t.*)
 .text          0x00000000080002b2        0x0 build/main.o
 *fill*         0x00000000080002b2        0x2 
 .text.SysTick_Handler
                0x00000000080002b4       0x10 build/main.o
                0x00000000080002b4                SysTick_Handler
 .text.delay_ms
                0x00000000080002c4       0x14 build/main.o
                0x00000000080002c4                delay_ms
 .text.startup.main
                0x00000000080002d8      0x2e0 build/main.o
                0x00000000080002d8                main
 .text          0x00000000080005b8        0x0 build/VirtualSerial.o
 .text.USB0_0_IRQHandler
                0x00000000080005b8        0xc build/VirtualSerial.o
                0x00000000080005b8                USB0_0_IRQHandler
 .text.USB_Init
                0x00000000080005c4       0x68 build/VirtualSerial.o
                0x00000000080005c4                USB_Init
 .text.EVENT_USB_Device_Connect
                0x000000000800062c        0x4 build/VirtualSerial.o
                0x000000000800062c                EVENT_USB_Device_Connect
 .text.EVENT_USB_Device_Disconnect
                0x0000000008000630        0x4 build/VirtualSerial.o
                0x0000000008000630                EVENT_USB_Device_Disconnect
 .text.EVENT_USB_Device_Reset
                0x0000000008000634       0x24 build/VirtualSerial.o
                0x0000000008000634                EVENT_USB_Device_Reset
 .text.EVENT_USB_Device_ConfigurationChanged
                0x0000000008000658       0x48 build/VirtualSerial.o
                0x0000000008000658                EVENT_USB_Device_ConfigurationChanged
 .text.EVENT_USB_Device_ControlRequest
                0x00000000080006a0        0xc build/VirtualSerial.o
                0x00000000080006a0                EVENT_USB_Device_ControlRequest
 .text.EVENT_USB_Device_StartOfFrame
                0x00000000080006ac        0x4 build/VirtualSerial.o
                0x00000000080006ac                EVENT_USB_Device_StartOfFrame
 .text.EVENT_USB_Device_WakeUp
                0x00000000080006b0        0x4 build/VirtualSerial.o
                0x00000000080006b0                EVENT_USB_Device_WakeUp
 .text.EVENT_USB_Device_Suspend
                0x00000000080006b4        0x4 build/VirtualSerial.o
                0x00000000080006b4                EVENT_USB_Device_Suspend
 .text          0x00000000080006b8        0x0 build/Descriptors.o
 .text.CALLBACK_USB_GetDescriptor
                0x00000000080006b8       0x48 build/Descriptors.o
                0x00000000080006b8                CALLBACK_USB_GetDescriptor
 .text          0x0000000008000700        0x0 lib_build/USBController_XMC4000.o
 .text.USBD_HandleEP0_Stall
                0x0000000008000700       0x28 lib_build/USBController_XMC4000.o
                0x0000000008000700                USBD_HandleEP0_Stall
 .text.USB_Device_ProcessControlRequest
                0x0000000008000728      0x27c lib_build/USBController_XMC4000.o
                0x0000000008000728                USB_Device_ProcessControlRequest
 .text.USBD_HandleEP0_IN
                0x00000000080009a4       0x38 lib_build/USBController_XMC4000.o
                0x00000000080009a4                USBD_HandleEP0_IN
 .text.USBD_HandleEP0_OUT
                0x00000000080009dc       0x40 lib_build/USBController_XMC4000.o
                0x00000000080009dc                USBD_HandleEP0_OUT
 .text.USBD_HandleEP0_SETUP
                0x0000000008000a1c       0x74 lib_build/USBController_XMC4000.o
                0x0000000008000a1c                USBD_HandleEP0_SETUP
 .text.USBD_SignalDeviceEventHandler
                0x0000000008000a90      0x158 lib_build/USBController_XMC4000.o
                0x0000000008000a90                USBD_SignalDeviceEventHandler
 .text.USBD_SignalEndpointEvent_Handler
                0x0000000008000be8       0xf4 lib_build/USBController_XMC4000.o
                0x0000000008000be8                USBD_SignalEndpointEvent_Handler
 .text.USBD_Initialize
                0x0000000008000cdc       0x68 lib_build/USBController_XMC4000.o
                0x0000000008000cdc                USBD_Initialize
 .text.USB_IsEnumDone
                0x0000000008000d44       0x18 lib_build/USBController_XMC4000.o
                0x0000000008000d44                USB_IsEnumDone
 .text.USBD_SetEndpointBuffer
                0x0000000008000d5c       0x24 lib_build/USBController_XMC4000.o
                0x0000000008000d5c                USBD_SetEndpointBuffer
 .text          0x0000000008000d80        0x0 lib_build/xmc_usbd.o
 .text.XMC_USBD_lReadFifo
                0x0000000008000d80       0xa0 lib_build/xmc_usbd.o
 .text.XMC_USBD_lStartReadXfer
                0x0000000008000e20       0x98 lib_build/xmc_usbd.o
 .text.XMC_USBD_lStartWriteXfer
                0x0000000008000eb8       0xac lib_build/xmc_usbd.o
 .text.XMC_USBD_GetCapabilities
                0x0000000008000f64        0x8 lib_build/xmc_usbd.o
                0x0000000008000f64                XMC_USBD_GetCapabilities
 .text.XMC_USBD_DeviceConnect
                0x0000000008000f6c       0x18 lib_build/xmc_usbd.o
                0x0000000008000f6c                XMC_USBD_DeviceConnect
 .text.XMC_USBD_DeviceDisconnect
                0x0000000008000f84       0x18 lib_build/xmc_usbd.o
                0x0000000008000f84                XMC_USBD_DeviceDisconnect
 .text.XMC_USBD_EndpointReadStart
                0x0000000008000f9c       0x50 lib_build/xmc_usbd.o
                0x0000000008000f9c                XMC_USBD_EndpointReadStart
 .text.XMC_USBD_DeviceSetAddress
                0x0000000008000fec       0x18 lib_build/xmc_usbd.o
                0x0000000008000fec                XMC_USBD_DeviceSetAddress
 .text.XMC_USBD_EndpointStall
                0x0000000008001004       0x7c lib_build/xmc_usbd.o
                0x0000000008001004                XMC_USBD_EndpointStall
 .text.XMC_USBD_EndpointAbort
                0x0000000008001080       0x40 lib_build/xmc_usbd.o
                0x0000000008001080                XMC_USBD_EndpointAbort
 .text.XMC_USBD_EndpointUnconfigure
                0x00000000080010c0       0xec lib_build/xmc_usbd.o
                0x00000000080010c0                XMC_USBD_EndpointUnconfigure
 .text.XMC_USBD_GetFrameNumber
                0x00000000080011ac       0x14 lib_build/xmc_usbd.o
                0x00000000080011ac                XMC_USBD_GetFrameNumber
 .text.XMC_USBD_IsEnumDone
                0x00000000080011c0       0x1c lib_build/xmc_usbd.o
                0x00000000080011c0                XMC_USBD_IsEnumDone
 .text.XMC_USBD_Uninitialize
                0x00000000080011dc       0x24 lib_build/xmc_usbd.o
                0x00000000080011dc                XMC_USBD_Uninitialize
 .text.XMC_USBD_EndpointConfigure
                0x0000000008001200      0x27c lib_build/xmc_usbd.o
                0x0000000008001200                XMC_USBD_EndpointConfigure
 .text.XMC_USBD_Init
                0x000000000800147c      0x160 lib_build/xmc_usbd.o
                0x000000000800147c                XMC_USBD_Init
 .text.XMC_USBD_EndpointRead
                0x00000000080015dc       0x40 lib_build/xmc_usbd.o
                0x00000000080015dc                XMC_USBD_EndpointRead
 .text.XMC_USBD_EndpointWrite
                0x000000000800161c       0x60 lib_build/xmc_usbd.o
                0x000000000800161c                XMC_USBD_EndpointWrite
 .text.XMC_USBD_DeviceGetState
                0x000000000800167c       0x74 lib_build/xmc_usbd.o
                0x000000000800167c                XMC_USBD_DeviceGetState
 .text.XMC_USBD_lDeviceActive
                0x00000000080016f0       0x48 lib_build/xmc_usbd.o
                0x00000000080016f0                XMC_USBD_lDeviceActive
 .text.XMC_USBD_IRQHandler
                0x0000000008001738      0x574 lib_build/xmc_usbd.o
                0x0000000008001738                XMC_USBD_IRQHandler
 .text.XMC_USBD_Enable
                0x0000000008001cac       0x14 lib_build/xmc_usbd.o
                0x0000000008001cac                XMC_USBD_Enable
 .text.XMC_USBD_Disable
                0x0000000008001cc0       0x14 lib_build/xmc_usbd.o
                0x0000000008001cc0                XMC_USBD_Disable
 .text.XMC_USBD_ClearEvent
                0x0000000008001cd4       0x8c lib_build/xmc_usbd.o
                0x0000000008001cd4                XMC_USBD_ClearEvent
 .text.XMC_USBD_ClearEventINEP
                0x0000000008001d60       0x10 lib_build/xmc_usbd.o
                0x0000000008001d60                XMC_USBD_ClearEventINEP
 .text.XMC_USBD_ClearEventOUTEP
                0x0000000008001d70       0x14 lib_build/xmc_usbd.o
                0x0000000008001d70                XMC_USBD_ClearEventOUTEP
 .text.XMC_USBD_EnableEventOUTEP
                0x0000000008001d84       0x14 lib_build/xmc_usbd.o
                0x0000000008001d84                XMC_USBD_EnableEventOUTEP
 .text.XMC_USBD_EnableEventINEP
                0x0000000008001d98       0x14 lib_build/xmc_usbd.o
                0x0000000008001d98                XMC_USBD_EnableEventINEP
 .text          0x0000000008001dac        0x0 lib_build/CDCClassDevice.o
 .text.CDC_Device_ConfigureEndpoints
                0x0000000008001dac       0x40 lib_build/CDCClassDevice.o
                0x0000000008001dac                CDC_Device_ConfigureEndpoints
 .text.CDC_Device_SendString
                0x0000000008001dec       0x44 lib_build/CDCClassDevice.o
                0x0000000008001dec                CDC_Device_SendString
 .text.CDC_Device_SendData
                0x0000000008001e30       0x44 lib_build/CDCClassDevice.o
                0x0000000008001e30                CDC_Device_SendData
 .text.CDC_Device_SendByte
                0x0000000008001e74       0x4c lib_build/CDCClassDevice.o
                0x0000000008001e74                CDC_Device_SendByte
 .text.CDC_Device_Flush
                0x0000000008001ec0       0x6c lib_build/CDCClassDevice.o
                0x0000000008001ec0                CDC_Device_Flush
 .text.CDC_Device_USBTask
                0x0000000008001f2c       0x40 lib_build/CDCClassDevice.o
                0x0000000008001f2c                CDC_Device_USBTask
 .text.CDC_Device_BytesReceived
                0x0000000008001f6c       0x5c lib_build/CDCClassDevice.o
                0x0000000008001f6c                CDC_Device_BytesReceived
 .text.CDC_Device_ReceiveByte
                0x0000000008001fc8       0xac lib_build/CDCClassDevice.o
                0x0000000008001fc8                CDC_Device_ReceiveByte
 .text.CDC_Device_SendControlLineStateChange
                0x0000000008002074       0x64 lib_build/CDCClassDevice.o
                0x0000000008002074                CDC_Device_SendControlLineStateChange
 .text.EVENT_CDC_Device_LineEncodingChanged
                0x00000000080020d8        0x4 lib_build/CDCClassDevice.o
                0x00000000080020d8                EVENT_CDC_Device_LineEncodingChanged
 .text.EVENT_CDC_Device_ControLineStateChanged
                0x00000000080020dc        0x4 lib_build/CDCClassDevice.o
                0x00000000080020dc                EVENT_CDC_Device_ControLineStateChanged
 .text.EVENT_CDC_Device_BreakSent
                0x00000000080020e0        0x4 lib_build/CDCClassDevice.o
                0x00000000080020e0                EVENT_CDC_Device_BreakSent
 .text.CDC_Device_ProcessControlRequest
                0x00000000080020e4      0x11c lib_build/CDCClassDevice.o
                0x00000000080020e4                CDC_Device_ProcessControlRequest
 .text          0x0000000008002200        0x0 lib_build/USBTask.o
 .text.USB_USBTask
                0x0000000008002200       0x54 lib_build/USBTask.o
                0x0000000008002200                USB_USBTask
 .text          0x0000000008002254        0x0 lib_build/Endpoint_XMC4000.o
 .text.Endpoint_WaitUntilReady
                0x0000000008002254       0xa0 lib_build/Endpoint_XMC4000.o
                0x0000000008002254                Endpoint_WaitUntilReady
 .text.Endpoint_ClearOUT
                0x00000000080022f4       0x54 lib_build/Endpoint_XMC4000.o
                0x00000000080022f4                Endpoint_ClearOUT
 .text.Endpoint_ClearIN
                0x0000000008002348       0x94 lib_build/Endpoint_XMC4000.o
                0x0000000008002348                Endpoint_ClearIN
 .text.Endpoint_IsReadWriteAllowed
                0x00000000080023dc       0x30 lib_build/Endpoint_XMC4000.o
                0x00000000080023dc                Endpoint_IsReadWriteAllowed
 .text.Endpoint_Write_8
                0x000000000800240c       0x2c lib_build/Endpoint_XMC4000.o
                0x000000000800240c                Endpoint_Write_8
 .text.Endpoint_Read_8
                0x0000000008002438       0x2c lib_build/Endpoint_XMC4000.o
                0x0000000008002438                Endpoint_Read_8
 .text.Endpoint_Write_32_LE
                0x0000000008002464       0x2c lib_build/Endpoint_XMC4000.o
                0x0000000008002464                Endpoint_Write_32_LE
 .text.Endpoint_Read_32_LE
                0x0000000008002490       0x34 lib_build/Endpoint_XMC4000.o
                0x0000000008002490                Endpoint_Read_32_LE
 .text.Endpoint_ConfigureEndpointTable
                0x00000000080024c4       0x80 lib_build/Endpoint_XMC4000.o
                0x00000000080024c4                Endpoint_ConfigureEndpointTable
 .text          0x0000000008002544        0x0 lib_build/xmc4_scu.o
 .text.XMC_SCU_INTERRUPT_EnableEvent
                0x0000000008002544       0x10 lib_build/xmc4_scu.o
                0x0000000008002544                XMC_SCU_INTERRUPT_EnableEvent
 .text.XMC_SCU_INTERRUPT_DisableEvent
                0x0000000008002554       0x10 lib_build/xmc4_scu.o
                0x0000000008002554                XMC_SCU_INTERRUPT_DisableEvent
 .text.XMC_SCU_INTERRUPT_TriggerEvent
                0x0000000008002564       0x14 lib_build/xmc4_scu.o
                0x0000000008002564                XMC_SCU_INTERRUPT_TriggerEvent
 .text.XMC_SCU_INTERUPT_GetEventStatus
                0x0000000008002578        0xc lib_build/xmc4_scu.o
                0x0000000008002578                XMC_SCU_INTERUPT_GetEventStatus
 .text.XMC_SCU_INTERRUPT_ClearEventStatus
                0x0000000008002584        0xc lib_build/xmc4_scu.o
                0x0000000008002584                XMC_SCU_INTERRUPT_ClearEventStatus
 .text.XMC_SCU_GetBootMode
                0x0000000008002590       0x10 lib_build/xmc4_scu.o
                0x0000000008002590                XMC_SCU_GetBootMode
 .text.XMC_SCU_SetBootMode
                0x00000000080025a0        0xc lib_build/xmc4_scu.o
                0x00000000080025a0                XMC_SCU_SetBootMode
 .text.XMC_SCU_ReadGPR
                0x00000000080025ac       0x10 lib_build/xmc4_scu.o
                0x00000000080025ac                XMC_SCU_ReadGPR
 .text.XMC_SCU_WriteGPR
                0x00000000080025bc       0x10 lib_build/xmc4_scu.o
                0x00000000080025bc                XMC_SCU_WriteGPR
 .text.XMC_SCU_EnableOutOfRangeComparator
                0x00000000080025cc       0x1c lib_build/xmc4_scu.o
                0x00000000080025cc                XMC_SCU_EnableOutOfRangeComparator
 .text.XMC_SCU_DisableOutOfRangeComparator
                0x00000000080025e8       0x20 lib_build/xmc4_scu.o
                0x00000000080025e8                XMC_SCU_DisableOutOfRangeComparator
 .text.XMC_SCU_CalibrateTemperatureSensor
                0x0000000008002608       0x18 lib_build/xmc4_scu.o
                0x0000000008002608                XMC_SCU_CalibrateTemperatureSensor
 .text.XMC_SCU_EnableTemperatureSensor
                0x0000000008002620       0x14 lib_build/xmc4_scu.o
                0x0000000008002620                XMC_SCU_EnableTemperatureSensor
 .text.XMC_SCU_DisableTemperatureSensor
                0x0000000008002634       0x14 lib_build/xmc4_scu.o
                0x0000000008002634                XMC_SCU_DisableTemperatureSensor
 .text.XMC_SCU_IsTemperatureSensorEnabled
                0x0000000008002648       0x14 lib_build/xmc4_scu.o
                0x0000000008002648                XMC_SCU_IsTemperatureSensorEnabled
 .text.XMC_SCU_IsTemperatureSensorReady
                0x000000000800265c       0x10 lib_build/xmc4_scu.o
                0x000000000800265c                XMC_SCU_IsTemperatureSensorReady
 .text.XMC_SCU_StartTemperatureMeasurement
                0x000000000800266c       0x28 lib_build/xmc4_scu.o
                0x000000000800266c                XMC_SCU_StartTemperatureMeasurement
 .text.XMC_SCU_GetTemperatureMeasurement
                0x0000000008002694       0x1c lib_build/xmc4_scu.o
                0x0000000008002694                XMC_SCU_GetTemperatureMeasurement
 .text.XMC_SCU_IsTemperatureSensorBusy
                0x00000000080026b0       0x10 lib_build/xmc4_scu.o
                0x00000000080026b0                XMC_SCU_IsTemperatureSensorBusy
 .text.XMC_SCU_WriteToRetentionMemory
                0x00000000080026c0       0x24 lib_build/xmc4_scu.o
                0x00000000080026c0                XMC_SCU_WriteToRetentionMemory
 .text.XMC_SCU_ReadFromRetentionMemory
                0x00000000080026e4       0x20 lib_build/xmc4_scu.o
                0x00000000080026e4                XMC_SCU_ReadFromRetentionMemory
 .text.XMC_SCU_TRAP_Enable
                0x0000000008002704       0x10 lib_build/xmc4_scu.o
                0x0000000008002704                XMC_SCU_TRAP_Enable
 .text.XMC_SCU_TRAP_Disable
                0x0000000008002714       0x10 lib_build/xmc4_scu.o
                0x0000000008002714                XMC_SCU_TRAP_Disable
 .text.XMC_SCU_TRAP_GetStatus
                0x0000000008002724        0xc lib_build/xmc4_scu.o
                0x0000000008002724                XMC_SCU_TRAP_GetStatus
 .text.XMC_SCU_TRAP_Trigger
                0x0000000008002730        0xc lib_build/xmc4_scu.o
                0x0000000008002730                XMC_SCU_TRAP_Trigger
 .text.XMC_SCU_TRAP_ClearStatus
                0x000000000800273c        0xc lib_build/xmc4_scu.o
                0x000000000800273c                XMC_SCU_TRAP_ClearStatus
 .text.XMC_SCU_PARITY_ClearStatus
                0x0000000008002748       0x10 lib_build/xmc4_scu.o
                0x0000000008002748                XMC_SCU_PARITY_ClearStatus
 .text.XMC_SCU_PARITY_GetStatus
                0x0000000008002758        0xc lib_build/xmc4_scu.o
                0x0000000008002758                XMC_SCU_PARITY_GetStatus
 .text.XMC_SCU_PARITY_Enable
                0x0000000008002764       0x10 lib_build/xmc4_scu.o
                0x0000000008002764                XMC_SCU_PARITY_Enable
 .text.XMC_SCU_PARITY_Disable
                0x0000000008002774       0x10 lib_build/xmc4_scu.o
                0x0000000008002774                XMC_SCU_PARITY_Disable
 .text.XMC_SCU_PARITY_EnableTrapGeneration
                0x0000000008002784       0x10 lib_build/xmc4_scu.o
                0x0000000008002784                XMC_SCU_PARITY_EnableTrapGeneration
 .text.XMC_SCU_PARITY_DisableTrapGeneration
                0x0000000008002794       0x10 lib_build/xmc4_scu.o
                0x0000000008002794                XMC_SCU_PARITY_DisableTrapGeneration
 .text.XMC_SCU_INTERRUPT_EnableNmiRequest
                0x00000000080027a4       0x14 lib_build/xmc4_scu.o
                0x00000000080027a4                XMC_SCU_INTERRUPT_EnableNmiRequest
 .text.XMC_SCU_INTERRUPT_DisableNmiRequest
                0x00000000080027b8       0x14 lib_build/xmc4_scu.o
                0x00000000080027b8                XMC_SCU_INTERRUPT_DisableNmiRequest
 .text.XMC_SCU_RESET_AssertPeripheralReset
                0x00000000080027cc       0x18 lib_build/xmc4_scu.o
                0x00000000080027cc                XMC_SCU_RESET_AssertPeripheralReset
 .text.XMC_SCU_RESET_DeassertPeripheralReset
                0x00000000080027e4       0x18 lib_build/xmc4_scu.o
                0x00000000080027e4                XMC_SCU_RESET_DeassertPeripheralReset
 .text.XMC_SCU_RESET_IsPeripheralResetAsserted
                0x00000000080027fc       0x20 lib_build/xmc4_scu.o
                0x00000000080027fc                XMC_SCU_RESET_IsPeripheralResetAsserted
 .text.XMC_SCU_CLOCK_GetSystemPllClockFrequency
                0x000000000800281c       0x54 lib_build/xmc4_scu.o
                0x000000000800281c                XMC_SCU_CLOCK_GetSystemPllClockFrequency
 .text.XMC_SCU_CLOCK_GetSystemPllClockSourceFrequency
                0x0000000008002870       0x18 lib_build/xmc4_scu.o
                0x0000000008002870                XMC_SCU_CLOCK_GetSystemPllClockSourceFrequency
 .text.XMC_SCU_CLOCK_GetUsbPllClockFrequency
                0x0000000008002888       0x2c lib_build/xmc4_scu.o
                0x0000000008002888                XMC_SCU_CLOCK_GetUsbPllClockFrequency
 .text.XMC_SCU_CLOCK_GetCcuClockFrequency
                0x00000000080028b4       0x20 lib_build/xmc4_scu.o
                0x00000000080028b4                XMC_SCU_CLOCK_GetCcuClockFrequency
 .text.XMC_SCU_CLOCK_GetUsbClockFrequency
                0x00000000080028d4       0x28 lib_build/xmc4_scu.o
                0x00000000080028d4                XMC_SCU_CLOCK_GetUsbClockFrequency
 .text.XMC_SCU_CLOCK_GetEbuClockFrequency
                0x00000000080028fc       0x1c lib_build/xmc4_scu.o
                0x00000000080028fc                XMC_SCU_CLOCK_GetEbuClockFrequency
 .text.XMC_SCU_CLOCK_GetWdtClockFrequency
                0x0000000008002918       0x40 lib_build/xmc4_scu.o
                0x0000000008002918                XMC_SCU_CLOCK_GetWdtClockFrequency
 .text.XMC_SCU_CLOCK_GetExternalOutputClockFrequency
                0x0000000008002958       0x54 lib_build/xmc4_scu.o
                0x0000000008002958                XMC_SCU_CLOCK_GetExternalOutputClockFrequency
 .text.XMC_SCU_CLOCK_GetPeripheralClockFrequency
                0x00000000080029ac       0x18 lib_build/xmc4_scu.o
                0x00000000080029ac                XMC_SCU_CLOCK_GetPeripheralClockFrequency
 .text.XMC_SCU_CLOCK_SetSystemClockSource
                0x00000000080029c4       0x14 lib_build/xmc4_scu.o
                0x00000000080029c4                XMC_SCU_CLOCK_SetSystemClockSource
 .text.XMC_SCU_CLOCK_SetUsbClockSource
                0x00000000080029d8       0x14 lib_build/xmc4_scu.o
                0x00000000080029d8                XMC_SCU_CLOCK_SetUsbClockSource
 .text.XMC_SCU_CLOCK_SetWdtClockSource
                0x00000000080029ec       0x14 lib_build/xmc4_scu.o
                0x00000000080029ec                XMC_SCU_CLOCK_SetWdtClockSource
 .text.XMC_SCU_CLOCK_SetExternalOutputClockSource
                0x0000000008002a00       0x14 lib_build/xmc4_scu.o
                0x0000000008002a00                XMC_SCU_CLOCK_SetExternalOutputClockSource
 .text.XMC_SCU_CLOCK_SetSystemPllClockSource
                0x0000000008002a14       0x24 lib_build/xmc4_scu.o
                0x0000000008002a14                XMC_SCU_CLOCK_SetSystemPllClockSource
 .text.XMC_SCU_HIB_SetRtcClockSource
                0x0000000008002a38       0x20 lib_build/xmc4_scu.o
                0x0000000008002a38                XMC_SCU_HIB_SetRtcClockSource
 .text.XMC_SCU_HIB_SetStandbyClockSource
                0x0000000008002a58       0x20 lib_build/xmc4_scu.o
                0x0000000008002a58                XMC_SCU_HIB_SetStandbyClockSource
 .text.XMC_SCU_CLOCK_SetSystemClockDivider
                0x0000000008002a78       0x14 lib_build/xmc4_scu.o
                0x0000000008002a78                XMC_SCU_CLOCK_SetSystemClockDivider
 .text.XMC_SCU_CLOCK_SetCcuClockDivider
                0x0000000008002a8c       0x14 lib_build/xmc4_scu.o
                0x0000000008002a8c                XMC_SCU_CLOCK_SetCcuClockDivider
 .text.XMC_SCU_CLOCK_SetCpuClockDivider
                0x0000000008002aa0       0x14 lib_build/xmc4_scu.o
                0x0000000008002aa0                XMC_SCU_CLOCK_SetCpuClockDivider
 .text.XMC_SCU_CLOCK_SetPeripheralClockDivider
                0x0000000008002ab4       0x14 lib_build/xmc4_scu.o
                0x0000000008002ab4                XMC_SCU_CLOCK_SetPeripheralClockDivider
 .text.XMC_SCU_CLOCK_SetUsbClockDivider
                0x0000000008002ac8       0x14 lib_build/xmc4_scu.o
                0x0000000008002ac8                XMC_SCU_CLOCK_SetUsbClockDivider
 .text.XMC_SCU_CLOCK_SetEbuClockDivider
                0x0000000008002adc       0x14 lib_build/xmc4_scu.o
                0x0000000008002adc                XMC_SCU_CLOCK_SetEbuClockDivider
 .text.XMC_SCU_CLOCK_SetWdtClockDivider
                0x0000000008002af0       0x14 lib_build/xmc4_scu.o
                0x0000000008002af0                XMC_SCU_CLOCK_SetWdtClockDivider
 .text.XMC_SCU_CLOCK_SetExternalOutputClockDivider
                0x0000000008002b04       0x1c lib_build/xmc4_scu.o
                0x0000000008002b04                XMC_SCU_CLOCK_SetExternalOutputClockDivider
 .text.XMC_SCU_CLOCK_EnableClock
                0x0000000008002b20        0xc lib_build/xmc4_scu.o
                0x0000000008002b20                XMC_SCU_CLOCK_EnableClock
 .text.XMC_SCU_CLOCK_DisableClock
                0x0000000008002b2c        0xc lib_build/xmc4_scu.o
                0x0000000008002b2c                XMC_SCU_CLOCK_DisableClock
 .text.XMC_SCU_CLOCK_IsClockEnabled
                0x0000000008002b38       0x14 lib_build/xmc4_scu.o
                0x0000000008002b38                XMC_SCU_CLOCK_IsClockEnabled
 .text.XMC_SCU_POWER_GetEVR13Voltage
                0x0000000008002b4c       0x24 lib_build/xmc4_scu.o
                0x0000000008002b4c                XMC_SCU_POWER_GetEVR13Voltage
 .text.XMC_SCU_POWER_GetEVR33Voltage
                0x0000000008002b70       0x28 lib_build/xmc4_scu.o
                0x0000000008002b70                XMC_SCU_POWER_GetEVR33Voltage
 .text.XMC_SCU_CLOCK_EnableUsbPll
                0x0000000008002b98       0x14 lib_build/xmc4_scu.o
                0x0000000008002b98                XMC_SCU_CLOCK_EnableUsbPll
 .text.XMC_SCU_CLOCK_DisableUsbPll
                0x0000000008002bac       0x14 lib_build/xmc4_scu.o
                0x0000000008002bac                XMC_SCU_CLOCK_DisableUsbPll
 .text.XMC_SCU_CLOCK_StartUsbPll
                0x0000000008002bc0       0x44 lib_build/xmc4_scu.o
                0x0000000008002bc0                XMC_SCU_CLOCK_StartUsbPll
 .text.XMC_SCU_CLOCK_StopUsbPll
                0x0000000008002c04       0x10 lib_build/xmc4_scu.o
                0x0000000008002c04                XMC_SCU_CLOCK_StopUsbPll
 .text.XMC_SCU_CLOCK_SetBackupClockCalibrationMode
                0x0000000008002c14       0x78 lib_build/xmc4_scu.o
                0x0000000008002c14                XMC_SCU_CLOCK_SetBackupClockCalibrationMode
 .text.XMC_SCU_POWER_EnableUsb
                0x0000000008002c8c       0x10 lib_build/xmc4_scu.o
                0x0000000008002c8c                XMC_SCU_POWER_EnableUsb
 .text.XMC_SCU_POWER_DisableUsb
                0x0000000008002c9c       0x10 lib_build/xmc4_scu.o
                0x0000000008002c9c                XMC_SCU_POWER_DisableUsb
 .text.XMC_SCU_CLOCK_IsUsbPllLocked
                0x0000000008002cac       0x10 lib_build/xmc4_scu.o
                0x0000000008002cac                XMC_SCU_CLOCK_IsUsbPllLocked
 .text.XMC_SCU_HIB_EnableHibernateDomain
                0x0000000008002cbc       0x30 lib_build/xmc4_scu.o
                0x0000000008002cbc                XMC_SCU_HIB_EnableHibernateDomain
 .text.XMC_SCU_HIB_DisableHibernateDomain
                0x0000000008002cec       0x18 lib_build/xmc4_scu.o
                0x0000000008002cec                XMC_SCU_HIB_DisableHibernateDomain
 .text.XMC_SCU_HIB_IsHibernateDomainEnabled
                0x0000000008002d04       0x1c lib_build/xmc4_scu.o
                0x0000000008002d04                XMC_SCU_HIB_IsHibernateDomainEnabled
 .text.XMC_SCU_HIB_EnableInternalSlowClock
                0x0000000008002d20       0x20 lib_build/xmc4_scu.o
                0x0000000008002d20                XMC_SCU_HIB_EnableInternalSlowClock
 .text.XMC_SCU_HIB_DisableInternalSlowClock
                0x0000000008002d40       0x20 lib_build/xmc4_scu.o
                0x0000000008002d40                XMC_SCU_HIB_DisableInternalSlowClock
 .text.XMC_SCU_HIB_ClearEventStatus
                0x0000000008002d60       0x18 lib_build/xmc4_scu.o
                0x0000000008002d60                XMC_SCU_HIB_ClearEventStatus
 .text.XMC_SCU_HIB_TriggerEvent
                0x0000000008002d78       0x18 lib_build/xmc4_scu.o
                0x0000000008002d78                XMC_SCU_HIB_TriggerEvent
 .text.XMC_SCU_HIB_EnableEvent
                0x0000000008002d90       0x1c lib_build/xmc4_scu.o
                0x0000000008002d90                XMC_SCU_HIB_EnableEvent
 .text.XMC_SCU_HIB_DisableEvent
                0x0000000008002dac       0x20 lib_build/xmc4_scu.o
                0x0000000008002dac                XMC_SCU_HIB_DisableEvent
 .text.XMC_SCU_HIB_EnterHibernateState
                0x0000000008002dcc       0x20 lib_build/xmc4_scu.o
                0x0000000008002dcc                XMC_SCU_HIB_EnterHibernateState
 .text.XMC_SCU_HIB_EnterHibernateStateEx
                0x0000000008002dec       0x20 lib_build/xmc4_scu.o
                0x0000000008002dec                XMC_SCU_HIB_EnterHibernateStateEx
 .text.XMC_SCU_HIB_SetWakeupTriggerInput
                0x0000000008002e0c       0x28 lib_build/xmc4_scu.o
                0x0000000008002e0c                XMC_SCU_HIB_SetWakeupTriggerInput
 .text.XMC_SCU_HIB_SetPinMode
                0x0000000008002e34       0x34 lib_build/xmc4_scu.o
                0x0000000008002e34                XMC_SCU_HIB_SetPinMode
 .text.XMC_SCU_HIB_SetPinOutputLevel
                0x0000000008002e68       0x30 lib_build/xmc4_scu.o
                0x0000000008002e68                XMC_SCU_HIB_SetPinOutputLevel
 .text.XMC_SCU_HIB_SetInput0
                0x0000000008002e98       0x28 lib_build/xmc4_scu.o
                0x0000000008002e98                XMC_SCU_HIB_SetInput0
 .text.XMC_SCU_HIB_SetSR0Input
                0x0000000008002ec0       0x20 lib_build/xmc4_scu.o
                0x0000000008002ec0                XMC_SCU_HIB_SetSR0Input
 .text.XMC_SCU_CLOCK_IsLowPowerOscillatorStable
                0x0000000008002ee0       0x14 lib_build/xmc4_scu.o
                0x0000000008002ee0                XMC_SCU_CLOCK_IsLowPowerOscillatorStable
 .text.XMC_SCU_CLOCK_EnableLowPowerOscillator
                0x0000000008002ef4       0x4c lib_build/xmc4_scu.o
                0x0000000008002ef4                XMC_SCU_CLOCK_EnableLowPowerOscillator
 .text.XMC_SCU_CLOCK_DisableLowPowerOscillator
                0x0000000008002f40       0x20 lib_build/xmc4_scu.o
                0x0000000008002f40                XMC_SCU_CLOCK_DisableLowPowerOscillator
 .text.XMC_SCU_CLOCK_EnableLowPowerOscillatorGeneralPurposeInput
                0x0000000008002f60       0x20 lib_build/xmc4_scu.o
                0x0000000008002f60                XMC_SCU_CLOCK_EnableLowPowerOscillatorGeneralPurposeInput
 .text.XMC_SCU_CLOCK_DisableLowPowerOscillatorGeneralPurposeInput
                0x0000000008002f80       0x24 lib_build/xmc4_scu.o
                0x0000000008002f80                XMC_SCU_CLOCK_DisableLowPowerOscillatorGeneralPurposeInput
 .text.XMC_SCU_CLOCK_GetLowPowerOscillatorGeneralPurposeInputStatus
                0x0000000008002fa4       0x10 lib_build/xmc4_scu.o
                0x0000000008002fa4                XMC_SCU_CLOCK_GetLowPowerOscillatorGeneralPurposeInputStatus
 .text.XMC_SCU_CLOCK_EnableHighPerformanceOscillator
                0x0000000008002fb4       0x3c lib_build/xmc4_scu.o
                0x0000000008002fb4                XMC_SCU_CLOCK_EnableHighPerformanceOscillator
 .text.XMC_SCU_CLOCK_IsHighPerformanceOscillatorStable
                0x0000000008002ff0       0x18 lib_build/xmc4_scu.o
                0x0000000008002ff0                XMC_SCU_CLOCK_IsHighPerformanceOscillatorStable
 .text.XMC_SCU_CLOCK_DisableHighPerformanceOscillator
                0x0000000008003008       0x10 lib_build/xmc4_scu.o
                0x0000000008003008                XMC_SCU_CLOCK_DisableHighPerformanceOscillator
 .text.XMC_SCU_CLOCK_EnableHighPerformanceOscillatorGeneralPurposeInput
                0x0000000008003018       0x10 lib_build/xmc4_scu.o
                0x0000000008003018                XMC_SCU_CLOCK_EnableHighPerformanceOscillatorGeneralPurposeInput
 .text.XMC_SCU_CLOCK_DisableHighPerformanceOscillatorGeneralPurposeInput
                0x0000000008003028       0x10 lib_build/xmc4_scu.o
                0x0000000008003028                XMC_SCU_CLOCK_DisableHighPerformanceOscillatorGeneralPurposeInput
 .text.XMC_SCU_CLOCK_GetHighPerformanceOscillatorGeneralPurposeInputStatus
                0x0000000008003038       0x10 lib_build/xmc4_scu.o
                0x0000000008003038                XMC_SCU_CLOCK_GetHighPerformanceOscillatorGeneralPurposeInputStatus
 .text.XMC_SCU_CLOCK_EnableSystemPll
                0x0000000008003048       0x14 lib_build/xmc4_scu.o
                0x0000000008003048                XMC_SCU_CLOCK_EnableSystemPll
 .text.XMC_SCU_CLOCK_DisableSystemPll
                0x000000000800305c       0x14 lib_build/xmc4_scu.o
                0x000000000800305c                XMC_SCU_CLOCK_DisableSystemPll
 .text.XMC_SCU_CLOCK_StartSystemPll
                0x0000000008003070      0x1ac lib_build/xmc4_scu.o
                0x0000000008003070                XMC_SCU_CLOCK_StartSystemPll
 .text.XMC_SCU_CLOCK_Init
                0x000000000800321c      0x128 lib_build/xmc4_scu.o
                0x000000000800321c                XMC_SCU_CLOCK_Init
 .text.XMC_SCU_CLOCK_StopSystemPll
                0x0000000008003344       0x10 lib_build/xmc4_scu.o
                0x0000000008003344                XMC_SCU_CLOCK_StopSystemPll
 .text.XMC_SCU_CLOCK_StepSystemPllFrequency
                0x0000000008003354       0x44 lib_build/xmc4_scu.o
                0x0000000008003354                XMC_SCU_CLOCK_StepSystemPllFrequency
 .text.XMC_SCU_CLOCK_IsSystemPllLocked
                0x0000000008003398       0x10 lib_build/xmc4_scu.o
                0x0000000008003398                XMC_SCU_CLOCK_IsSystemPllLocked
 .text.XMC_SCU_INTERRUPT_SetEventHandler
                0x00000000080033a8       0x30 lib_build/xmc4_scu.o
                0x00000000080033a8                XMC_SCU_INTERRUPT_SetEventHandler
 .text.XMC_SCU_IRQHandler
                0x00000000080033d8       0x38 lib_build/xmc4_scu.o
                0x00000000080033d8                XMC_SCU_IRQHandler
 .text          0x0000000008003410        0x0 lib_build/EndpointStream_XMC4000.o
 .text.Endpoint_Write_Stream_LE
                0x0000000008003410       0xb0 lib_build/EndpointStream_XMC4000.o
                0x0000000008003410                Endpoint_Write_Stream_LE
 .text.SwapCopy
                0x00000000080034c0       0x20 lib_build/EndpointStream_XMC4000.o
                0x00000000080034c0                SwapCopy
 .text.Endpoint_Write_Stream_BE
                0x00000000080034e0       0xa8 lib_build/EndpointStream_XMC4000.o
                0x00000000080034e0                Endpoint_Write_Stream_BE
 .text.Endpoint_Read_Stream_LE
                0x0000000008003588       0x94 lib_build/EndpointStream_XMC4000.o
                0x0000000008003588                Endpoint_Read_Stream_LE
 .text.Endpoint_Read_Stream_BE
                0x000000000800361c       0xb0 lib_build/EndpointStream_XMC4000.o
                0x000000000800361c                Endpoint_Read_Stream_BE
 .text.Endpoint_Write_Control_Stream_LE
                0x00000000080036cc       0x48 lib_build/EndpointStream_XMC4000.o
                0x00000000080036cc                Endpoint_Write_Control_Stream_LE
 .text.Endpoint_Write_Control_Stream_BE
                0x0000000008003714       0x48 lib_build/EndpointStream_XMC4000.o
                0x0000000008003714                Endpoint_Write_Control_Stream_BE
 .text.Endpoint_Read_Control_Stream_LE
                0x000000000800375c       0x3c lib_build/EndpointStream_XMC4000.o
                0x000000000800375c                Endpoint_Read_Control_Stream_LE
 .text.Endpoint_Read_Control_Stream_BE
                0x0000000008003798       0x3c lib_build/EndpointStream_XMC4000.o
                0x0000000008003798                Endpoint_Read_Control_Stream_BE
 .text.Endpoint_Null_Stream
                0x00000000080037d4       0x8c lib_build/EndpointStream_XMC4000.o
                0x00000000080037d4                Endpoint_Null_Stream
 .text          0x0000000008003860        0x0 lib_build/memcpy.o
 .text.thumb2_memcpy
                0x0000000008003860       0x3c lib_build/memcpy.o
                0x0000000008003860                thumb2_memcpy
 .text          0x000000000800389c        0x0 lib_build/xmc_gpio.o
 .text.XMC_GPIO_SetMode
                0x000000000800389c       0x28 lib_build/xmc_gpio.o
                0x000000000800389c                XMC_GPIO_SetMode
 .text.XMC_GPIO_SetHardwareControl
                0x00000000080038c4       0x1c lib_build/xmc_gpio.o
                0x00000000080038c4                XMC_GPIO_SetHardwareControl
 .text          0x00000000080038e0        0x0 lib_build/xmc4_gpio.o
 .text.XMC_GPIO_Init
                0x00000000080038e0       0x90 lib_build/xmc4_gpio.o
                0x00000000080038e0                XMC_GPIO_Init
 .text.XMC_GPIO_SetOutputStrength
                0x0000000008003970       0x28 lib_build/xmc4_gpio.o
                0x0000000008003970                XMC_GPIO_SetOutputStrength
 .text          0x0000000008003998        0x0 lib_build/startup_XMC4500.o
 .text          0x0000000008003998        0x0 lib_build/system_XMC4500.o
 .text.SystemCoreSetup
                0x0000000008003998       0x40 lib_build/system_XMC4500.o
                0x0000000008003998                SystemCoreSetup
 .text.OSCHP_GetFrequency
                0x00000000080039d8        0x8 lib_build/system_XMC4500.o
                0x00000000080039d8                OSCHP_GetFrequency
 .text.SystemCoreClockUpdate
                0x00000000080039e0       0x84 lib_build/system_XMC4500.o
                0x00000000080039e0                SystemCoreClockUpdate
 .text.SystemCoreClockSetup
                0x0000000008003a64      0x1dc lib_build/system_XMC4500.o
                0x0000000008003a64                SystemCoreClockSetup
 .text.SystemInit
                0x0000000008003c40       0x1c lib_build/system_XMC4500.o
                0x0000000008003c40                SystemInit
 .text          0x0000000008003c5c        0x0 lib_build/syscalls.o
 .text._sbrk    0x0000000008003c5c       0x3c lib_build/syscalls.o
                0x0000000008003c5c                _sbrk
 .text._init    0x0000000008003c98        0x4 lib_build/syscalls.o
                0x0000000008003c98                _init
 .text          0x0000000008003c9c        0x0 /opt/gcc-arm-none-eabi/gcc-arm-none-eabi-10.3-2021.10/bin/../lib/gcc/arm-none-eabi/10.3.1/../../../../arm-none-eabi/lib/thumb/v7e-m/nofp/libg.a(lib_a-errno.o)
 .text.__errno  0x0000000008003c9c        0xc /opt/gcc-arm-none-eabi/gcc-arm-none-eabi-10.3-2021.10/bin/../lib/gcc/arm-none-eabi/10.3.1/../../../../arm-none-eabi/lib/thumb/v7e-m/nofp/libg.a(lib_a-errno.o)
                0x0000000008003c9c                __errno
 .text          0x0000000008003ca8        0x0 /opt/gcc-arm-none-eabi/gcc-arm-none-eabi-10.3-2021.10/bin/../lib/gcc/arm-none-eabi/10.3.1/../../../../arm-none-eabi/lib/thumb/v7e-m/nofp/libg.a(lib_a-impure.o)
 .text          0x0000000008003ca8        0x0 /opt/gcc-arm-none-eabi/gcc-arm-none-eabi-10.3-2021.10/bin/../lib/gcc/arm-none-eabi/10.3.1/../../../../arm-none-eabi/lib/thumb/v7e-m/nofp/libg.a(lib_a-init.o)
 .text.__libc_init_array
                0x0000000008003ca8       0x48 /opt/gcc-arm-none-eabi/gcc-arm-none-eabi-10.3-2021.10/bin/../lib/gcc/arm-none-eabi/10.3.1/../../../../arm-none-eabi/lib/thumb/v7e-m/nofp/libg.a(lib_a-init.o)
                0x0000000008003ca8                __libc_init_array
 .text          0x0000000008003cf0      0x134 /opt/gcc-arm-none-eabi/gcc-arm-none-eabi-10.3-2021.10/bin/../lib/gcc/arm-none-eabi/10.3.1/../../../../arm-none-eabi/lib/thumb/v7e-m/nofp/libg.a(lib_a-memcpy.o)
                0x0000000008003cf0                memcpy
 .text          0x0000000008003e24        0x0 /opt/gcc-arm-none-eabi/gcc-arm-none-eabi-10.3-2021.10/bin/../lib/gcc/arm-none-eabi/10.3.1/../../../../arm-none-eabi/lib/thumb/v7e-m/nofp/libg.a(lib_a-memset.o)
 .text.memset   0x0000000008003e24       0xa4 /opt/gcc-arm-none-eabi/gcc-arm-none-eabi-10.3-2021.10/bin/../lib/gcc/arm-none-eabi/10.3.1/../../../../arm-none-eabi/lib/thumb/v7e-m/nofp/libg.a(lib_a-memset.o)
                0x0000000008003e24                memset
 *fill*         0x0000000008003ec8       0x38 
 .text          0x0000000008003f00       0xdc /opt/gcc-arm-none-eabi/gcc-arm-none-eabi-10.3-2021.10/bin/../lib/gcc/arm-none-eabi/10.3.1/../../../../arm-none-eabi/lib/thumb/v7e-m/nofp/libg.a(lib_a-strlen.o)
                0x0000000008003f00                strlen
 *(.init)
 *(.fini)
 *crtbegin.o(.ctors)
 *crtbegin?.o(.ctors)
 *(EXCLUDE_FILE(*crtend.o *crtend?.o) .ctors)
 *(SORT_BY_NAME(.ctors.*))
 *(.ctors)
 *crtbegin.o(.dtors)
 *crtbegin?.o(.dtors)
 *(EXCLUDE_FILE(*crtend.o *crtend?.o) .dtors)
 *(SORT_BY_NAME(.dtors.*))
 *(.dtors)
 *(.rodata .rodata.*)
 .rodata        0x0000000008003fdc       0xee build/Descriptors.o
                0x0000000008003fdc                ConfigurationDescriptor
                0x000000000800401c                DeviceDescriptor
                0x0000000008004044                ProductString
                0x0000000008004068                ManufacturerString
                0x00000000080040c4                LanguageString
 *fill*         0x00000000080040ca        0x2 
 .rodata        0x00000000080040cc       0x40 lib_build/xmc_usbd.o
                0x00000000080040cc                Driver_USBD0
 .rodata        0x000000000800410c        0x8 lib_build/CDCClassDevice.o
 .rodata._global_impure_ptr
                0x0000000008004114        0x4 /opt/gcc-arm-none-eabi/gcc-arm-none-eabi-10.3-2021.10/bin/../lib/gcc/arm-none-eabi/10.3.1/../../../../arm-none-eabi/lib/thumb/v7e-m/nofp/libg.a(lib_a-impure.o)
                0x0000000008004114                _global_impure_ptr
 *(.gnu.linkonce.r*)
 *(vtable)
                0x0000000008004118                . = ALIGN (0x4)

.glue_7         0x0000000008004118        0x0 load address 0x000000000c004118
 .glue_7        0x0000000008004118        0x0 linker stubs

.glue_7t        0x0000000008004118        0x0 load address 0x000000000c004118
 .glue_7t       0x0000000008004118        0x0 linker stubs

.vfp11_veneer   0x0000000008004118        0x0 load address 0x000000000c004118
 .vfp11_veneer  0x0000000008004118        0x0 linker stubs

.v4_bx          0x0000000008004118        0x0 load address 0x000000000c004118
 .v4_bx         0x0000000008004118        0x0 linker stubs

.iplt           0x0000000008004118        0x0 load address 0x000000000c004118
 .iplt          0x0000000008004118        0x0 build/main.o

.rel.dyn        0x0000000008004118        0x0 load address 0x000000000c004118
 .rel.iplt      0x0000000008004118        0x0 build/main.o

.eh_frame_hdr
 *(.eh_frame_hdr)

.eh_frame
 *(.eh_frame)

.ARM.extab
 *(.ARM.extab* .gnu.linkonce.armextab.*)
                0x0000000008004118                . = ALIGN (0x4)
                0x0000000008004118                __exidx_start = .

.ARM.exidx
 *(.ARM.exidx* .gnu.linkonce.armexidx.*)
                0x0000000008004118                __exidx_end = .
                0x0000000008004118                . = ALIGN (0x4)

Stack           0x0000000010000000      0x800
                0x0000000010000000                __stack_start = .
                0x0000000010000800                . = (. + stack_size)
 *fill*         0x0000000010000000      0x800 
                0x0000000010000800                __stack_end = .
                0x0000000010000800                __initial_sp = .

.ram_code       0x0000000010000800        0x0 load address 0x000000000c004118
                0x0000000010000800                . = ALIGN (0x4)
                0x0000000010000800                __ram_code_start = .
 *(.ram_code)
                0x0000000010000800                . = ALIGN (0x4)
                0x0000000010000800                __ram_code_end = .
                0x000000000c004118                __ram_code_load = LOADADDR (.ram_code)
                0x0000000000000000                __ram_code_size = (__ram_code_end - __ram_code_start)

PSRAM_DATA      0x0000000010000800        0x0 load address 0x000000000c004118
                0x0000000010000800                . = ALIGN (0x4)
                0x0000000010000800                __data3_start = .
 *(PSRAM_DATA)
                0x0000000010000800                . = ALIGN (0x4)
                0x0000000010000800                __data3_end = .
                0x000000000c004118                __data3_load = LOADADDR (PSRAM_DATA)
                0x0000000000000000                __data3_size = (__data3_end - __data3_start)

PSRAM_BSS       0x0000000010000800        0x0 load address 0x000000000c004118
                0x0000000010000800                . = ALIGN (0x4)
                0x0000000010000800                __bss3_start = .
 *(PSRAM_BSS)
                0x0000000010000800                . = ALIGN (0x4)
                0x0000000010000800                __bss3_end = .
                0x0000000010000800                . = ALIGN (0x8)
                0x0000000010000800                Heap_Bank3_Start = .
                0x0000000000000000                __bss3_size = (__bss3_end - __bss3_start)

.data           0x0000000020000000      0x460 load address 0x000000000c004118
                0x0000000020000000                . = ALIGN (0x4)
                0x0000000020000000                __data_start = .
 *(.data)
 .data          0x0000000020000000        0x0 build/main.o
 .data          0x0000000020000000       0x30 build/VirtualSerial.o
                0x0000000020000000                USB_runtime
                0x0000000020000010                VirtualSerial_CDC_Interface
 .data          0x0000000020000030        0x0 build/Descriptors.o
 .data          0x0000000020000030        0x0 lib_build/USBController_XMC4000.o
 .data          0x0000000020000030        0x0 lib_build/xmc_usbd.o
 .data          0x0000000020000030        0x0 lib_build/CDCClassDevice.o
 .data          0x0000000020000030        0x0 lib_build/USBTask.o
 .data          0x0000000020000030        0x0 lib_build/Endpoint_XMC4000.o
 .data          0x0000000020000030        0x0 lib_build/xmc4_scu.o
 .data          0x0000000020000030        0x0 lib_build/EndpointStream_XMC4000.o
 .data          0x0000000020000030        0x0 lib_build/memcpy.o
 .data          0x0000000020000030        0x0 lib_build/xmc_gpio.o
 .data          0x0000000020000030        0x0 lib_build/xmc4_gpio.o
 .data          0x0000000020000030        0x0 lib_build/startup_XMC4500.o
 .data          0x0000000020000030        0x0 lib_build/system_XMC4500.o
 .data          0x0000000020000030        0x0 lib_build/syscalls.o
 .data          0x0000000020000030        0x0 /opt/gcc-arm-none-eabi/gcc-arm-none-eabi-10.3-2021.10/bin/../lib/gcc/arm-none-eabi/10.3.1/../../../../arm-none-eabi/lib/thumb/v7e-m/nofp/libg.a(lib_a-errno.o)
 .data          0x0000000020000030        0x0 /opt/gcc-arm-none-eabi/gcc-arm-none-eabi-10.3-2021.10/bin/../lib/gcc/arm-none-eabi/10.3.1/../../../../arm-none-eabi/lib/thumb/v7e-m/nofp/libg.a(lib_a-impure.o)
 .data          0x0000000020000030        0x0 /opt/gcc-arm-none-eabi/gcc-arm-none-eabi-10.3-2021.10/bin/../lib/gcc/arm-none-eabi/10.3.1/../../../../arm-none-eabi/lib/thumb/v7e-m/nofp/libg.a(lib_a-init.o)
 .data          0x0000000020000030        0x0 /opt/gcc-arm-none-eabi/gcc-arm-none-eabi-10.3-2021.10/bin/../lib/gcc/arm-none-eabi/10.3.1/../../../../arm-none-eabi/lib/thumb/v7e-m/nofp/libg.a(lib_a-memcpy.o)
 .data          0x0000000020000030        0x0 /opt/gcc-arm-none-eabi/gcc-arm-none-eabi-10.3-2021.10/bin/../lib/gcc/arm-none-eabi/10.3.1/../../../../arm-none-eabi/lib/thumb/v7e-m/nofp/libg.a(lib_a-memset.o)
 .data          0x0000000020000030        0x0 /opt/gcc-arm-none-eabi/gcc-arm-none-eabi-10.3-2021.10/bin/../lib/gcc/arm-none-eabi/10.3.1/../../../../arm-none-eabi/lib/thumb/v7e-m/nofp/libg.a(lib_a-strlen.o)
 *(.data*)
 .data._impure_ptr
                0x0000000020000030        0x4 /opt/gcc-arm-none-eabi/gcc-arm-none-eabi-10.3-2021.10/bin/../lib/gcc/arm-none-eabi/10.3.1/../../../../arm-none-eabi/lib/thumb/v7e-m/nofp/libg.a(lib_a-impure.o)
                0x0000000020000030                _impure_ptr
 *fill*         0x0000000020000034        0x4 
 .data.impure_data
                0x0000000020000038      0x428 /opt/gcc-arm-none-eabi/gcc-arm-none-eabi-10.3-2021.10/bin/../lib/gcc/arm-none-eabi/10.3.1/../../../../arm-none-eabi/lib/thumb/v7e-m/nofp/libg.a(lib_a-impure.o)
 *(*.data)
 *(.gnu.linkonce.d*)
                0x0000000020000460                . = ALIGN (0x4)
                0x0000000020000460                PROVIDE (__preinit_array_start = .)
 *(.preinit_array)
                0x0000000020000460                PROVIDE (__preinit_array_end = .)
                0x0000000020000460                . = ALIGN (0x4)
                0x0000000020000460                PROVIDE (__init_array_start = .)
 *(SORT_BY_NAME(.init_array.*))
 *(.init_array)
                0x0000000020000460                PROVIDE (__init_array_end = .)
                0x0000000020000460                . = ALIGN (0x4)
                [!provide]                        PROVIDE (__fini_array_start = .)
 *(SORT_BY_NAME(.fini_array.*))
 *(.fini_array)
                [!provide]                        PROVIDE (__fini_array_end = .)
                0x0000000020000460                . = ALIGN (0x4)
                0x0000000020000460                __data_end = .
                0x000000000c004118                __data_load = LOADADDR (.data)
                0x0000000000000460                __data_size = (__data_end - __data_start)

.igot.plt       0x0000000020000460        0x0 load address 0x000000000c004578
 .igot.plt      0x0000000020000460        0x0 build/main.o

.bss            0x0000000020000460      0x6e8 load address 0x000000000c004578
                0x0000000020000460                . = ALIGN (0x4)
                0x0000000020000460                __bss_start = .
 *(.bss)
 .bss           0x0000000020000460        0x4 build/main.o
                0x0000000020000460                ticks
 .bss           0x0000000020000464       0xc0 build/VirtualSerial.o
                0x0000000020000464                ep2_buf
                0x00000000200004a4                ep3_buf
                0x00000000200004e4                ep4_buf
 .bss           0x0000000020000524        0x0 build/Descriptors.o
 .bss           0x0000000020000524      0x340 lib_build/USBController_XMC4000.o
                0x0000000020000524                device
                0x0000000020000664                endpoint0_in_buffer
                0x0000000020000764                endpoint0_out_buffer
 .bss           0x0000000020000864      0x244 lib_build/xmc_usbd.o
                0x0000000020000864                xmc_device
                0x0000000020000a6c                usbd_init
                0x0000000020000a70                XMC_USBD_EP_IN_BUFFERSIZE
                0x0000000020000a8c                XMC_USBD_EP_OUT_BUFFERSIZE
 .bss           0x0000000020000aa8        0x0 lib_build/CDCClassDevice.o
 .bss           0x0000000020000aa8        0xd lib_build/USBTask.o
                0x0000000020000aa8                USB_DeviceState
                0x0000000020000aac                USB_ControlRequest
                0x0000000020000ab4                USB_IsInitialized
 .bss           0x0000000020000ab5        0x0 lib_build/Endpoint_XMC4000.o
 *fill*         0x0000000020000ab5        0x3 
 .bss           0x0000000020000ab8       0x80 lib_build/xmc4_scu.o
                0x0000000020000ab8                event_handler_list
 .bss           0x0000000020000b38        0x1 lib_build/EndpointStream_XMC4000.o
                0x0000000020000b38                zlp_flag
 .bss           0x0000000020000b39        0x0 lib_build/memcpy.o
 .bss           0x0000000020000b39        0x0 lib_build/xmc_gpio.o
 .bss           0x0000000020000b39        0x0 lib_build/xmc4_gpio.o
 .bss           0x0000000020000b39        0x0 lib_build/startup_XMC4500.o
 .bss           0x0000000020000b39        0x0 lib_build/system_XMC4500.o
 *fill*         0x0000000020000b39        0x3 
 .bss           0x0000000020000b3c        0x8 lib_build/syscalls.o
                0x0000000020000b40                __dso_handle
 .bss           0x0000000020000b44        0x0 /opt/gcc-arm-none-eabi/gcc-arm-none-eabi-10.3-2021.10/bin/../lib/gcc/arm-none-eabi/10.3.1/../../../../arm-none-eabi/lib/thumb/v7e-m/nofp/libg.a(lib_a-errno.o)
 .bss           0x0000000020000b44        0x0 /opt/gcc-arm-none-eabi/gcc-arm-none-eabi-10.3-2021.10/bin/../lib/gcc/arm-none-eabi/10.3.1/../../../../arm-none-eabi/lib/thumb/v7e-m/nofp/libg.a(lib_a-impure.o)
 .bss           0x0000000020000b44        0x0 /opt/gcc-arm-none-eabi/gcc-arm-none-eabi-10.3-2021.10/bin/../lib/gcc/arm-none-eabi/10.3.1/../../../../arm-none-eabi/lib/thumb/v7e-m/nofp/libg.a(lib_a-init.o)
 .bss           0x0000000020000b44        0x0 /opt/gcc-arm-none-eabi/gcc-arm-none-eabi-10.3-2021.10/bin/../lib/gcc/arm-none-eabi/10.3.1/../../../../arm-none-eabi/lib/thumb/v7e-m/nofp/libg.a(lib_a-memcpy.o)
 .bss           0x0000000020000b44        0x0 /opt/gcc-arm-none-eabi/gcc-arm-none-eabi-10.3-2021.10/bin/../lib/gcc/arm-none-eabi/10.3.1/../../../../arm-none-eabi/lib/thumb/v7e-m/nofp/libg.a(lib_a-memset.o)
 .bss           0x0000000020000b44        0x0 /opt/gcc-arm-none-eabi/gcc-arm-none-eabi-10.3-2021.10/bin/../lib/gcc/arm-none-eabi/10.3.1/../../../../arm-none-eabi/lib/thumb/v7e-m/nofp/libg.a(lib_a-strlen.o)
 *(.bss*)
 *(COMMON)
 *(.gnu.linkonce.b*)
                0x0000000020000b44                . = ALIGN (0x4)
                0x0000000020000b44                __bss_end = .
                0x0000000020000b48                . = ALIGN (0x8)
 *fill*         0x0000000020000b44        0x4 
                0x0000000020000b48                Heap_Bank1_Start = .
                0x00000000000006e4                __bss_size = (__bss_end - __bss_start)

.no_init        0x000000002000ffc0       0x14
                0x000000002000ffc0                Heap_Bank1_End = .
 *(.no_init)
 .no_init       0x000000002000ffc0       0x14 lib_build/system_XMC4500.o
                0x000000002000ffc0                SystemCoreClock
                0x000000002000ffc4                g_chipid

DSRAM2_DATA     0x0000000030000000        0x0 load address 0x000000000c004578
                0x0000000030000000                . = ALIGN (0x4)
                0x0000000030000000                __data2_start = .
 *(DSRAM2_DATA)
                0x0000000030000000                . = ALIGN (0x4)
                0x0000000030000000                __data2_end = .
                0x000000000c004578                __data2_load = LOADADDR (DSRAM2_DATA)
                0x0000000000000000                __data2_size = (__data2_end - __data2_start)
                0x0000000000004578                __text_size = (((((__exidx_end - sText) + __data_size) + __ram_code_size) + __data2_size) + __data3_size)
                0x0000000008004578                eText = (sText + __text_size)

DSRAM2_BSS      0x0000000030000000      0xe00 load address 0x000000000c004578
                0x0000000030000000                . = ALIGN (0x4)
                0x0000000030000000                __bss2_start = .
 *(ETH_RAM)
 *(USB_RAM)
 USB_RAM        0x0000000030000000      0xe00 lib_build/xmc_usbd.o
 *(DSRAM2_BSS)
                0x0000000030000e00                . = ALIGN (0x4)
                0x0000000030000e00                __bss2_end = .
                0x0000000030000e00                . = ALIGN (0x8)
                0x0000000030000e00                Heap_Bank2_Start = .
                0x0000000000000e00                __bss2_size = (__bss2_end - __bss2_start)
                0x000000000000f478                Heap_Bank1_Size = (Heap_Bank1_End - Heap_Bank1_Start)
                0x0000000000007200                Heap_Bank2_Size = (LENGTH (DSRAM_2_comm) - (Heap_Bank2_Start - ORIGIN (DSRAM_2_comm)))
                0x000000000000f800                Heap_Bank3_Size = (LENGTH (PSRAM_1) - (Heap_Bank3_Start - ORIGIN (PSRAM_1)))
                0x0000000000000001                ASSERT ((Heap_Bank1_Start <= Heap_Bank1_End), region SRAM_combined overflowed no_init section)

/DISCARD/
 *(.comment)

.stab
 *(.stab)

.stabstr
 *(.stabstr)

.debug
 *(.debug)

.line
 *(.line)

.debug_srcinfo
 *(.debug_srcinfo)

.debug_sfnames
 *(.debug_sfnames)

.debug_aranges  0x0000000000000000      0x7c0
 *(.debug_aranges)
 .debug_aranges
                0x0000000000000000       0x30 build/main.o
 .debug_aranges
                0x0000000000000030       0x48 build/VirtualSerial.o
 .debug_aranges
                0x0000000000000078       0x20 build/Descriptors.o
 .debug_aranges
                0x0000000000000098       0x68 lib_build/USBController_XMC4000.o
 .debug_aranges
                0x0000000000000100       0xf8 lib_build/xmc_usbd.o
 .debug_aranges
                0x00000000000001f8       0x78 lib_build/CDCClassDevice.o
 .debug_aranges
                0x0000000000000270       0x20 lib_build/USBTask.o
 .debug_aranges
                0x0000000000000290       0x60 lib_build/Endpoint_XMC4000.o
 .debug_aranges
                0x00000000000002f0      0x390 lib_build/xmc4_scu.o
 .debug_aranges
                0x0000000000000680       0x68 lib_build/EndpointStream_XMC4000.o
 .debug_aranges
                0x00000000000006e8       0x20 lib_build/memcpy.o
 .debug_aranges
                0x0000000000000708       0x28 lib_build/xmc_gpio.o
 .debug_aranges
                0x0000000000000730       0x28 lib_build/xmc4_gpio.o
 .debug_aranges
                0x0000000000000758       0x40 lib_build/system_XMC4500.o
 .debug_aranges
                0x0000000000000798       0x28 lib_build/syscalls.o

.debug_pubnames
 *(.debug_pubnames)

.debug_pubtypes
 *(.debug_pubtypes)

.debug_info     0x0000000000000000    0x13582
 *(.debug_info .gnu.linkonce.wi.*)
 .debug_info    0x0000000000000000     0x1db1 build/main.o
 .debug_info    0x0000000000001db1     0x1a36 build/VirtualSerial.o
 .debug_info    0x00000000000037e7      0x7b8 build/Descriptors.o
 .debug_info    0x0000000000003f9f     0x16a1 lib_build/USBController_XMC4000.o
 .debug_info    0x0000000000005640     0x4495 lib_build/xmc_usbd.o
 .debug_info    0x0000000000009ad5     0x1b21 lib_build/CDCClassDevice.o
 .debug_info    0x000000000000b5f6     0x10ae lib_build/USBTask.o
 .debug_info    0x000000000000c6a4     0x183c lib_build/Endpoint_XMC4000.o
 .debug_info    0x000000000000dee0     0x2aba lib_build/xmc4_scu.o
 .debug_info    0x000000000001099a     0x176d lib_build/EndpointStream_XMC4000.o
 .debug_info    0x0000000000012107       0xd5 lib_build/memcpy.o
 .debug_info    0x00000000000121dc      0x3ad lib_build/xmc_gpio.o
 .debug_info    0x0000000000012589      0x44a lib_build/xmc4_gpio.o
 .debug_info    0x00000000000129d3      0xa6a lib_build/system_XMC4500.o
 .debug_info    0x000000000001343d      0x145 lib_build/syscalls.o

.debug_abbrev   0x0000000000000000     0x2d71
 *(.debug_abbrev)
 .debug_abbrev  0x0000000000000000      0x2bb build/main.o
 .debug_abbrev  0x00000000000002bb      0x405 build/VirtualSerial.o
 .debug_abbrev  0x00000000000006c0      0x13a build/Descriptors.o
 .debug_abbrev  0x00000000000007fa      0x4b4 lib_build/USBController_XMC4000.o
 .debug_abbrev  0x0000000000000cae      0x5fd lib_build/xmc_usbd.o
 .debug_abbrev  0x00000000000012ab      0x4f6 lib_build/CDCClassDevice.o
 .debug_abbrev  0x00000000000017a1      0x2c7 lib_build/USBTask.o
 .debug_abbrev  0x0000000000001a68      0x449 lib_build/Endpoint_XMC4000.o
 .debug_abbrev  0x0000000000001eb1      0x4ac lib_build/xmc4_scu.o
 .debug_abbrev  0x000000000000235d      0x3e6 lib_build/EndpointStream_XMC4000.o
 .debug_abbrev  0x0000000000002743       0x80 lib_build/memcpy.o
 .debug_abbrev  0x00000000000027c3      0x147 lib_build/xmc_gpio.o
 .debug_abbrev  0x000000000000290a      0x152 lib_build/xmc4_gpio.o
 .debug_abbrev  0x0000000000002a5c      0x211 lib_build/system_XMC4500.o
 .debug_abbrev  0x0000000000002c6d      0x104 lib_build/syscalls.o

.debug_line     0x0000000000000000     0xe512
 *(.debug_line)
 .debug_line    0x0000000000000000     0x11b8 build/main.o
 .debug_line    0x00000000000011b8     0x10c8 build/VirtualSerial.o
 .debug_line    0x0000000000002280      0xf8c build/Descriptors.o
 .debug_line    0x000000000000320c     0x12a1 lib_build/USBController_XMC4000.o
 .debug_line    0x00000000000044ad     0x1ed7 lib_build/xmc_usbd.o
 .debug_line    0x0000000000006384     0x19a8 lib_build/CDCClassDevice.o
 .debug_line    0x0000000000007d2c      0xa7b lib_build/USBTask.o
 .debug_line    0x00000000000087a7     0x118f lib_build/Endpoint_XMC4000.o
 .debug_line    0x0000000000009936     0x210d lib_build/xmc4_scu.o
 .debug_line    0x000000000000ba43     0x115d lib_build/EndpointStream_XMC4000.o
 .debug_line    0x000000000000cba0      0x348 lib_build/memcpy.o
 .debug_line    0x000000000000cee8      0x4aa lib_build/xmc_gpio.o
 .debug_line    0x000000000000d392      0x513 lib_build/xmc4_gpio.o
 .debug_line    0x000000000000d8a5      0x8ad lib_build/system_XMC4500.o
 .debug_line    0x000000000000e152      0x3c0 lib_build/syscalls.o

.debug_frame    0x0000000000000000     0x1334
 *(.debug_frame)
 .debug_frame   0x0000000000000000       0x48 build/main.o
 .debug_frame   0x0000000000000048       0xcc build/VirtualSerial.o
 .debug_frame   0x0000000000000114       0x20 build/Descriptors.o
 .debug_frame   0x0000000000000134      0x1bc lib_build/USBController_XMC4000.o
 .debug_frame   0x00000000000002f0      0x2c8 lib_build/xmc_usbd.o
 .debug_frame   0x00000000000005b8      0x194 lib_build/CDCClassDevice.o
 .debug_frame   0x000000000000074c       0x2c lib_build/USBTask.o
 .debug_frame   0x0000000000000778      0x110 lib_build/Endpoint_XMC4000.o
 .debug_frame   0x0000000000000888      0x798 lib_build/xmc4_scu.o
 .debug_frame   0x0000000000001020      0x154 lib_build/EndpointStream_XMC4000.o
 .debug_frame   0x0000000000001174       0x20 lib_build/memcpy.o
 .debug_frame   0x0000000000001194       0x30 lib_build/xmc_gpio.o
 .debug_frame   0x00000000000011c4       0x3c lib_build/xmc4_gpio.o
 .debug_frame   0x0000000000001200       0x84 lib_build/system_XMC4500.o
 .debug_frame   0x0000000000001284       0x38 lib_build/syscalls.o
 .debug_frame   0x00000000000012bc       0x20 /opt/gcc-arm-none-eabi/gcc-arm-none-eabi-10.3-2021.10/bin/../lib/gcc/arm-none-eabi/10.3.1/../../../../arm-none-eabi/lib/thumb/v7e-m/nofp/libg.a(lib_a-errno.o)
 .debug_frame   0x00000000000012dc       0x2c /opt/gcc-arm-none-eabi/gcc-arm-none-eabi-10.3-2021.10/bin/../lib/gcc/arm-none-eabi/10.3.1/../../../../arm-none-eabi/lib/thumb/v7e-m/nofp/libg.a(lib_a-init.o)
 .debug_frame   0x0000000000001308       0x2c /opt/gcc-arm-none-eabi/gcc-arm-none-eabi-10.3-2021.10/bin/../lib/gcc/arm-none-eabi/10.3.1/../../../../arm-none-eabi/lib/thumb/v7e-m/nofp/libg.a(lib_a-memset.o)

.debug_str      0x0000000000000000    0x82fe3
 *(.debug_str)
 .debug_str     0x0000000000000000    0x73b17 build/main.o
                                      0x73db1 (size before relaxing)
 .debug_str     0x0000000000073b17     0x8ff5 build/VirtualSerial.o
                                      0x78dc6 (size before relaxing)
 .debug_str     0x000000000007cb0c      0x905 build/Descriptors.o
                                      0x78122 (size before relaxing)
 .debug_str     0x000000000007d411      0x40c lib_build/USBController_XMC4000.o
                                      0x73058 (size before relaxing)
 .debug_str     0x000000000007d81d     0x1a47 lib_build/xmc_usbd.o
                                      0x72e94 (size before relaxing)
 .debug_str     0x000000000007f264      0x5fd lib_build/CDCClassDevice.o
                                      0x78ab6 (size before relaxing)
 .debug_str     0x000000000007f861       0xc9 lib_build/USBTask.o
                                      0x72d22 (size before relaxing)
 .debug_str     0x000000000007f92a      0x14c lib_build/Endpoint_XMC4000.o
                                      0x73548 (size before relaxing)
 .debug_str     0x000000000007fa76     0x210f lib_build/xmc4_scu.o
                                      0x71f97 (size before relaxing)
 .debug_str     0x0000000000081b85      0x239 lib_build/EndpointStream_XMC4000.o
                                      0x72edb (size before relaxing)
 .debug_str     0x0000000000081dbe       0x68 lib_build/memcpy.o
                                       0x6e12 (size before relaxing)
 .debug_str     0x0000000000081e26       0xd3 lib_build/xmc_gpio.o
                                      0x7355c (size before relaxing)
 .debug_str     0x0000000000081ef9       0x90 lib_build/xmc4_gpio.o
                                      0x736e1 (size before relaxing)
 .debug_str     0x0000000000081f89      0xb4a lib_build/system_XMC4500.o
                                      0x6fde6 (size before relaxing)
 .debug_str     0x0000000000082ad3      0x510 lib_build/syscalls.o
                                       0x75b9 (size before relaxing)

.debug_loc      0x0000000000000000     0x69b3
 *(.debug_loc)
 .debug_loc     0x0000000000000000     0x10b2 build/main.o
 .debug_loc     0x00000000000010b2      0x173 build/VirtualSerial.o
 .debug_loc     0x0000000000001225      0x227 build/Descriptors.o
 .debug_loc     0x000000000000144c      0x73b lib_build/USBController_XMC4000.o
 .debug_loc     0x0000000000001b87     0x1a52 lib_build/xmc_usbd.o
 .debug_loc     0x00000000000035d9      0x7a5 lib_build/CDCClassDevice.o
 .debug_loc     0x0000000000003d7e       0x7a lib_build/USBTask.o
 .debug_loc     0x0000000000003df8      0x461 lib_build/Endpoint_XMC4000.o
 .debug_loc     0x0000000000004259     0x168f lib_build/xmc4_scu.o
 .debug_loc     0x00000000000058e8      0xc4c lib_build/EndpointStream_XMC4000.o
 .debug_loc     0x0000000000006534       0xb9 lib_build/xmc_gpio.o
 .debug_loc     0x00000000000065ed      0x138 lib_build/xmc4_gpio.o
 .debug_loc     0x0000000000006725      0x1e1 lib_build/system_XMC4500.o
 .debug_loc     0x0000000000006906       0xad lib_build/syscalls.o

.debug_macinfo
 *(.debug_macinfo)

.debug_ranges   0x0000000000000000     0x1120
 *(.debug_ranges)
 .debug_ranges  0x0000000000000000       0x88 build/main.o
 .debug_ranges  0x0000000000000088       0xb8 build/VirtualSerial.o
 .debug_ranges  0x0000000000000140       0x10 build/Descriptors.o
 .debug_ranges  0x0000000000000150       0x88 lib_build/USBController_XMC4000.o
 .debug_ranges  0x00000000000001d8      0x2d0 lib_build/xmc_usbd.o
 .debug_ranges  0x00000000000004a8      0x2e0 lib_build/CDCClassDevice.o
 .debug_ranges  0x0000000000000788       0xa0 lib_build/USBTask.o
 .debug_ranges  0x0000000000000828      0x130 lib_build/Endpoint_XMC4000.o
 .debug_ranges  0x0000000000000958      0x628 lib_build/xmc4_scu.o
 .debug_ranges  0x0000000000000f80       0xb8 lib_build/EndpointStream_XMC4000.o
 .debug_ranges  0x0000000000001038       0x10 lib_build/memcpy.o
 .debug_ranges  0x0000000000001048       0x18 lib_build/xmc_gpio.o
 .debug_ranges  0x0000000000001060       0x18 lib_build/xmc4_gpio.o
 .debug_ranges  0x0000000000001078       0x90 lib_build/system_XMC4500.o
 .debug_ranges  0x0000000000001108       0x18 lib_build/syscalls.o

.debug_weaknames
 *(.debug_weaknames)

.debug_funcnames
 *(.debug_funcnames)

.debug_typenames
 *(.debug_typenames)

.debug_varnames
 *(.debug_varnames)

.build_attributes
                0x0000000000000000      0x3fe
 *(.ARM.attributes)
 .ARM.attributes
                0x0000000000000000       0x32 build/main.o
 .ARM.attributes
                0x0000000000000032       0x32 build/VirtualSerial.o
 .ARM.attributes
                0x0000000000000064       0x32 build/Descriptors.o
 .ARM.attributes
                0x0000000000000096       0x32 lib_build/USBController_XMC4000.o
 .ARM.attributes
                0x00000000000000c8       0x32 lib_build/xmc_usbd.o
 .ARM.attributes
                0x00000000000000fa       0x32 lib_build/CDCClassDevice.o
 .ARM.attributes
                0x000000000000012c       0x32 lib_build/USBTask.o
 .ARM.attributes
                0x000000000000015e       0x32 lib_build/Endpoint_XMC4000.o
 .ARM.attributes
                0x0000000000000190       0x32 lib_build/xmc4_scu.o
 .ARM.attributes
                0x00000000000001c2       0x32 lib_build/EndpointStream_XMC4000.o
 .ARM.attributes
                0x00000000000001f4       0x32 lib_build/memcpy.o
 .ARM.attributes
                0x0000000000000226       0x32 lib_build/xmc_gpio.o
 .ARM.attributes
                0x0000000000000258       0x32 lib_build/xmc4_gpio.o
 .ARM.attributes
                0x000000000000028a       0x20 lib_build/startup_XMC4500.o
 .ARM.attributes
                0x00000000000002aa       0x32 lib_build/system_XMC4500.o
 .ARM.attributes
                0x00000000000002dc       0x32 lib_build/syscalls.o
 .ARM.attributes
                0x000000000000030e       0x2e /opt/gcc-arm-none-eabi/gcc-arm-none-eabi-10.3-2021.10/bin/../lib/gcc/arm-none-eabi/10.3.1/../../../../arm-none-eabi/lib/thumb/v7e-m/nofp/libg.a(lib_a-errno.o)
 .ARM.attributes
                0x000000000000033c       0x2e /opt/gcc-arm-none-eabi/gcc-arm-none-eabi-10.3-2021.10/bin/../lib/gcc/arm-none-eabi/10.3.1/../../../../arm-none-eabi/lib/thumb/v7e-m/nofp/libg.a(lib_a-impure.o)
 .ARM.attributes
                0x000000000000036a       0x2e /opt/gcc-arm-none-eabi/gcc-arm-none-eabi-10.3-2021.10/bin/../lib/gcc/arm-none-eabi/10.3.1/../../../../arm-none-eabi/lib/thumb/v7e-m/nofp/libg.a(lib_a-init.o)
 .ARM.attributes
                0x0000000000000398       0x1c /opt/gcc-arm-none-eabi/gcc-arm-none-eabi-10.3-2021.10/bin/../lib/gcc/arm-none-eabi/10.3.1/../../../../arm-none-eabi/lib/thumb/v7e-m/nofp/libg.a(lib_a-memcpy.o)
 .ARM.attributes
                0x00000000000003b4       0x2e /opt/gcc-arm-none-eabi/gcc-arm-none-eabi-10.3-2021.10/bin/../lib/gcc/arm-none-eabi/10.3.1/../../../../arm-none-eabi/lib/thumb/v7e-m/nofp/libg.a(lib_a-memset.o)
 .ARM.attributes
                0x00000000000003e2       0x1c /opt/gcc-arm-none-eabi/gcc-arm-none-eabi-10.3-2021.10/bin/../lib/gcc/arm-none-eabi/10.3.1/../../../../arm-none-eabi/lib/thumb/v7e-m/nofp/libg.a(lib_a-strlen.o)
OUTPUT(build/main.elf elf32-littlearm)
LOAD linker stubs

.debug_macro    0x0000000000000000    0x1c431
 .debug_macro   0x0000000000000000      0x1da build/main.o
 .debug_macro   0x00000000000001da      0xa6c build/main.o
 .debug_macro   0x0000000000000c46      0x16d build/main.o
 .debug_macro   0x0000000000000db3       0x22 build/main.o
 .debug_macro   0x0000000000000dd5       0x8e build/main.o
 .debug_macro   0x0000000000000e63       0x51 build/main.o
 .debug_macro   0x0000000000000eb4      0x103 build/main.o
 .debug_macro   0x0000000000000fb7       0x6a build/main.o
 .debug_macro   0x0000000000001021      0x1df build/main.o
 .debug_macro   0x0000000000001200       0x22 build/main.o
 .debug_macro   0x0000000000001222       0x64 build/main.o
 .debug_macro   0x0000000000001286       0x1e build/main.o
 .debug_macro   0x00000000000012a4       0x35 build/main.o
 .debug_macro   0x00000000000012d9       0x34 build/main.o
 .debug_macro   0x000000000000130d       0x16 build/main.o
 .debug_macro   0x0000000000001323       0x43 build/main.o
 .debug_macro   0x0000000000001366       0x34 build/main.o
 .debug_macro   0x000000000000139a       0x10 build/main.o
 .debug_macro   0x00000000000013aa       0x58 build/main.o
 .debug_macro   0x0000000000001402      0x182 build/main.o
 .debug_macro   0x0000000000001584      0x35d build/main.o
 .debug_macro   0x00000000000018e1       0x10 build/main.o
 .debug_macro   0x00000000000018f1       0x35 build/main.o
 .debug_macro   0x0000000000001926      0x167 build/main.o
 .debug_macro   0x0000000000001a8d       0x2d build/main.o
 .debug_macro   0x0000000000001aba       0x28 build/main.o
 .debug_macro   0x0000000000001ae2       0xaf build/main.o
 .debug_macro   0x0000000000001b91      0xfe7 build/main.o
 .debug_macro   0x0000000000002b78       0x16 build/main.o
 .debug_macro   0x0000000000002b8e    0x1474b build/main.o
 .debug_macro   0x00000000000172d9       0x12 build/main.o
 .debug_macro   0x00000000000172eb       0x4c build/main.o
 .debug_macro   0x0000000000017337       0x22 build/main.o
 .debug_macro   0x0000000000017359      0x861 build/main.o
 .debug_macro   0x0000000000017bba       0xa5 build/main.o
 .debug_macro   0x0000000000017c5f      0x4ef build/VirtualSerial.o
 .debug_macro   0x000000000001814e       0x12 build/VirtualSerial.o
 .debug_macro   0x0000000000018160       0x10 build/VirtualSerial.o
 .debug_macro   0x0000000000018170      0x1a7 build/VirtualSerial.o
 .debug_macro   0x0000000000018317       0x22 build/VirtualSerial.o
 .debug_macro   0x0000000000018339       0x6f build/VirtualSerial.o
 .debug_macro   0x00000000000183a8       0x86 build/VirtualSerial.o
 .debug_macro   0x000000000001842e       0x40 build/VirtualSerial.o
 .debug_macro   0x000000000001846e       0x4d build/VirtualSerial.o
 .debug_macro   0x00000000000184bb       0x16 build/VirtualSerial.o
 .debug_macro   0x00000000000184d1       0x16 build/VirtualSerial.o
 .debug_macro   0x00000000000184e7       0x29 build/VirtualSerial.o
 .debug_macro   0x0000000000018510      0x2c3 build/VirtualSerial.o
 .debug_macro   0x00000000000187d3       0xa5 build/VirtualSerial.o
 .debug_macro   0x0000000000018878       0xc5 build/VirtualSerial.o
 .debug_macro   0x000000000001893d       0x16 build/VirtualSerial.o
 .debug_macro   0x0000000000018953       0x7a build/VirtualSerial.o
 .debug_macro   0x00000000000189cd       0x16 build/VirtualSerial.o
 .debug_macro   0x00000000000189e3       0x16 build/VirtualSerial.o
 .debug_macro   0x00000000000189f9       0x64 build/VirtualSerial.o
 .debug_macro   0x0000000000018a5d       0x22 build/VirtualSerial.o
 .debug_macro   0x0000000000018a7f       0x16 build/VirtualSerial.o
 .debug_macro   0x0000000000018a95       0x40 build/VirtualSerial.o
 .debug_macro   0x0000000000018ad5       0x1c build/VirtualSerial.o
 .debug_macro   0x0000000000018af1       0x10 build/VirtualSerial.o
 .debug_macro   0x0000000000018b01       0x10 build/VirtualSerial.o
 .debug_macro   0x0000000000018b11       0x1c build/VirtualSerial.o
 .debug_macro   0x0000000000018b2d       0x52 build/VirtualSerial.o
 .debug_macro   0x0000000000018b7f       0x22 build/VirtualSerial.o
 .debug_macro   0x0000000000018ba1       0x10 build/VirtualSerial.o
 .debug_macro   0x0000000000018bb1       0x52 build/VirtualSerial.o
 .debug_macro   0x0000000000018c03       0xd5 build/VirtualSerial.o
 .debug_macro   0x0000000000018cd8       0x1c build/VirtualSerial.o
 .debug_macro   0x0000000000018cf4       0x3d build/VirtualSerial.o
 .debug_macro   0x0000000000018d31       0x16 build/VirtualSerial.o
 .debug_macro   0x0000000000018d47      0x16f build/VirtualSerial.o
 .debug_macro   0x0000000000018eb6       0x16 build/VirtualSerial.o
 .debug_macro   0x0000000000018ecc      0x154 build/VirtualSerial.o
 .debug_macro   0x0000000000019020       0x2a build/VirtualSerial.o
 .debug_macro   0x000000000001904a      0x6ce build/VirtualSerial.o
 .debug_macro   0x0000000000019718       0x16 build/VirtualSerial.o
 .debug_macro   0x000000000001972e      0x132 build/VirtualSerial.o
 .debug_macro   0x0000000000019860       0x34 build/VirtualSerial.o
 .debug_macro   0x0000000000019894      0x4e5 build/Descriptors.o
 .debug_macro   0x0000000000019d79      0x33e lib_build/USBController_XMC4000.o
 .debug_macro   0x000000000001a0b7       0x10 lib_build/USBController_XMC4000.o
 .debug_macro   0x000000000001a0c7       0x47 lib_build/USBController_XMC4000.o
 .debug_macro   0x000000000001a10e       0x80 lib_build/USBController_XMC4000.o
 .debug_macro   0x000000000001a18e      0x1f2 lib_build/xmc_usbd.o
 .debug_macro   0x000000000001a380      0x4f4 lib_build/CDCClassDevice.o
 .debug_macro   0x000000000001a874      0x34a lib_build/USBTask.o
 .debug_macro   0x000000000001abbe      0x377 lib_build/Endpoint_XMC4000.o
 .debug_macro   0x000000000001af35       0x10 lib_build/Endpoint_XMC4000.o
 .debug_macro   0x000000000001af45      0x20d lib_build/xmc4_scu.o
 .debug_macro   0x000000000001b152       0x9f lib_build/xmc4_scu.o
 .debug_macro   0x000000000001b1f1      0x353 lib_build/EndpointStream_XMC4000.o
 .debug_macro   0x000000000001b544      0x190 lib_build/memcpy.o
 .debug_macro   0x000000000001b6d4       0x5e lib_build/memcpy.o
 .debug_macro   0x000000000001b732       0x94 lib_build/memcpy.o
 .debug_macro   0x000000000001b7c6       0x16 lib_build/memcpy.o
 .debug_macro   0x000000000001b7dc       0x57 lib_build/memcpy.o
 .debug_macro   0x000000000001b833       0x97 lib_build/memcpy.o
 .debug_macro   0x000000000001b8ca       0xf6 lib_build/memcpy.o
 .debug_macro   0x000000000001b9c0      0x1b6 lib_build/xmc_gpio.o
 .debug_macro   0x000000000001bb76      0x1c2 lib_build/xmc4_gpio.o
 .debug_macro   0x000000000001bd38      0x301 lib_build/system_XMC4500.o
 .debug_macro   0x000000000001c039       0x22 lib_build/system_XMC4500.o
 .debug_macro   0x000000000001c05b      0x18b lib_build/syscalls.o
 .debug_macro   0x000000000001c1e6       0x10 lib_build/syscalls.o
 .debug_macro   0x000000000001c1f6      0x23b lib_build/syscalls.o
