Archive member included to satisfy reference by file (symbol)

/opt/gcc-arm-none-eabi/gcc-arm-none-eabi-10.3-2021.10/bin/../lib/gcc/arm-none-eabi/10.3.1/../../../../arm-none-eabi/lib/thumb/v7e-m/nofp/libg.a(lib_a-errno.o)
                              lib_build/syscalls.o (__errno)
/opt/gcc-arm-none-eabi/gcc-arm-none-eabi-10.3-2021.10/bin/../lib/gcc/arm-none-eabi/10.3.1/../../../../arm-none-eabi/lib/thumb/v7e-m/nofp/libg.a(lib_a-impure.o)
                              /opt/gcc-arm-none-eabi/gcc-arm-none-eabi-10.3-2021.10/bin/../lib/gcc/arm-none-eabi/10.3.1/../../../../arm-none-eabi/lib/thumb/v7e-m/nofp/libg.a(lib_a-errno.o) (_impure_ptr)
/opt/gcc-arm-none-eabi/gcc-arm-none-eabi-10.3-2021.10/bin/../lib/gcc/arm-none-eabi/10.3.1/../../../../arm-none-eabi/lib/thumb/v7e-m/nofp/libg.a(lib_a-init.o)
                              lib_build/startup_XMC4500.o (__libc_init_array)
/opt/gcc-arm-none-eabi/gcc-arm-none-eabi-10.3-2021.10/bin/../lib/gcc/arm-none-eabi/10.3.1/../../../../arm-none-eabi/lib/thumb/v7e-m/nofp/libg.a(lib_a-memcpy.o)
                              lib_build/xmc_usbd.o (memcpy)
/opt/gcc-arm-none-eabi/gcc-arm-none-eabi-10.3-2021.10/bin/../lib/gcc/arm-none-eabi/10.3.1/../../../../arm-none-eabi/lib/thumb/v7e-m/nofp/libg.a(lib_a-memset.o)
                              lib_build/USBController_XMC4000.o (memset)
/opt/gcc-arm-none-eabi/gcc-arm-none-eabi-10.3-2021.10/bin/../lib/gcc/arm-none-eabi/10.3.1/../../../../arm-none-eabi/lib/thumb/v7e-m/nofp/libg.a(lib_a-strlen.o)
                              lib_build/CDCClassDevice.o (strlen)

Discarded input sections

 .group         0x0000000000000000        0xc build/main.o
 .group         0x0000000000000000        0xc build/main.o
 .group         0x0000000000000000        0xc build/main.o
 .group         0x0000000000000000        0xc build/main.o
 .group         0x0000000000000000        0xc build/main.o
 .group         0x0000000000000000        0xc build/main.o
 .group         0x0000000000000000        0xc build/main.o
 .group         0x0000000000000000        0xc build/main.o
 .group         0x0000000000000000        0xc build/main.o
 .group         0x0000000000000000        0xc build/main.o
 .group         0x0000000000000000        0xc build/main.o
 .group         0x0000000000000000        0xc build/main.o
 .group         0x0000000000000000        0xc build/main.o
 .group         0x0000000000000000        0xc build/main.o
 .group         0x0000000000000000        0xc build/main.o
 .group         0x0000000000000000        0xc build/main.o
 .group         0x0000000000000000        0xc build/main.o
 .group         0x0000000000000000        0xc build/main.o
 .group         0x0000000000000000        0xc build/main.o
 .group         0x0000000000000000        0xc build/main.o
 .group         0x0000000000000000        0xc build/main.o
 .group         0x0000000000000000        0xc build/main.o
 .group         0x0000000000000000        0xc build/main.o
 .group         0x0000000000000000        0xc build/main.o
 .group         0x0000000000000000        0xc build/main.o
 .group         0x0000000000000000        0xc build/main.o
 .group         0x0000000000000000        0xc build/main.o
 .group         0x0000000000000000        0xc build/main.o
 .group         0x0000000000000000        0xc build/main.o
 .group         0x0000000000000000        0xc build/main.o
 .group         0x0000000000000000        0xc build/main.o
 .group         0x0000000000000000        0xc build/main.o
 .group         0x0000000000000000        0xc build/main.o
 .group         0x0000000000000000        0xc build/main.o
 .comment       0x0000000000000000       0x4a build/main.o
 .group         0x0000000000000000        0xc build/VirtualSerial.o
 .group         0x0000000000000000        0xc build/VirtualSerial.o
 .group         0x0000000000000000        0xc build/VirtualSerial.o
 .group         0x0000000000000000        0xc build/VirtualSerial.o
 .group         0x0000000000000000        0xc build/VirtualSerial.o
 .group         0x0000000000000000        0xc build/VirtualSerial.o
 .group         0x0000000000000000        0xc build/VirtualSerial.o
 .group         0x0000000000000000        0xc build/VirtualSerial.o
 .group         0x0000000000000000        0xc build/VirtualSerial.o
 .group         0x0000000000000000        0xc build/VirtualSerial.o
 .group         0x0000000000000000        0xc build/VirtualSerial.o
 .group         0x0000000000000000        0xc build/VirtualSerial.o
 .group         0x0000000000000000        0xc build/VirtualSerial.o
 .group         0x0000000000000000        0xc build/VirtualSerial.o
 .group         0x0000000000000000        0xc build/VirtualSerial.o
 .group         0x0000000000000000        0xc build/VirtualSerial.o
 .group         0x0000000000000000        0xc build/VirtualSerial.o
 .group         0x0000000000000000        0xc build/VirtualSerial.o
 .group         0x0000000000000000        0xc build/VirtualSerial.o
[...]
Memory Configuration

Name             Origin             Length             Attributes
FLASH_1_cached   0x0000000008000000 0x0000000000100000 xr
FLASH_1_uncached 0x000000000c000000 0x0000000000100000 xr
PSRAM_1          0x0000000010000000 0x0000000000010000 !xr
DSRAM_1_system   0x0000000020000000 0x0000000000010000 !xr
DSRAM_2_comm     0x0000000030000000 0x0000000000008000 !xr
*default*        0x0000000000000000 0xffffffffffffffff

Linker script and memory map

LOAD build/main.o
LOAD build/VirtualSerial.o
LOAD build/Descriptors.o
LOAD lib_build/USBController_XMC4000.o
LOAD lib_build/xmc_usbd.o
LOAD lib_build/CDCClassDevice.o
LOAD lib_build/USBTask.o
LOAD lib_build/Endpoint_XMC4000.o
LOAD lib_build/xmc4_scu.o
LOAD lib_build/EndpointStream_XMC4000.o
LOAD lib_build/memcpy.o
LOAD lib_build/xmc_gpio.o
LOAD lib_build/xmc4_gpio.o
LOAD lib_build/startup_XMC4500.o
LOAD lib_build/system_XMC4500.o
LOAD lib_build/syscalls.o
START GROUP
LOAD /opt/gcc-arm-none-eabi/gcc-arm-none-eabi-10.3-2021.10/bin/../lib/gcc/arm-none-eabi/10.3.1/thumb/v7e-m/nofp/libgcc.a
LOAD /opt/gcc-arm-none-eabi/gcc-arm-none-eabi-10.3-2021.10/bin/../lib/gcc/arm-none-eabi/10.3.1/../../../../arm-none-eabi/lib/thumb/v7e-m/nofp/libg.a
LOAD /opt/gcc-arm-none-eabi/gcc-arm-none-eabi-10.3-2021.10/bin/../lib/gcc/arm-none-eabi/10.3.1/../../../../arm-none-eabi/lib/thumb/v7e-m/nofp/libc.a
END GROUP
START GROUP
LOAD /opt/gcc-arm-none-eabi/gcc-arm-none-eabi-10.3-2021.10/bin/../lib/gcc/arm-none-eabi/10.3.1/thumb/v7e-m/nofp/libgcc.a
LOAD /opt/gcc-arm-none-eabi/gcc-arm-none-eabi-10.3-2021.10/bin/../lib/gcc/arm-none-eabi/10.3.1/../../../../arm-none-eabi/lib/thumb/v7e-m/nofp/libc.a
LOAD /opt/gcc-arm-none-eabi/gcc-arm-none-eabi-10.3-2021.10/bin/../lib/gcc/arm-none-eabi/10.3.1/../../../../arm-none-eabi/lib/thumb/v7e-m/nofp/libnosys.a
END GROUP
                0x0000000000000800                stack_size = DEFINED (stack_size)?stack_size:0x800
                0x0000000000000040                no_init_size = 0x40

.text           0x0000000008000000     0x4a70 load address 0x000000000c000000
                0x0000000008000000                sText = .
 *(.reset)
 .reset         0x0000000008000000      0x2b2 lib_build/startup_XMC4500.o
                0x0000000008000000                __Vectors
                0x0000000008000200                Reset_Handler
                0x00000000080002b0                VADC0_C0_3_IRQHandler
                0x00000000080002b0                DSD0_7_IRQHandler
                0x00000000080002b0                DebugMon_Handler
                0x00000000080002b0                VADC0_C0_0_IRQHandler
                0x00000000080002b0                CAN0_4_IRQHandler
                0x00000000080002b0                VADC0_G2_0_IRQHandler
                0x00000000080002b0                USIC0_5_IRQHandler
                0x00000000080002b0                POSIF0_0_IRQHandler
                0x00000000080002b0                POSIF1_0_IRQHandler
                0x00000000080002b0                HardFault_Handler
                0x00000000080002b0                VADC0_G1_1_IRQHandler
                0x00000000080002b0                PendSV_Handler
                0x00000000080002b0                NMI_Handler
                0x00000000080002b0                USIC1_3_IRQHandler
                0x00000000080002b0                CCU40_2_IRQHandler
                0x00000000080002b0                SCU_0_IRQHandler
                0x00000000080002b0                ERU0_0_IRQHandler
                0x00000000080002b0                CCU41_0_IRQHandler
                0x00000000080002b0                USIC1_5_IRQHandler
                0x00000000080002b0                DSD0_4_IRQHandler
                0x00000000080002b0                CCU80_1_IRQHandler
                0x00000000080002b0                CCU81_0_IRQHandler
                0x00000000080002b0                UsageFault_Handler
                0x00000000080002b0                USIC0_0_IRQHandler
                0x00000000080002b0                POSIF1_1_IRQHandler
                0x00000000080002b0                ERU0_2_IRQHandler
                0x00000000080002b0                CCU81_1_IRQHandler
                0x00000000080002b0                ERU1_1_IRQHandler
                0x00000000080002b0                VADC0_G2_3_IRQHandler
                0x00000000080002b0                VADC0_G2_2_IRQHandler
                0x00000000080002b0                CCU42_3_IRQHandler
                0x00000000080002b0                ERU0_3_IRQHandler
                0x00000000080002b0                DSD0_5_IRQHandler
                0x00000000080002b0                CAN0_6_IRQHandler
                0x00000000080002b0                CCU43_0_IRQHandler
                0x00000000080002b0                VADC0_G0_1_IRQHandler
                0x00000000080002b0                CCU81_2_IRQHandler
                0x00000000080002b0                USIC2_4_IRQHandler
                0x00000000080002b0                CCU81_3_IRQHandler
                0x00000000080002b0                CCU42_1_IRQHandler
                0x00000000080002b0                USIC1_1_IRQHandler
                0x00000000080002b0                USIC2_5_IRQHandler
                0x00000000080002b0                CCU40_0_IRQHandler
                0x00000000080002b0                CAN0_0_IRQHandler
                0x00000000080002b0                ERU1_0_IRQHandler
                0x00000000080002b0                CCU42_2_IRQHandler
                0x00000000080002b0                Default_Handler
                0x00000000080002b0                USIC1_4_IRQHandler
                0x00000000080002b0                ERU1_3_IRQHandler
                0x00000000080002b0                USIC1_0_IRQHandler
                0x00000000080002b0                POSIF0_1_IRQHandler
                0x00000000080002b0                VADC0_G0_0_IRQHandler
                0x00000000080002b0                DSD0_2_IRQHandler
                0x00000000080002b0                CCU80_3_IRQHandler
                0x00000000080002b0                CCU41_3_IRQHandler
                0x00000000080002b0                CCU80_2_IRQHandler
                0x00000000080002b0                VADC0_G1_3_IRQHandler
                0x00000000080002b0                VADC0_G0_3_IRQHandler
                0x00000000080002b0                GPDMA0_0_IRQHandler
                0x00000000080002b0                PMU0_0_IRQHandler
                0x00000000080002b0                CAN0_7_IRQHandler
                0x00000000080002b0                DSD0_1_IRQHandler
                0x00000000080002b0                CCU41_2_IRQHandler
                0x00000000080002b0                VADC0_C0_1_IRQHandler
                0x00000000080002b0                CCU43_2_IRQHandler
                0x00000000080002b0                USIC2_2_IRQHandler
                0x00000000080002b0                MemManage_Handler
                0x00000000080002b0                VADC0_G3_1_IRQHandler
                0x00000000080002b0                DAC0_0_IRQHandler
                0x00000000080002b0                SVC_Handler
                0x00000000080002b0                VADC0_G3_3_IRQHandler
                0x00000000080002b0                ERU1_2_IRQHandler
                0x00000000080002b0                CCU41_1_IRQHandler
                0x00000000080002b0                DSD0_6_IRQHandler
                0x00000000080002b0                CCU43_1_IRQHandler
                0x00000000080002b0                VADC0_G1_2_IRQHandler
                0x00000000080002b0                USIC2_3_IRQHandler
                0x00000000080002b0                CAN0_2_IRQHandler
                0x00000000080002b0                USIC2_0_IRQHandler
                0x00000000080002b0                VADC0_G0_2_IRQHandler
                0x00000000080002b0                VADC0_G2_1_IRQHandler
                0x00000000080002b0                CAN0_3_IRQHandler
                0x00000000080002b0                ETH0_0_IRQHandler
                0x00000000080002b0                USIC0_3_IRQHandler
                0x00000000080002b0                DSD0_0_IRQHandler
                0x00000000080002b0                VADC0_C0_2_IRQHandler
                0x00000000080002b0                CCU42_0_IRQHandler
                0x00000000080002b0                FCE0_0_IRQHandler
                0x00000000080002b0                VADC0_G1_0_IRQHandler
                0x00000000080002b0                CAN0_5_IRQHandler
                0x00000000080002b0                CCU80_0_IRQHandler
                0x00000000080002b0                CCU40_1_IRQHandler
                0x00000000080002b0                USIC2_1_IRQHandler
                0x00000000080002b0                USIC0_1_IRQHandler
                0x00000000080002b0                VADC0_G3_2_IRQHandler
                0x00000000080002b0                CCU40_3_IRQHandler
                0x00000000080002b0                BusFault_Handler
                0x00000000080002b0                LEDTS0_0_IRQHandler
                0x00000000080002b0                USIC0_4_IRQHandler
                0x00000000080002b0                CCU43_3_IRQHandler
                0x00000000080002b0                ERU0_1_IRQHandler
                0x00000000080002b0                VADC0_G3_0_IRQHandler
                0x00000000080002b0                USIC1_2_IRQHandler
                0x00000000080002b0                DSD0_3_IRQHandler
                0x00000000080002b0                SDMMC0_0_IRQHandler
                0x00000000080002b0                CAN0_1_IRQHandler
                0x00000000080002b0                USIC0_2_IRQHandler
                0x00000000080002b0                DAC0_1_IRQHandler
                0x00000000080002b0                GPDMA1_0_IRQHandler
 *(.text .text.* .gnu.linkonce.t.*)
 .text          0x00000000080002b2        0x0 build/main.o
 *fill*         0x00000000080002b2        0x2 
 .text.delay_ms
                0x00000000080002b4       0x14 build/main.o
                0x00000000080002b4                delay_ms
 .text.display_msg
                0x00000000080002c8      0x354 build/main.o
                0x00000000080002c8                display_msg
 .text.display_number
                0x000000000800061c      0x7b4 build/main.o
                0x000000000800061c                display_number
 .text.SysTick_Handler
                0x0000000008000dd0       0x10 build/main.o
                0x0000000008000dd0                SysTick_Handler
 .text.startup.main
                0x0000000008000de0      0x138 build/main.o
                0x0000000008000de0                main
 .text          0x0000000008000f18        0x0 build/VirtualSerial.o
 .text.USB0_0_IRQHandler
                0x0000000008000f18        0xc build/VirtualSerial.o
                0x0000000008000f18                USB0_0_IRQHandler
 .text.USB_Init
                0x0000000008000f24       0x68 build/VirtualSerial.o
                0x0000000008000f24                USB_Init
 .text.EVENT_USB_Device_Connect
                0x0000000008000f8c        0x4 build/VirtualSerial.o
                0x0000000008000f8c                EVENT_USB_Device_Connect
 .text.EVENT_USB_Device_Disconnect
                0x0000000008000f90        0x4 build/VirtualSerial.o
                0x0000000008000f90                EVENT_USB_Device_Disconnect
 .text.EVENT_USB_Device_Reset
                0x0000000008000f94       0x24 build/VirtualSerial.o
                0x0000000008000f94                EVENT_USB_Device_Reset
 .text.EVENT_USB_Device_ConfigurationChanged
                0x0000000008000fb8       0x48 build/VirtualSerial.o
                0x0000000008000fb8                EVENT_USB_Device_ConfigurationChanged
 .text.EVENT_USB_Device_ControlRequest
                0x0000000008001000        0xc build/VirtualSerial.o
                0x0000000008001000                EVENT_USB_Device_ControlRequest
 .text.EVENT_USB_Device_StartOfFrame
                0x000000000800100c        0x4 build/VirtualSerial.o
                0x000000000800100c                EVENT_USB_Device_StartOfFrame
 .text.EVENT_USB_Device_WakeUp
                0x0000000008001010        0x4 build/VirtualSerial.o
                0x0000000008001010                EVENT_USB_Device_WakeUp
 .text.EVENT_USB_Device_Suspend
                0x0000000008001014        0x4 build/VirtualSerial.o
                0x0000000008001014                EVENT_USB_Device_Suspend
 .text          0x0000000008001018        0x0 build/Descriptors.o
 .text.CALLBACK_USB_GetDescriptor
                0x0000000008001018       0x48 build/Descriptors.o
                0x0000000008001018                CALLBACK_USB_GetDescriptor
 .text          0x0000000008001060        0x0 lib_build/USBController_XMC4000.o
 .text.USBD_HandleEP0_Stall
                0x0000000008001060       0x28 lib_build/USBController_XMC4000.o
                0x0000000008001060                USBD_HandleEP0_Stall
 .text.USB_Device_ProcessControlRequest
                0x0000000008001088      0x27c lib_build/USBController_XMC4000.o
                0x0000000008001088                USB_Device_ProcessControlRequest
 .text.USBD_HandleEP0_IN
                0x0000000008001304       0x38 lib_build/USBController_XMC4000.o
                0x0000000008001304                USBD_HandleEP0_IN
 .text.USBD_HandleEP0_OUT
                0x000000000800133c       0x40 lib_build/USBController_XMC4000.o
                0x000000000800133c                USBD_HandleEP0_OUT
 .text.USBD_HandleEP0_SETUP
                0x000000000800137c       0x74 lib_build/USBController_XMC4000.o
                0x000000000800137c                USBD_HandleEP0_SETUP
 .text.USBD_SignalDeviceEventHandler
                0x00000000080013f0      0x158 lib_build/USBController_XMC4000.o
                0x00000000080013f0                USBD_SignalDeviceEventHandler
 .text.USBD_SignalEndpointEvent_Handler
                0x0000000008001548       0xf4 lib_build/USBController_XMC4000.o
                0x0000000008001548                USBD_SignalEndpointEvent_Handler
 .text.USBD_Initialize
                0x000000000800163c       0x68 lib_build/USBController_XMC4000.o
                0x000000000800163c                USBD_Initialize
 .text.USB_IsEnumDone
                0x00000000080016a4       0x18 lib_build/USBController_XMC4000.o
                0x00000000080016a4                USB_IsEnumDone
 .text.USBD_SetEndpointBuffer
                0x00000000080016bc       0x24 lib_build/USBController_XMC4000.o
                0x00000000080016bc                USBD_SetEndpointBuffer
 .text          0x00000000080016e0        0x0 lib_build/xmc_usbd.o
 .text.XMC_USBD_lReadFifo
                0x00000000080016e0       0xa0 lib_build/xmc_usbd.o
 .text.XMC_USBD_lStartReadXfer
                0x0000000008001780       0x98 lib_build/xmc_usbd.o
 .text.XMC_USBD_lStartWriteXfer
                0x0000000008001818       0xac lib_build/xmc_usbd.o
 .text.XMC_USBD_GetCapabilities
                0x00000000080018c4        0x8 lib_build/xmc_usbd.o
                0x00000000080018c4                XMC_USBD_GetCapabilities
 .text.XMC_USBD_DeviceConnect
                0x00000000080018cc       0x18 lib_build/xmc_usbd.o
                0x00000000080018cc                XMC_USBD_DeviceConnect
 .text.XMC_USBD_DeviceDisconnect
                0x00000000080018e4       0x18 lib_build/xmc_usbd.o
                0x00000000080018e4                XMC_USBD_DeviceDisconnect
 .text.XMC_USBD_EndpointReadStart
                0x00000000080018fc       0x50 lib_build/xmc_usbd.o
                0x00000000080018fc                XMC_USBD_EndpointReadStart
 .text.XMC_USBD_DeviceSetAddress
                0x000000000800194c       0x18 lib_build/xmc_usbd.o
                0x000000000800194c                XMC_USBD_DeviceSetAddress
 .text.XMC_USBD_EndpointStall
                0x0000000008001964       0x7c lib_build/xmc_usbd.o
                0x0000000008001964                XMC_USBD_EndpointStall
 .text.XMC_USBD_EndpointAbort
                0x00000000080019e0       0x40 lib_build/xmc_usbd.o
                0x00000000080019e0                XMC_USBD_EndpointAbort
 .text.XMC_USBD_EndpointUnconfigure
                0x0000000008001a20       0xec lib_build/xmc_usbd.o
                0x0000000008001a20                XMC_USBD_EndpointUnconfigure
 .text.XMC_USBD_GetFrameNumber
                0x0000000008001b0c       0x14 lib_build/xmc_usbd.o
                0x0000000008001b0c                XMC_USBD_GetFrameNumber
 .text.XMC_USBD_IsEnumDone
                0x0000000008001b20       0x1c lib_build/xmc_usbd.o
                0x0000000008001b20                XMC_USBD_IsEnumDone
 .text.XMC_USBD_Uninitialize
                0x0000000008001b3c       0x24 lib_build/xmc_usbd.o
                0x0000000008001b3c                XMC_USBD_Uninitialize
 .text.XMC_USBD_EndpointConfigure
                0x0000000008001b60      0x27c lib_build/xmc_usbd.o
                0x0000000008001b60                XMC_USBD_EndpointConfigure
 .text.XMC_USBD_Init
                0x0000000008001ddc      0x160 lib_build/xmc_usbd.o
                0x0000000008001ddc                XMC_USBD_Init
 .text.XMC_USBD_EndpointRead
                0x0000000008001f3c       0x40 lib_build/xmc_usbd.o
                0x0000000008001f3c                XMC_USBD_EndpointRead
 .text.XMC_USBD_EndpointWrite
                0x0000000008001f7c       0x60 lib_build/xmc_usbd.o
                0x0000000008001f7c                XMC_USBD_EndpointWrite
 .text.XMC_USBD_DeviceGetState
                0x0000000008001fdc       0x74 lib_build/xmc_usbd.o
                0x0000000008001fdc                XMC_USBD_DeviceGetState
 .text.XMC_USBD_lDeviceActive
                0x0000000008002050       0x48 lib_build/xmc_usbd.o
                0x0000000008002050                XMC_USBD_lDeviceActive
 .text.XMC_USBD_IRQHandler
                0x0000000008002098      0x574 lib_build/xmc_usbd.o
                0x0000000008002098                XMC_USBD_IRQHandler
 .text.XMC_USBD_Enable
                0x000000000800260c       0x14 lib_build/xmc_usbd.o
                0x000000000800260c                XMC_USBD_Enable
 .text.XMC_USBD_Disable
                0x0000000008002620       0x14 lib_build/xmc_usbd.o
                0x0000000008002620                XMC_USBD_Disable
 .text.XMC_USBD_ClearEvent
                0x0000000008002634       0x8c lib_build/xmc_usbd.o
                0x0000000008002634                XMC_USBD_ClearEvent
 .text.XMC_USBD_ClearEventINEP
                0x00000000080026c0       0x10 lib_build/xmc_usbd.o
                0x00000000080026c0                XMC_USBD_ClearEventINEP
 .text.XMC_USBD_ClearEventOUTEP
                0x00000000080026d0       0x14 lib_build/xmc_usbd.o
                0x00000000080026d0                XMC_USBD_ClearEventOUTEP
 .text.XMC_USBD_EnableEventOUTEP
                0x00000000080026e4       0x14 lib_build/xmc_usbd.o
                0x00000000080026e4                XMC_USBD_EnableEventOUTEP
 .text.XMC_USBD_EnableEventINEP
                0x00000000080026f8       0x14 lib_build/xmc_usbd.o
                0x00000000080026f8                XMC_USBD_EnableEventINEP
 .text          0x000000000800270c        0x0 lib_build/CDCClassDevice.o
 .text.CDC_Device_ConfigureEndpoints
                0x000000000800270c       0x40 lib_build/CDCClassDevice.o
                0x000000000800270c                CDC_Device_ConfigureEndpoints
 .text.CDC_Device_SendString
                0x000000000800274c       0x44 lib_build/CDCClassDevice.o
                0x000000000800274c                CDC_Device_SendString
 .text.CDC_Device_SendData
                0x0000000008002790       0x44 lib_build/CDCClassDevice.o
                0x0000000008002790                CDC_Device_SendData
 .text.CDC_Device_SendByte
                0x00000000080027d4       0x4c lib_build/CDCClassDevice.o
                0x00000000080027d4                CDC_Device_SendByte
 .text.CDC_Device_Flush
                0x0000000008002820       0x6c lib_build/CDCClassDevice.o
                0x0000000008002820                CDC_Device_Flush
 .text.CDC_Device_USBTask
                0x000000000800288c       0x40 lib_build/CDCClassDevice.o
                0x000000000800288c                CDC_Device_USBTask
 .text.CDC_Device_BytesReceived
                0x00000000080028cc       0x5c lib_build/CDCClassDevice.o
                0x00000000080028cc                CDC_Device_BytesReceived
 .text.CDC_Device_ReceiveByte
                0x0000000008002928       0xac lib_build/CDCClassDevice.o
                0x0000000008002928                CDC_Device_ReceiveByte
 .text.CDC_Device_SendControlLineStateChange
                0x00000000080029d4       0x64 lib_build/CDCClassDevice.o
                0x00000000080029d4                CDC_Device_SendControlLineStateChange
 .text.EVENT_CDC_Device_LineEncodingChanged
                0x0000000008002a38        0x4 lib_build/CDCClassDevice.o
                0x0000000008002a38                EVENT_CDC_Device_LineEncodingChanged
 .text.EVENT_CDC_Device_ControLineStateChanged
                0x0000000008002a3c        0x4 lib_build/CDCClassDevice.o
                0x0000000008002a3c                EVENT_CDC_Device_ControLineStateChanged
 .text.EVENT_CDC_Device_BreakSent
                0x0000000008002a40        0x4 lib_build/CDCClassDevice.o
                0x0000000008002a40                EVENT_CDC_Device_BreakSent
 .text.CDC_Device_ProcessControlRequest
                0x0000000008002a44      0x11c lib_build/CDCClassDevice.o
                0x0000000008002a44                CDC_Device_ProcessControlRequest
 .text          0x0000000008002b60        0x0 lib_build/USBTask.o
 .text.USB_USBTask
                0x0000000008002b60       0x54 lib_build/USBTask.o
                0x0000000008002b60                USB_USBTask
 .text          0x0000000008002bb4        0x0 lib_build/Endpoint_XMC4000.o
 .text.Endpoint_WaitUntilReady
                0x0000000008002bb4       0xa0 lib_build/Endpoint_XMC4000.o
                0x0000000008002bb4                Endpoint_WaitUntilReady
 .text.Endpoint_ClearOUT
                0x0000000008002c54       0x54 lib_build/Endpoint_XMC4000.o
                0x0000000008002c54                Endpoint_ClearOUT
 .text.Endpoint_ClearIN
                0x0000000008002ca8       0x94 lib_build/Endpoint_XMC4000.o
                0x0000000008002ca8                Endpoint_ClearIN
 .text.Endpoint_IsReadWriteAllowed
                0x0000000008002d3c       0x30 lib_build/Endpoint_XMC4000.o
                0x0000000008002d3c                Endpoint_IsReadWriteAllowed
 .text.Endpoint_Write_8
                0x0000000008002d6c       0x2c lib_build/Endpoint_XMC4000.o
                0x0000000008002d6c                Endpoint_Write_8
 .text.Endpoint_Read_8
                0x0000000008002d98       0x2c lib_build/Endpoint_XMC4000.o
                0x0000000008002d98                Endpoint_Read_8
 .text.Endpoint_Write_32_LE
                0x0000000008002dc4       0x2c lib_build/Endpoint_XMC4000.o
                0x0000000008002dc4                Endpoint_Write_32_LE
 .text.Endpoint_Read_32_LE
                0x0000000008002df0       0x34 lib_build/Endpoint_XMC4000.o
                0x0000000008002df0                Endpoint_Read_32_LE
 .text.Endpoint_ConfigureEndpointTable
                0x0000000008002e24       0x80 lib_build/Endpoint_XMC4000.o
                0x0000000008002e24                Endpoint_ConfigureEndpointTable
 .text          0x0000000008002ea4        0x0 lib_build/xmc4_scu.o
 .text.XMC_SCU_INTERRUPT_EnableEvent
                0x0000000008002ea4       0x10 lib_build/xmc4_scu.o
                0x0000000008002ea4                XMC_SCU_INTERRUPT_EnableEvent
 .text.XMC_SCU_INTERRUPT_DisableEvent
                0x0000000008002eb4       0x10 lib_build/xmc4_scu.o
                0x0000000008002eb4                XMC_SCU_INTERRUPT_DisableEvent
 .text.XMC_SCU_INTERRUPT_TriggerEvent
                0x0000000008002ec4       0x14 lib_build/xmc4_scu.o
                0x0000000008002ec4                XMC_SCU_INTERRUPT_TriggerEvent
 .text.XMC_SCU_INTERUPT_GetEventStatus
                0x0000000008002ed8        0xc lib_build/xmc4_scu.o
                0x0000000008002ed8                XMC_SCU_INTERUPT_GetEventStatus
 .text.XMC_SCU_INTERRUPT_ClearEventStatus
                0x0000000008002ee4        0xc lib_build/xmc4_scu.o
                0x0000000008002ee4                XMC_SCU_INTERRUPT_ClearEventStatus
 .text.XMC_SCU_GetBootMode
                0x0000000008002ef0       0x10 lib_build/xmc4_scu.o
                0x0000000008002ef0                XMC_SCU_GetBootMode
 .text.XMC_SCU_SetBootMode
                0x0000000008002f00        0xc lib_build/xmc4_scu.o
                0x0000000008002f00                XMC_SCU_SetBootMode
 .text.XMC_SCU_ReadGPR
                0x0000000008002f0c       0x10 lib_build/xmc4_scu.o
                0x0000000008002f0c                XMC_SCU_ReadGPR
 .text.XMC_SCU_WriteGPR
                0x0000000008002f1c       0x10 lib_build/xmc4_scu.o
                0x0000000008002f1c                XMC_SCU_WriteGPR
 .text.XMC_SCU_EnableOutOfRangeComparator
                0x0000000008002f2c       0x1c lib_build/xmc4_scu.o
                0x0000000008002f2c                XMC_SCU_EnableOutOfRangeComparator
 .text.XMC_SCU_DisableOutOfRangeComparator
                0x0000000008002f48       0x20 lib_build/xmc4_scu.o
                0x0000000008002f48                XMC_SCU_DisableOutOfRangeComparator
 .text.XMC_SCU_CalibrateTemperatureSensor
                0x0000000008002f68       0x18 lib_build/xmc4_scu.o
                0x0000000008002f68                XMC_SCU_CalibrateTemperatureSensor
 .text.XMC_SCU_EnableTemperatureSensor
                0x0000000008002f80       0x14 lib_build/xmc4_scu.o
                0x0000000008002f80                XMC_SCU_EnableTemperatureSensor
 .text.XMC_SCU_DisableTemperatureSensor
                0x0000000008002f94       0x14 lib_build/xmc4_scu.o
                0x0000000008002f94                XMC_SCU_DisableTemperatureSensor
 .text.XMC_SCU_IsTemperatureSensorEnabled
                0x0000000008002fa8       0x14 lib_build/xmc4_scu.o
                0x0000000008002fa8                XMC_SCU_IsTemperatureSensorEnabled
 .text.XMC_SCU_IsTemperatureSensorReady
                0x0000000008002fbc       0x10 lib_build/xmc4_scu.o
                0x0000000008002fbc                XMC_SCU_IsTemperatureSensorReady
 .text.XMC_SCU_StartTemperatureMeasurement
                0x0000000008002fcc       0x28 lib_build/xmc4_scu.o
                0x0000000008002fcc                XMC_SCU_StartTemperatureMeasurement
 .text.XMC_SCU_GetTemperatureMeasurement
                0x0000000008002ff4       0x1c lib_build/xmc4_scu.o
                0x0000000008002ff4                XMC_SCU_GetTemperatureMeasurement
 .text.XMC_SCU_IsTemperatureSensorBusy
                0x0000000008003010       0x10 lib_build/xmc4_scu.o
                0x0000000008003010                XMC_SCU_IsTemperatureSensorBusy
 .text.XMC_SCU_WriteToRetentionMemory
                0x0000000008003020       0x24 lib_build/xmc4_scu.o
                0x0000000008003020                XMC_SCU_WriteToRetentionMemory
 .text.XMC_SCU_ReadFromRetentionMemory
                0x0000000008003044       0x20 lib_build/xmc4_scu.o
                0x0000000008003044                XMC_SCU_ReadFromRetentionMemory
 .text.XMC_SCU_TRAP_Enable
                0x0000000008003064       0x10 lib_build/xmc4_scu.o
                0x0000000008003064                XMC_SCU_TRAP_Enable
 .text.XMC_SCU_TRAP_Disable
                0x0000000008003074       0x10 lib_build/xmc4_scu.o
                0x0000000008003074                XMC_SCU_TRAP_Disable
 .text.XMC_SCU_TRAP_GetStatus
                0x0000000008003084        0xc lib_build/xmc4_scu.o
                0x0000000008003084                XMC_SCU_TRAP_GetStatus
 .text.XMC_SCU_TRAP_Trigger
                0x0000000008003090        0xc lib_build/xmc4_scu.o
                0x0000000008003090                XMC_SCU_TRAP_Trigger
 .text.XMC_SCU_TRAP_ClearStatus
                0x000000000800309c        0xc lib_build/xmc4_scu.o
                0x000000000800309c                XMC_SCU_TRAP_ClearStatus
 .text.XMC_SCU_PARITY_ClearStatus
                0x00000000080030a8       0x10 lib_build/xmc4_scu.o
                0x00000000080030a8                XMC_SCU_PARITY_ClearStatus
 .text.XMC_SCU_PARITY_GetStatus
                0x00000000080030b8        0xc lib_build/xmc4_scu.o
                0x00000000080030b8                XMC_SCU_PARITY_GetStatus
 .text.XMC_SCU_PARITY_Enable
                0x00000000080030c4       0x10 lib_build/xmc4_scu.o
                0x00000000080030c4                XMC_SCU_PARITY_Enable
 .text.XMC_SCU_PARITY_Disable
                0x00000000080030d4       0x10 lib_build/xmc4_scu.o
                0x00000000080030d4                XMC_SCU_PARITY_Disable
 .text.XMC_SCU_PARITY_EnableTrapGeneration
                0x00000000080030e4       0x10 lib_build/xmc4_scu.o
                0x00000000080030e4                XMC_SCU_PARITY_EnableTrapGeneration
 .text.XMC_SCU_PARITY_DisableTrapGeneration
                0x00000000080030f4       0x10 lib_build/xmc4_scu.o
                0x00000000080030f4                XMC_SCU_PARITY_DisableTrapGeneration
 .text.XMC_SCU_INTERRUPT_EnableNmiRequest
                0x0000000008003104       0x14 lib_build/xmc4_scu.o
                0x0000000008003104                XMC_SCU_INTERRUPT_EnableNmiRequest
 .text.XMC_SCU_INTERRUPT_DisableNmiRequest
                0x0000000008003118       0x14 lib_build/xmc4_scu.o
                0x0000000008003118                XMC_SCU_INTERRUPT_DisableNmiRequest
 .text.XMC_SCU_RESET_AssertPeripheralReset
                0x000000000800312c       0x18 lib_build/xmc4_scu.o
                0x000000000800312c                XMC_SCU_RESET_AssertPeripheralReset
 .text.XMC_SCU_RESET_DeassertPeripheralReset
                0x0000000008003144       0x18 lib_build/xmc4_scu.o
                0x0000000008003144                XMC_SCU_RESET_DeassertPeripheralReset
 .text.XMC_SCU_RESET_IsPeripheralResetAsserted
                0x000000000800315c       0x20 lib_build/xmc4_scu.o
                0x000000000800315c                XMC_SCU_RESET_IsPeripheralResetAsserted
 .text.XMC_SCU_CLOCK_GetSystemPllClockFrequency
                0x000000000800317c       0x54 lib_build/xmc4_scu.o
                0x000000000800317c                XMC_SCU_CLOCK_GetSystemPllClockFrequency
 .text.XMC_SCU_CLOCK_GetSystemPllClockSourceFrequency
                0x00000000080031d0       0x18 lib_build/xmc4_scu.o
                0x00000000080031d0                XMC_SCU_CLOCK_GetSystemPllClockSourceFrequency
 .text.XMC_SCU_CLOCK_GetUsbPllClockFrequency
                0x00000000080031e8       0x2c lib_build/xmc4_scu.o
                0x00000000080031e8                XMC_SCU_CLOCK_GetUsbPllClockFrequency
 .text.XMC_SCU_CLOCK_GetCcuClockFrequency
                0x0000000008003214       0x20 lib_build/xmc4_scu.o
                0x0000000008003214                XMC_SCU_CLOCK_GetCcuClockFrequency
 .text.XMC_SCU_CLOCK_GetUsbClockFrequency
                0x0000000008003234       0x28 lib_build/xmc4_scu.o
                0x0000000008003234                XMC_SCU_CLOCK_GetUsbClockFrequency
 .text.XMC_SCU_CLOCK_GetEbuClockFrequency
                0x000000000800325c       0x1c lib_build/xmc4_scu.o
                0x000000000800325c                XMC_SCU_CLOCK_GetEbuClockFrequency
 .text.XMC_SCU_CLOCK_GetWdtClockFrequency
                0x0000000008003278       0x40 lib_build/xmc4_scu.o
                0x0000000008003278                XMC_SCU_CLOCK_GetWdtClockFrequency
 .text.XMC_SCU_CLOCK_GetExternalOutputClockFrequency
                0x00000000080032b8       0x54 lib_build/xmc4_scu.o
                0x00000000080032b8                XMC_SCU_CLOCK_GetExternalOutputClockFrequency
 .text.XMC_SCU_CLOCK_GetPeripheralClockFrequency
                0x000000000800330c       0x18 lib_build/xmc4_scu.o
                0x000000000800330c                XMC_SCU_CLOCK_GetPeripheralClockFrequency
 .text.XMC_SCU_CLOCK_SetSystemClockSource
                0x0000000008003324       0x14 lib_build/xmc4_scu.o
                0x0000000008003324                XMC_SCU_CLOCK_SetSystemClockSource
 .text.XMC_SCU_CLOCK_SetUsbClockSource
                0x0000000008003338       0x14 lib_build/xmc4_scu.o
                0x0000000008003338                XMC_SCU_CLOCK_SetUsbClockSource
 .text.XMC_SCU_CLOCK_SetWdtClockSource
                0x000000000800334c       0x14 lib_build/xmc4_scu.o
                0x000000000800334c                XMC_SCU_CLOCK_SetWdtClockSource
 .text.XMC_SCU_CLOCK_SetExternalOutputClockSource
                0x0000000008003360       0x14 lib_build/xmc4_scu.o
                0x0000000008003360                XMC_SCU_CLOCK_SetExternalOutputClockSource
 .text.XMC_SCU_CLOCK_SetSystemPllClockSource
                0x0000000008003374       0x24 lib_build/xmc4_scu.o
                0x0000000008003374                XMC_SCU_CLOCK_SetSystemPllClockSource
 .text.XMC_SCU_HIB_SetRtcClockSource
                0x0000000008003398       0x20 lib_build/xmc4_scu.o
                0x0000000008003398                XMC_SCU_HIB_SetRtcClockSource
 .text.XMC_SCU_HIB_SetStandbyClockSource
                0x00000000080033b8       0x20 lib_build/xmc4_scu.o
                0x00000000080033b8                XMC_SCU_HIB_SetStandbyClockSource
 .text.XMC_SCU_CLOCK_SetSystemClockDivider
                0x00000000080033d8       0x14 lib_build/xmc4_scu.o
                0x00000000080033d8                XMC_SCU_CLOCK_SetSystemClockDivider
 .text.XMC_SCU_CLOCK_SetCcuClockDivider
                0x00000000080033ec       0x14 lib_build/xmc4_scu.o
                0x00000000080033ec                XMC_SCU_CLOCK_SetCcuClockDivider
 .text.XMC_SCU_CLOCK_SetCpuClockDivider
                0x0000000008003400       0x14 lib_build/xmc4_scu.o
                0x0000000008003400                XMC_SCU_CLOCK_SetCpuClockDivider
 .text.XMC_SCU_CLOCK_SetPeripheralClockDivider
                0x0000000008003414       0x14 lib_build/xmc4_scu.o
                0x0000000008003414                XMC_SCU_CLOCK_SetPeripheralClockDivider
 .text.XMC_SCU_CLOCK_SetUsbClockDivider
                0x0000000008003428       0x14 lib_build/xmc4_scu.o
                0x0000000008003428                XMC_SCU_CLOCK_SetUsbClockDivider
 .text.XMC_SCU_CLOCK_SetEbuClockDivider
                0x000000000800343c       0x14 lib_build/xmc4_scu.o
                0x000000000800343c                XMC_SCU_CLOCK_SetEbuClockDivider
 .text.XMC_SCU_CLOCK_SetWdtClockDivider
                0x0000000008003450       0x14 lib_build/xmc4_scu.o
                0x0000000008003450                XMC_SCU_CLOCK_SetWdtClockDivider
 .text.XMC_SCU_CLOCK_SetExternalOutputClockDivider
                0x0000000008003464       0x1c lib_build/xmc4_scu.o
                0x0000000008003464                XMC_SCU_CLOCK_SetExternalOutputClockDivider
 .text.XMC_SCU_CLOCK_EnableClock
                0x0000000008003480        0xc lib_build/xmc4_scu.o
                0x0000000008003480                XMC_SCU_CLOCK_EnableClock
 .text.XMC_SCU_CLOCK_DisableClock
                0x000000000800348c        0xc lib_build/xmc4_scu.o
                0x000000000800348c                XMC_SCU_CLOCK_DisableClock
 .text.XMC_SCU_CLOCK_IsClockEnabled
                0x0000000008003498       0x14 lib_build/xmc4_scu.o
                0x0000000008003498                XMC_SCU_CLOCK_IsClockEnabled
 .text.XMC_SCU_POWER_GetEVR13Voltage
                0x00000000080034ac       0x24 lib_build/xmc4_scu.o
                0x00000000080034ac                XMC_SCU_POWER_GetEVR13Voltage
 .text.XMC_SCU_POWER_GetEVR33Voltage
                0x00000000080034d0       0x28 lib_build/xmc4_scu.o
                0x00000000080034d0                XMC_SCU_POWER_GetEVR33Voltage
 .text.XMC_SCU_CLOCK_EnableUsbPll
                0x00000000080034f8       0x14 lib_build/xmc4_scu.o
                0x00000000080034f8                XMC_SCU_CLOCK_EnableUsbPll
 .text.XMC_SCU_CLOCK_DisableUsbPll
                0x000000000800350c       0x14 lib_build/xmc4_scu.o
                0x000000000800350c                XMC_SCU_CLOCK_DisableUsbPll
 .text.XMC_SCU_CLOCK_StartUsbPll
                0x0000000008003520       0x44 lib_build/xmc4_scu.o
                0x0000000008003520                XMC_SCU_CLOCK_StartUsbPll
 .text.XMC_SCU_CLOCK_StopUsbPll
                0x0000000008003564       0x10 lib_build/xmc4_scu.o
                0x0000000008003564                XMC_SCU_CLOCK_StopUsbPll
 .text.XMC_SCU_CLOCK_SetBackupClockCalibrationMode
                0x0000000008003574       0x78 lib_build/xmc4_scu.o
                0x0000000008003574                XMC_SCU_CLOCK_SetBackupClockCalibrationMode
 .text.XMC_SCU_POWER_EnableUsb
                0x00000000080035ec       0x10 lib_build/xmc4_scu.o
                0x00000000080035ec                XMC_SCU_POWER_EnableUsb
 .text.XMC_SCU_POWER_DisableUsb
                0x00000000080035fc       0x10 lib_build/xmc4_scu.o
                0x00000000080035fc                XMC_SCU_POWER_DisableUsb
 .text.XMC_SCU_CLOCK_IsUsbPllLocked
                0x000000000800360c       0x10 lib_build/xmc4_scu.o
                0x000000000800360c                XMC_SCU_CLOCK_IsUsbPllLocked
 .text.XMC_SCU_HIB_EnableHibernateDomain
                0x000000000800361c       0x30 lib_build/xmc4_scu.o
                0x000000000800361c                XMC_SCU_HIB_EnableHibernateDomain
 .text.XMC_SCU_HIB_DisableHibernateDomain
                0x000000000800364c       0x18 lib_build/xmc4_scu.o
                0x000000000800364c                XMC_SCU_HIB_DisableHibernateDomain
 .text.XMC_SCU_HIB_IsHibernateDomainEnabled
                0x0000000008003664       0x1c lib_build/xmc4_scu.o
                0x0000000008003664                XMC_SCU_HIB_IsHibernateDomainEnabled
 .text.XMC_SCU_HIB_EnableInternalSlowClock
                0x0000000008003680       0x20 lib_build/xmc4_scu.o
                0x0000000008003680                XMC_SCU_HIB_EnableInternalSlowClock
 .text.XMC_SCU_HIB_DisableInternalSlowClock
                0x00000000080036a0       0x20 lib_build/xmc4_scu.o
                0x00000000080036a0                XMC_SCU_HIB_DisableInternalSlowClock
 .text.XMC_SCU_HIB_ClearEventStatus
                0x00000000080036c0       0x18 lib_build/xmc4_scu.o
                0x00000000080036c0                XMC_SCU_HIB_ClearEventStatus
 .text.XMC_SCU_HIB_TriggerEvent
                0x00000000080036d8       0x18 lib_build/xmc4_scu.o
                0x00000000080036d8                XMC_SCU_HIB_TriggerEvent
 .text.XMC_SCU_HIB_EnableEvent
                0x00000000080036f0       0x1c lib_build/xmc4_scu.o
                0x00000000080036f0                XMC_SCU_HIB_EnableEvent
 .text.XMC_SCU_HIB_DisableEvent
                0x000000000800370c       0x20 lib_build/xmc4_scu.o
                0x000000000800370c                XMC_SCU_HIB_DisableEvent
 .text.XMC_SCU_HIB_EnterHibernateState
                0x000000000800372c       0x20 lib_build/xmc4_scu.o
                0x000000000800372c                XMC_SCU_HIB_EnterHibernateState
 .text.XMC_SCU_HIB_EnterHibernateStateEx
                0x000000000800374c       0x20 lib_build/xmc4_scu.o
                0x000000000800374c                XMC_SCU_HIB_EnterHibernateStateEx
 .text.XMC_SCU_HIB_SetWakeupTriggerInput
                0x000000000800376c       0x28 lib_build/xmc4_scu.o
                0x000000000800376c                XMC_SCU_HIB_SetWakeupTriggerInput
 .text.XMC_SCU_HIB_SetPinMode
                0x0000000008003794       0x34 lib_build/xmc4_scu.o
                0x0000000008003794                XMC_SCU_HIB_SetPinMode
 .text.XMC_SCU_HIB_SetPinOutputLevel
                0x00000000080037c8       0x30 lib_build/xmc4_scu.o
                0x00000000080037c8                XMC_SCU_HIB_SetPinOutputLevel
 .text.XMC_SCU_HIB_SetInput0
                0x00000000080037f8       0x28 lib_build/xmc4_scu.o
                0x00000000080037f8                XMC_SCU_HIB_SetInput0
 .text.XMC_SCU_HIB_SetSR0Input
                0x0000000008003820       0x20 lib_build/xmc4_scu.o
                0x0000000008003820                XMC_SCU_HIB_SetSR0Input
 .text.XMC_SCU_CLOCK_IsLowPowerOscillatorStable
                0x0000000008003840       0x14 lib_build/xmc4_scu.o
                0x0000000008003840                XMC_SCU_CLOCK_IsLowPowerOscillatorStable
 .text.XMC_SCU_CLOCK_EnableLowPowerOscillator
                0x0000000008003854       0x4c lib_build/xmc4_scu.o
                0x0000000008003854                XMC_SCU_CLOCK_EnableLowPowerOscillator
 .text.XMC_SCU_CLOCK_DisableLowPowerOscillator
                0x00000000080038a0       0x20 lib_build/xmc4_scu.o
                0x00000000080038a0                XMC_SCU_CLOCK_DisableLowPowerOscillator
 .text.XMC_SCU_CLOCK_EnableLowPowerOscillatorGeneralPurposeInput
                0x00000000080038c0       0x20 lib_build/xmc4_scu.o
                0x00000000080038c0                XMC_SCU_CLOCK_EnableLowPowerOscillatorGeneralPurposeInput
 .text.XMC_SCU_CLOCK_DisableLowPowerOscillatorGeneralPurposeInput
                0x00000000080038e0       0x24 lib_build/xmc4_scu.o
                0x00000000080038e0                XMC_SCU_CLOCK_DisableLowPowerOscillatorGeneralPurposeInput
 .text.XMC_SCU_CLOCK_GetLowPowerOscillatorGeneralPurposeInputStatus
                0x0000000008003904       0x10 lib_build/xmc4_scu.o
                0x0000000008003904                XMC_SCU_CLOCK_GetLowPowerOscillatorGeneralPurposeInputStatus
 .text.XMC_SCU_CLOCK_EnableHighPerformanceOscillator
                0x0000000008003914       0x3c lib_build/xmc4_scu.o
                0x0000000008003914                XMC_SCU_CLOCK_EnableHighPerformanceOscillator
 .text.XMC_SCU_CLOCK_IsHighPerformanceOscillatorStable
                0x0000000008003950       0x18 lib_build/xmc4_scu.o
                0x0000000008003950                XMC_SCU_CLOCK_IsHighPerformanceOscillatorStable
 .text.XMC_SCU_CLOCK_DisableHighPerformanceOscillator
                0x0000000008003968       0x10 lib_build/xmc4_scu.o
                0x0000000008003968                XMC_SCU_CLOCK_DisableHighPerformanceOscillator
 .text.XMC_SCU_CLOCK_EnableHighPerformanceOscillatorGeneralPurposeInput
                0x0000000008003978       0x10 lib_build/xmc4_scu.o
                0x0000000008003978                XMC_SCU_CLOCK_EnableHighPerformanceOscillatorGeneralPurposeInput
 .text.XMC_SCU_CLOCK_DisableHighPerformanceOscillatorGeneralPurposeInput
                0x0000000008003988       0x10 lib_build/xmc4_scu.o
                0x0000000008003988                XMC_SCU_CLOCK_DisableHighPerformanceOscillatorGeneralPurposeInput
 .text.XMC_SCU_CLOCK_GetHighPerformanceOscillatorGeneralPurposeInputStatus
                0x0000000008003998       0x10 lib_build/xmc4_scu.o
                0x0000000008003998                XMC_SCU_CLOCK_GetHighPerformanceOscillatorGeneralPurposeInputStatus
 .text.XMC_SCU_CLOCK_EnableSystemPll
                0x00000000080039a8       0x14 lib_build/xmc4_scu.o
                0x00000000080039a8                XMC_SCU_CLOCK_EnableSystemPll
 .text.XMC_SCU_CLOCK_DisableSystemPll
                0x00000000080039bc       0x14 lib_build/xmc4_scu.o
                0x00000000080039bc                XMC_SCU_CLOCK_DisableSystemPll
 .text.XMC_SCU_CLOCK_StartSystemPll
                0x00000000080039d0      0x1ac lib_build/xmc4_scu.o
                0x00000000080039d0                XMC_SCU_CLOCK_StartSystemPll
 .text.XMC_SCU_CLOCK_Init
                0x0000000008003b7c      0x128 lib_build/xmc4_scu.o
                0x0000000008003b7c                XMC_SCU_CLOCK_Init
 .text.XMC_SCU_CLOCK_StopSystemPll
                0x0000000008003ca4       0x10 lib_build/xmc4_scu.o
                0x0000000008003ca4                XMC_SCU_CLOCK_StopSystemPll
 .text.XMC_SCU_CLOCK_StepSystemPllFrequency
                0x0000000008003cb4       0x44 lib_build/xmc4_scu.o
                0x0000000008003cb4                XMC_SCU_CLOCK_StepSystemPllFrequency
 .text.XMC_SCU_CLOCK_IsSystemPllLocked
                0x0000000008003cf8       0x10 lib_build/xmc4_scu.o
                0x0000000008003cf8                XMC_SCU_CLOCK_IsSystemPllLocked
 .text.XMC_SCU_INTERRUPT_SetEventHandler
                0x0000000008003d08       0x30 lib_build/xmc4_scu.o
                0x0000000008003d08                XMC_SCU_INTERRUPT_SetEventHandler
 .text.XMC_SCU_IRQHandler
                0x0000000008003d38       0x38 lib_build/xmc4_scu.o
                0x0000000008003d38                XMC_SCU_IRQHandler
 .text          0x0000000008003d70        0x0 lib_build/EndpointStream_XMC4000.o
 .text.Endpoint_Write_Stream_LE
                0x0000000008003d70       0xb0 lib_build/EndpointStream_XMC4000.o
                0x0000000008003d70                Endpoint_Write_Stream_LE
 .text.SwapCopy
                0x0000000008003e20       0x20 lib_build/EndpointStream_XMC4000.o
                0x0000000008003e20                SwapCopy
 .text.Endpoint_Write_Stream_BE
                0x0000000008003e40       0xa8 lib_build/EndpointStream_XMC4000.o
                0x0000000008003e40                Endpoint_Write_Stream_BE
 .text.Endpoint_Read_Stream_LE
                0x0000000008003ee8       0x94 lib_build/EndpointStream_XMC4000.o
                0x0000000008003ee8                Endpoint_Read_Stream_LE
 .text.Endpoint_Read_Stream_BE
                0x0000000008003f7c       0xb0 lib_build/EndpointStream_XMC4000.o
                0x0000000008003f7c                Endpoint_Read_Stream_BE
 .text.Endpoint_Write_Control_Stream_LE
                0x000000000800402c       0x48 lib_build/EndpointStream_XMC4000.o
                0x000000000800402c                Endpoint_Write_Control_Stream_LE
 .text.Endpoint_Write_Control_Stream_BE
                0x0000000008004074       0x48 lib_build/EndpointStream_XMC4000.o
                0x0000000008004074                Endpoint_Write_Control_Stream_BE
 .text.Endpoint_Read_Control_Stream_LE
                0x00000000080040bc       0x3c lib_build/EndpointStream_XMC4000.o
                0x00000000080040bc                Endpoint_Read_Control_Stream_LE
 .text.Endpoint_Read_Control_Stream_BE
                0x00000000080040f8       0x3c lib_build/EndpointStream_XMC4000.o
                0x00000000080040f8                Endpoint_Read_Control_Stream_BE
 .text.Endpoint_Null_Stream
                0x0000000008004134       0x8c lib_build/EndpointStream_XMC4000.o
                0x0000000008004134                Endpoint_Null_Stream
 .text          0x00000000080041c0        0x0 lib_build/memcpy.o
 .text.thumb2_memcpy
                0x00000000080041c0       0x3c lib_build/memcpy.o
                0x00000000080041c0                thumb2_memcpy
 .text          0x00000000080041fc        0x0 lib_build/xmc_gpio.o
 .text.XMC_GPIO_SetMode
                0x00000000080041fc       0x28 lib_build/xmc_gpio.o
                0x00000000080041fc                XMC_GPIO_SetMode
 .text.XMC_GPIO_SetHardwareControl
                0x0000000008004224       0x1c lib_build/xmc_gpio.o
                0x0000000008004224                XMC_GPIO_SetHardwareControl
 .text          0x0000000008004240        0x0 lib_build/xmc4_gpio.o
 .text.XMC_GPIO_Init
                0x0000000008004240       0x90 lib_build/xmc4_gpio.o
                0x0000000008004240                XMC_GPIO_Init
 .text.XMC_GPIO_SetOutputStrength
                0x00000000080042d0       0x28 lib_build/xmc4_gpio.o
                0x00000000080042d0                XMC_GPIO_SetOutputStrength
 .text          0x00000000080042f8        0x0 lib_build/startup_XMC4500.o
 .text          0x00000000080042f8        0x0 lib_build/system_XMC4500.o
 .text.SystemCoreSetup
                0x00000000080042f8       0x40 lib_build/system_XMC4500.o
                0x00000000080042f8                SystemCoreSetup
 .text.OSCHP_GetFrequency
                0x0000000008004338        0x8 lib_build/system_XMC4500.o
                0x0000000008004338                OSCHP_GetFrequency
 .text.SystemCoreClockUpdate
                0x0000000008004340       0x84 lib_build/system_XMC4500.o
                0x0000000008004340                SystemCoreClockUpdate
 .text.SystemCoreClockSetup
                0x00000000080043c4      0x1dc lib_build/system_XMC4500.o
                0x00000000080043c4                SystemCoreClockSetup
 .text.SystemInit
                0x00000000080045a0       0x1c lib_build/system_XMC4500.o
                0x00000000080045a0                SystemInit
 .text          0x00000000080045bc        0x0 lib_build/syscalls.o
 .text._sbrk    0x00000000080045bc       0x3c lib_build/syscalls.o
                0x00000000080045bc                _sbrk
 .text._init    0x00000000080045f8        0x4 lib_build/syscalls.o
                0x00000000080045f8                _init
 .text          0x00000000080045fc        0x0 /opt/gcc-arm-none-eabi/gcc-arm-none-eabi-10.3-2021.10/bin/../lib/gcc/arm-none-eabi/10.3.1/../../../../arm-none-eabi/lib/thumb/v7e-m/nofp/libg.a(lib_a-errno.o)
 .text.__errno  0x00000000080045fc        0xc /opt/gcc-arm-none-eabi/gcc-arm-none-eabi-10.3-2021.10/bin/../lib/gcc/arm-none-eabi/10.3.1/../../../../arm-none-eabi/lib/thumb/v7e-m/nofp/libg.a(lib_a-errno.o)
                0x00000000080045fc                __errno
 .text          0x0000000008004608        0x0 /opt/gcc-arm-none-eabi/gcc-arm-none-eabi-10.3-2021.10/bin/../lib/gcc/arm-none-eabi/10.3.1/../../../../arm-none-eabi/lib/thumb/v7e-m/nofp/libg.a(lib_a-impure.o)
 .text          0x0000000008004608        0x0 /opt/gcc-arm-none-eabi/gcc-arm-none-eabi-10.3-2021.10/bin/../lib/gcc/arm-none-eabi/10.3.1/../../../../arm-none-eabi/lib/thumb/v7e-m/nofp/libg.a(lib_a-init.o)
 .text.__libc_init_array
                0x0000000008004608       0x48 /opt/gcc-arm-none-eabi/gcc-arm-none-eabi-10.3-2021.10/bin/../lib/gcc/arm-none-eabi/10.3.1/../../../../arm-none-eabi/lib/thumb/v7e-m/nofp/libg.a(lib_a-init.o)
                0x0000000008004608                __libc_init_array
 .text          0x0000000008004650      0x134 /opt/gcc-arm-none-eabi/gcc-arm-none-eabi-10.3-2021.10/bin/../lib/gcc/arm-none-eabi/10.3.1/../../../../arm-none-eabi/lib/thumb/v7e-m/nofp/libg.a(lib_a-memcpy.o)
                0x0000000008004650                memcpy
 .text          0x0000000008004784        0x0 /opt/gcc-arm-none-eabi/gcc-arm-none-eabi-10.3-2021.10/bin/../lib/gcc/arm-none-eabi/10.3.1/../../../../arm-none-eabi/lib/thumb/v7e-m/nofp/libg.a(lib_a-memset.o)
 .text.memset   0x0000000008004784       0xa4 /opt/gcc-arm-none-eabi/gcc-arm-none-eabi-10.3-2021.10/bin/../lib/gcc/arm-none-eabi/10.3.1/../../../../arm-none-eabi/lib/thumb/v7e-m/nofp/libg.a(lib_a-memset.o)
                0x0000000008004784                memset
 *fill*         0x0000000008004828       0x18 
 .text          0x0000000008004840       0xdc /opt/gcc-arm-none-eabi/gcc-arm-none-eabi-10.3-2021.10/bin/../lib/gcc/arm-none-eabi/10.3.1/../../../../arm-none-eabi/lib/thumb/v7e-m/nofp/libg.a(lib_a-strlen.o)
                0x0000000008004840                strlen
 *(.init)
 *(.fini)
 *crtbegin.o(.ctors)
 *crtbegin?.o(.ctors)
 *(EXCLUDE_FILE(*crtend.o *crtend?.o) .ctors)
 *(SORT_BY_NAME(.ctors.*))
 *(.ctors)
 *crtbegin.o(.dtors)
 *crtbegin?.o(.dtors)
 *(EXCLUDE_FILE(*crtend.o *crtend?.o) .dtors)
 *(SORT_BY_NAME(.dtors.*))
 *(.dtors)
 *(.rodata .rodata.*)
 .rodata        0x000000000800491c       0x18 build/main.o
                0x000000000800491c                out_config
                0x0000000008004928                in_config
 .rodata        0x0000000008004934       0xee build/Descriptors.o
                0x0000000008004934                ConfigurationDescriptor
                0x0000000008004974                DeviceDescriptor
                0x000000000800499c                ProductString
                0x00000000080049c0                ManufacturerString
                0x0000000008004a1c                LanguageString
 *fill*         0x0000000008004a22        0x2 
 .rodata        0x0000000008004a24       0x40 lib_build/xmc_usbd.o
                0x0000000008004a24                Driver_USBD0
 .rodata        0x0000000008004a64        0x8 lib_build/CDCClassDevice.o
 .rodata._global_impure_ptr
                0x0000000008004a6c        0x4 /opt/gcc-arm-none-eabi/gcc-arm-none-eabi-10.3-2021.10/bin/../lib/gcc/arm-none-eabi/10.3.1/../../../../arm-none-eabi/lib/thumb/v7e-m/nofp/libg.a(lib_a-impure.o)
                0x0000000008004a6c                _global_impure_ptr
 *(.gnu.linkonce.r*)
 *(vtable)
                0x0000000008004a70                . = ALIGN (0x4)

.glue_7         0x0000000008004a70        0x0 load address 0x000000000c004a70
 .glue_7        0x0000000008004a70        0x0 linker stubs

.glue_7t        0x0000000008004a70        0x0 load address 0x000000000c004a70
 .glue_7t       0x0000000008004a70        0x0 linker stubs

.vfp11_veneer   0x0000000008004a70        0x0 load address 0x000000000c004a70
 .vfp11_veneer  0x0000000008004a70        0x0 linker stubs

.v4_bx          0x0000000008004a70        0x0 load address 0x000000000c004a70
 .v4_bx         0x0000000008004a70        0x0 linker stubs

.iplt           0x0000000008004a70        0x0 load address 0x000000000c004a70
 .iplt          0x0000000008004a70        0x0 build/main.o

.rel.dyn        0x0000000008004a70        0x0 load address 0x000000000c004a70
 .rel.iplt      0x0000000008004a70        0x0 build/main.o

.eh_frame_hdr
 *(.eh_frame_hdr)

.eh_frame
 *(.eh_frame)

.ARM.extab
 *(.ARM.extab* .gnu.linkonce.armextab.*)
                0x0000000008004a70                . = ALIGN (0x4)
                0x0000000008004a70                __exidx_start = .

.ARM.exidx
 *(.ARM.exidx* .gnu.linkonce.armexidx.*)
                0x0000000008004a70                __exidx_end = .
                0x0000000008004a70                . = ALIGN (0x4)

Stack           0x0000000010000000      0x800
                0x0000000010000000                __stack_start = .
                0x0000000010000800                . = (. + stack_size)
 *fill*         0x0000000010000000      0x800 
                0x0000000010000800                __stack_end = .
                0x0000000010000800                __initial_sp = .

.ram_code       0x0000000010000800        0x0 load address 0x000000000c004a70
                0x0000000010000800                . = ALIGN (0x4)
                0x0000000010000800                __ram_code_start = .
 *(.ram_code)
                0x0000000010000800                . = ALIGN (0x4)
                0x0000000010000800                __ram_code_end = .
                0x000000000c004a70                __ram_code_load = LOADADDR (.ram_code)
                0x0000000000000000                __ram_code_size = (__ram_code_end - __ram_code_start)

PSRAM_DATA      0x0000000010000800        0x0 load address 0x000000000c004a70
                0x0000000010000800                . = ALIGN (0x4)
                0x0000000010000800                __data3_start = .
 *(PSRAM_DATA)
                0x0000000010000800                . = ALIGN (0x4)
                0x0000000010000800                __data3_end = .
                0x000000000c004a70                __data3_load = LOADADDR (PSRAM_DATA)
                0x0000000000000000                __data3_size = (__data3_end - __data3_start)

PSRAM_BSS       0x0000000010000800        0x0 load address 0x000000000c004a70
                0x0000000010000800                . = ALIGN (0x4)
                0x0000000010000800                __bss3_start = .
 *(PSRAM_BSS)
                0x0000000010000800                . = ALIGN (0x4)
                0x0000000010000800                __bss3_end = .
                0x0000000010000800                . = ALIGN (0x8)
                0x0000000010000800                Heap_Bank3_Start = .
                0x0000000000000000                __bss3_size = (__bss3_end - __bss3_start)

.data           0x0000000020000000      0x460 load address 0x000000000c004a70
                0x0000000020000000                . = ALIGN (0x4)
                0x0000000020000000                __data_start = .
 *(.data)
 .data          0x0000000020000000        0x0 build/main.o
 .data          0x0000000020000000       0x30 build/VirtualSerial.o
                0x0000000020000000                USB_runtime
                0x0000000020000010                VirtualSerial_CDC_Interface
 .data          0x0000000020000030        0x0 build/Descriptors.o
 .data          0x0000000020000030        0x0 lib_build/USBController_XMC4000.o
 .data          0x0000000020000030        0x0 lib_build/xmc_usbd.o
 .data          0x0000000020000030        0x0 lib_build/CDCClassDevice.o
 .data          0x0000000020000030        0x0 lib_build/USBTask.o
 .data          0x0000000020000030        0x0 lib_build/Endpoint_XMC4000.o
 .data          0x0000000020000030        0x0 lib_build/xmc4_scu.o
 .data          0x0000000020000030        0x0 lib_build/EndpointStream_XMC4000.o
 .data          0x0000000020000030        0x0 lib_build/memcpy.o
 .data          0x0000000020000030        0x0 lib_build/xmc_gpio.o
 .data          0x0000000020000030        0x0 lib_build/xmc4_gpio.o
 .data          0x0000000020000030        0x0 lib_build/startup_XMC4500.o
 .data          0x0000000020000030        0x0 lib_build/system_XMC4500.o
 .data          0x0000000020000030        0x0 lib_build/syscalls.o
 .data          0x0000000020000030        0x0 /opt/gcc-arm-none-eabi/gcc-arm-none-eabi-10.3-2021.10/bin/../lib/gcc/arm-none-eabi/10.3.1/../../../../arm-none-eabi/lib/thumb/v7e-m/nofp/libg.a(lib_a-errno.o)
 .data          0x0000000020000030        0x0 /opt/gcc-arm-none-eabi/gcc-arm-none-eabi-10.3-2021.10/bin/../lib/gcc/arm-none-eabi/10.3.1/../../../../arm-none-eabi/lib/thumb/v7e-m/nofp/libg.a(lib_a-impure.o)
 .data          0x0000000020000030        0x0 /opt/gcc-arm-none-eabi/gcc-arm-none-eabi-10.3-2021.10/bin/../lib/gcc/arm-none-eabi/10.3.1/../../../../arm-none-eabi/lib/thumb/v7e-m/nofp/libg.a(lib_a-init.o)
 .data          0x0000000020000030        0x0 /opt/gcc-arm-none-eabi/gcc-arm-none-eabi-10.3-2021.10/bin/../lib/gcc/arm-none-eabi/10.3.1/../../../../arm-none-eabi/lib/thumb/v7e-m/nofp/libg.a(lib_a-memcpy.o)
 .data          0x0000000020000030        0x0 /opt/gcc-arm-none-eabi/gcc-arm-none-eabi-10.3-2021.10/bin/../lib/gcc/arm-none-eabi/10.3.1/../../../../arm-none-eabi/lib/thumb/v7e-m/nofp/libg.a(lib_a-memset.o)
 .data          0x0000000020000030        0x0 /opt/gcc-arm-none-eabi/gcc-arm-none-eabi-10.3-2021.10/bin/../lib/gcc/arm-none-eabi/10.3.1/../../../../arm-none-eabi/lib/thumb/v7e-m/nofp/libg.a(lib_a-strlen.o)
 *(.data*)
 .data._impure_ptr
                0x0000000020000030        0x4 /opt/gcc-arm-none-eabi/gcc-arm-none-eabi-10.3-2021.10/bin/../lib/gcc/arm-none-eabi/10.3.1/../../../../arm-none-eabi/lib/thumb/v7e-m/nofp/libg.a(lib_a-impure.o)
                0x0000000020000030                _impure_ptr
 *fill*         0x0000000020000034        0x4 
 .data.impure_data
                0x0000000020000038      0x428 /opt/gcc-arm-none-eabi/gcc-arm-none-eabi-10.3-2021.10/bin/../lib/gcc/arm-none-eabi/10.3.1/../../../../arm-none-eabi/lib/thumb/v7e-m/nofp/libg.a(lib_a-impure.o)
 *(*.data)
 *(.gnu.linkonce.d*)
                0x0000000020000460                . = ALIGN (0x4)
                0x0000000020000460                PROVIDE (__preinit_array_start = .)
 *(.preinit_array)
                0x0000000020000460                PROVIDE (__preinit_array_end = .)
                0x0000000020000460                . = ALIGN (0x4)
                0x0000000020000460                PROVIDE (__init_array_start = .)
 *(SORT_BY_NAME(.init_array.*))
 *(.init_array)
                0x0000000020000460                PROVIDE (__init_array_end = .)
                0x0000000020000460                . = ALIGN (0x4)
                [!provide]                        PROVIDE (__fini_array_start = .)
 *(SORT_BY_NAME(.fini_array.*))
 *(.fini_array)
                [!provide]                        PROVIDE (__fini_array_end = .)
                0x0000000020000460                . = ALIGN (0x4)
                0x0000000020000460                __data_end = .
                0x000000000c004a70                __data_load = LOADADDR (.data)
                0x0000000000000460                __data_size = (__data_end - __data_start)

.igot.plt       0x0000000020000460        0x0 load address 0x000000000c004ed0
 .igot.plt      0x0000000020000460        0x0 build/main.o

.bss            0x0000000020000460      0x6f8 load address 0x000000000c004ed0
                0x0000000020000460                . = ALIGN (0x4)
                0x0000000020000460                __bss_start = .
 *(.bss)
 .bss           0x0000000020000460       0x15 build/main.o
                0x0000000020000460                ticks
 *fill*         0x0000000020000475        0x3 
 .bss           0x0000000020000478       0xc0 build/VirtualSerial.o
                0x0000000020000478                ep2_buf
                0x00000000200004b8                ep3_buf
                0x00000000200004f8                ep4_buf
 .bss           0x0000000020000538        0x0 build/Descriptors.o
 .bss           0x0000000020000538      0x340 lib_build/USBController_XMC4000.o
                0x0000000020000538                device
                0x0000000020000678                endpoint0_in_buffer
                0x0000000020000778                endpoint0_out_buffer
 .bss           0x0000000020000878      0x244 lib_build/xmc_usbd.o
                0x0000000020000878                xmc_device
                0x0000000020000a80                usbd_init
                0x0000000020000a84                XMC_USBD_EP_IN_BUFFERSIZE
                0x0000000020000aa0                XMC_USBD_EP_OUT_BUFFERSIZE
 .bss           0x0000000020000abc        0x0 lib_build/CDCClassDevice.o
 .bss           0x0000000020000abc        0xd lib_build/USBTask.o
                0x0000000020000abc                USB_DeviceState
                0x0000000020000ac0                USB_ControlRequest
                0x0000000020000ac8                USB_IsInitialized
 .bss           0x0000000020000ac9        0x0 lib_build/Endpoint_XMC4000.o
 *fill*         0x0000000020000ac9        0x3 
 .bss           0x0000000020000acc       0x80 lib_build/xmc4_scu.o
                0x0000000020000acc                event_handler_list
 .bss           0x0000000020000b4c        0x1 lib_build/EndpointStream_XMC4000.o
                0x0000000020000b4c                zlp_flag
 .bss           0x0000000020000b4d        0x0 lib_build/memcpy.o
 .bss           0x0000000020000b4d        0x0 lib_build/xmc_gpio.o
 .bss           0x0000000020000b4d        0x0 lib_build/xmc4_gpio.o
 .bss           0x0000000020000b4d        0x0 lib_build/startup_XMC4500.o
 .bss           0x0000000020000b4d        0x0 lib_build/system_XMC4500.o
 *fill*         0x0000000020000b4d        0x3 
 .bss           0x0000000020000b50        0x8 lib_build/syscalls.o
                0x0000000020000b54                __dso_handle
 .bss           0x0000000020000b58        0x0 /opt/gcc-arm-none-eabi/gcc-arm-none-eabi-10.3-2021.10/bin/../lib/gcc/arm-none-eabi/10.3.1/../../../../arm-none-eabi/lib/thumb/v7e-m/nofp/libg.a(lib_a-errno.o)
 .bss           0x0000000020000b58        0x0 /opt/gcc-arm-none-eabi/gcc-arm-none-eabi-10.3-2021.10/bin/../lib/gcc/arm-none-eabi/10.3.1/../../../../arm-none-eabi/lib/thumb/v7e-m/nofp/libg.a(lib_a-impure.o)
 .bss           0x0000000020000b58        0x0 /opt/gcc-arm-none-eabi/gcc-arm-none-eabi-10.3-2021.10/bin/../lib/gcc/arm-none-eabi/10.3.1/../../../../arm-none-eabi/lib/thumb/v7e-m/nofp/libg.a(lib_a-init.o)
 .bss           0x0000000020000b58        0x0 /opt/gcc-arm-none-eabi/gcc-arm-none-eabi-10.3-2021.10/bin/../lib/gcc/arm-none-eabi/10.3.1/../../../../arm-none-eabi/lib/thumb/v7e-m/nofp/libg.a(lib_a-memcpy.o)
 .bss           0x0000000020000b58        0x0 /opt/gcc-arm-none-eabi/gcc-arm-none-eabi-10.3-2021.10/bin/../lib/gcc/arm-none-eabi/10.3.1/../../../../arm-none-eabi/lib/thumb/v7e-m/nofp/libg.a(lib_a-memset.o)
 .bss           0x0000000020000b58        0x0 /opt/gcc-arm-none-eabi/gcc-arm-none-eabi-10.3-2021.10/bin/../lib/gcc/arm-none-eabi/10.3.1/../../../../arm-none-eabi/lib/thumb/v7e-m/nofp/libg.a(lib_a-strlen.o)
 *(.bss*)
 *(COMMON)
 *(.gnu.linkonce.b*)
                0x0000000020000b58                . = ALIGN (0x4)
                0x0000000020000b58                __bss_end = .
                0x0000000020000b58                . = ALIGN (0x8)
                0x0000000020000b58                Heap_Bank1_Start = .
                0x00000000000006f8                __bss_size = (__bss_end - __bss_start)

.no_init        0x000000002000ffc0       0x14
                0x000000002000ffc0                Heap_Bank1_End = .
 *(.no_init)
 .no_init       0x000000002000ffc0       0x14 lib_build/system_XMC4500.o
                0x000000002000ffc0                SystemCoreClock
                0x000000002000ffc4                g_chipid

DSRAM2_DATA     0x0000000030000000        0x0 load address 0x000000000c004ed0
                0x0000000030000000                . = ALIGN (0x4)
                0x0000000030000000                __data2_start = .
 *(DSRAM2_DATA)
                0x0000000030000000                . = ALIGN (0x4)
                0x0000000030000000                __data2_end = .
                0x000000000c004ed0                __data2_load = LOADADDR (DSRAM2_DATA)
                0x0000000000000000                __data2_size = (__data2_end - __data2_start)
                0x0000000000004ed0                __text_size = (((((__exidx_end - sText) + __data_size) + __ram_code_size) + __data2_size) + __data3_size)
                0x0000000008004ed0                eText = (sText + __text_size)

DSRAM2_BSS      0x0000000030000000      0xe00 load address 0x000000000c004ed0
                0x0000000030000000                . = ALIGN (0x4)
                0x0000000030000000                __bss2_start = .
 *(ETH_RAM)
 *(USB_RAM)
 USB_RAM        0x0000000030000000      0xe00 lib_build/xmc_usbd.o
 *(DSRAM2_BSS)
                0x0000000030000e00                . = ALIGN (0x4)
                0x0000000030000e00                __bss2_end = .
                0x0000000030000e00                . = ALIGN (0x8)
                0x0000000030000e00                Heap_Bank2_Start = .
                0x0000000000000e00                __bss2_size = (__bss2_end - __bss2_start)
                0x000000000000f468                Heap_Bank1_Size = (Heap_Bank1_End - Heap_Bank1_Start)
                0x0000000000007200                Heap_Bank2_Size = (LENGTH (DSRAM_2_comm) - (Heap_Bank2_Start - ORIGIN (DSRAM_2_comm)))
                0x000000000000f800                Heap_Bank3_Size = (LENGTH (PSRAM_1) - (Heap_Bank3_Start - ORIGIN (PSRAM_1)))
                0x0000000000000001                ASSERT ((Heap_Bank1_Start <= Heap_Bank1_End), region SRAM_combined overflowed no_init section)

/DISCARD/
 *(.comment)

.stab
 *(.stab)

.stabstr
 *(.stabstr)

.debug
 *(.debug)

.line
 *(.line)

.debug_srcinfo
 *(.debug_srcinfo)

.debug_sfnames
 *(.debug_sfnames)

.debug_aranges  0x0000000000000000      0x7d0
 *(.debug_aranges)
 .debug_aranges
                0x0000000000000000       0x40 build/main.o
 .debug_aranges
                0x0000000000000040       0x48 build/VirtualSerial.o
 .debug_aranges
                0x0000000000000088       0x20 build/Descriptors.o
 .debug_aranges
                0x00000000000000a8       0x68 lib_build/USBController_XMC4000.o
 .debug_aranges
                0x0000000000000110       0xf8 lib_build/xmc_usbd.o
 .debug_aranges
                0x0000000000000208       0x78 lib_build/CDCClassDevice.o
 .debug_aranges
                0x0000000000000280       0x20 lib_build/USBTask.o
 .debug_aranges
                0x00000000000002a0       0x60 lib_build/Endpoint_XMC4000.o
 .debug_aranges
                0x0000000000000300      0x390 lib_build/xmc4_scu.o
 .debug_aranges
                0x0000000000000690       0x68 lib_build/EndpointStream_XMC4000.o
 .debug_aranges
                0x00000000000006f8       0x20 lib_build/memcpy.o
 .debug_aranges
                0x0000000000000718       0x28 lib_build/xmc_gpio.o
 .debug_aranges
                0x0000000000000740       0x28 lib_build/xmc4_gpio.o
 .debug_aranges
                0x0000000000000768       0x40 lib_build/system_XMC4500.o
 .debug_aranges
                0x00000000000007a8       0x28 lib_build/syscalls.o

.debug_pubnames
 *(.debug_pubnames)

.debug_pubtypes
 *(.debug_pubtypes)

.debug_info     0x0000000000000000    0x15a0e
 *(.debug_info .gnu.linkonce.wi.*)
 .debug_info    0x0000000000000000     0x423d build/main.o
 .debug_info    0x000000000000423d     0x1a36 build/VirtualSerial.o
 .debug_info    0x0000000000005c73      0x7b8 build/Descriptors.o
 .debug_info    0x000000000000642b     0x16a1 lib_build/USBController_XMC4000.o
 .debug_info    0x0000000000007acc     0x4495 lib_build/xmc_usbd.o
 .debug_info    0x000000000000bf61     0x1b21 lib_build/CDCClassDevice.o
 .debug_info    0x000000000000da82     0x10ae lib_build/USBTask.o
 .debug_info    0x000000000000eb30     0x183c lib_build/Endpoint_XMC4000.o
 .debug_info    0x000000000001036c     0x2aba lib_build/xmc4_scu.o
 .debug_info    0x0000000000012e26     0x176d lib_build/EndpointStream_XMC4000.o
 .debug_info    0x0000000000014593       0xd5 lib_build/memcpy.o
 .debug_info    0x0000000000014668      0x3ad lib_build/xmc_gpio.o
 .debug_info    0x0000000000014a15      0x44a lib_build/xmc4_gpio.o
 .debug_info    0x0000000000014e5f      0xa6a lib_build/system_XMC4500.o
 .debug_info    0x00000000000158c9      0x145 lib_build/syscalls.o

.debug_abbrev   0x0000000000000000     0x2e2f
 *(.debug_abbrev)
 .debug_abbrev  0x0000000000000000      0x379 build/main.o
 .debug_abbrev  0x0000000000000379      0x405 build/VirtualSerial.o
 .debug_abbrev  0x000000000000077e      0x13a build/Descriptors.o
 .debug_abbrev  0x00000000000008b8      0x4b4 lib_build/USBController_XMC4000.o
 .debug_abbrev  0x0000000000000d6c      0x5fd lib_build/xmc_usbd.o
 .debug_abbrev  0x0000000000001369      0x4f6 lib_build/CDCClassDevice.o
 .debug_abbrev  0x000000000000185f      0x2c7 lib_build/USBTask.o
 .debug_abbrev  0x0000000000001b26      0x449 lib_build/Endpoint_XMC4000.o
 .debug_abbrev  0x0000000000001f6f      0x4ac lib_build/xmc4_scu.o
 .debug_abbrev  0x000000000000241b      0x3e6 lib_build/EndpointStream_XMC4000.o
 .debug_abbrev  0x0000000000002801       0x80 lib_build/memcpy.o
 .debug_abbrev  0x0000000000002881      0x147 lib_build/xmc_gpio.o
 .debug_abbrev  0x00000000000029c8      0x152 lib_build/xmc4_gpio.o
 .debug_abbrev  0x0000000000002b1a      0x211 lib_build/system_XMC4500.o
 .debug_abbrev  0x0000000000002d2b      0x104 lib_build/syscalls.o

.debug_line     0x0000000000000000    0x1013d
 *(.debug_line)
 .debug_line    0x0000000000000000     0x2de3 build/main.o
 .debug_line    0x0000000000002de3     0x10c8 build/VirtualSerial.o
 .debug_line    0x0000000000003eab      0xf8c build/Descriptors.o
 .debug_line    0x0000000000004e37     0x12a1 lib_build/USBController_XMC4000.o
 .debug_line    0x00000000000060d8     0x1ed7 lib_build/xmc_usbd.o
 .debug_line    0x0000000000007faf     0x19a8 lib_build/CDCClassDevice.o
 .debug_line    0x0000000000009957      0xa7b lib_build/USBTask.o
 .debug_line    0x000000000000a3d2     0x118f lib_build/Endpoint_XMC4000.o
 .debug_line    0x000000000000b561     0x210d lib_build/xmc4_scu.o
 .debug_line    0x000000000000d66e     0x115d lib_build/EndpointStream_XMC4000.o
 .debug_line    0x000000000000e7cb      0x348 lib_build/memcpy.o
 .debug_line    0x000000000000eb13      0x4aa lib_build/xmc_gpio.o
 .debug_line    0x000000000000efbd      0x513 lib_build/xmc4_gpio.o
 .debug_line    0x000000000000f4d0      0x8ad lib_build/system_XMC4500.o
 .debug_line    0x000000000000fd7d      0x3c0 lib_build/syscalls.o

.debug_frame    0x0000000000000000     0x1364
 *(.debug_frame)
 .debug_frame   0x0000000000000000       0x78 build/main.o
 .debug_frame   0x0000000000000078       0xcc build/VirtualSerial.o
 .debug_frame   0x0000000000000144       0x20 build/Descriptors.o
 .debug_frame   0x0000000000000164      0x1bc lib_build/USBController_XMC4000.o
 .debug_frame   0x0000000000000320      0x2c8 lib_build/xmc_usbd.o
 .debug_frame   0x00000000000005e8      0x194 lib_build/CDCClassDevice.o
 .debug_frame   0x000000000000077c       0x2c lib_build/USBTask.o
 .debug_frame   0x00000000000007a8      0x110 lib_build/Endpoint_XMC4000.o
 .debug_frame   0x00000000000008b8      0x798 lib_build/xmc4_scu.o
 .debug_frame   0x0000000000001050      0x154 lib_build/EndpointStream_XMC4000.o
 .debug_frame   0x00000000000011a4       0x20 lib_build/memcpy.o
 .debug_frame   0x00000000000011c4       0x30 lib_build/xmc_gpio.o
 .debug_frame   0x00000000000011f4       0x3c lib_build/xmc4_gpio.o
 .debug_frame   0x0000000000001230       0x84 lib_build/system_XMC4500.o
 .debug_frame   0x00000000000012b4       0x38 lib_build/syscalls.o
 .debug_frame   0x00000000000012ec       0x20 /opt/gcc-arm-none-eabi/gcc-arm-none-eabi-10.3-2021.10/bin/../lib/gcc/arm-none-eabi/10.3.1/../../../../arm-none-eabi/lib/thumb/v7e-m/nofp/libg.a(lib_a-errno.o)
 .debug_frame   0x000000000000130c       0x2c /opt/gcc-arm-none-eabi/gcc-arm-none-eabi-10.3-2021.10/bin/../lib/gcc/arm-none-eabi/10.3.1/../../../../arm-none-eabi/lib/thumb/v7e-m/nofp/libg.a(lib_a-init.o)
 .debug_frame   0x0000000000001338       0x2c /opt/gcc-arm-none-eabi/gcc-arm-none-eabi-10.3-2021.10/bin/../lib/gcc/arm-none-eabi/10.3.1/../../../../arm-none-eabi/lib/thumb/v7e-m/nofp/libg.a(lib_a-memset.o)

.debug_str      0x0000000000000000    0x830b5
 *(.debug_str)
 .debug_str     0x0000000000000000    0x73bf0 build/main.o
                                      0x73e8f (size before relaxing)
 .debug_str     0x0000000000073bf0     0x8ff5 build/VirtualSerial.o
                                      0x78dc6 (size before relaxing)
 .debug_str     0x000000000007cbe5      0x905 build/Descriptors.o
                                      0x78122 (size before relaxing)
 .debug_str     0x000000000007d4ea      0x405 lib_build/USBController_XMC4000.o
                                      0x73058 (size before relaxing)
 .debug_str     0x000000000007d8ef     0x1a47 lib_build/xmc_usbd.o
                                      0x72e94 (size before relaxing)
 .debug_str     0x000000000007f336      0x5fd lib_build/CDCClassDevice.o
                                      0x78ab6 (size before relaxing)
 .debug_str     0x000000000007f933       0xc9 lib_build/USBTask.o
                                      0x72d22 (size before relaxing)
 .debug_str     0x000000000007f9fc      0x14c lib_build/Endpoint_XMC4000.o
                                      0x73548 (size before relaxing)
 .debug_str     0x000000000007fb48     0x210f lib_build/xmc4_scu.o
                                      0x71f97 (size before relaxing)
 .debug_str     0x0000000000081c57      0x239 lib_build/EndpointStream_XMC4000.o
                                      0x72edb (size before relaxing)
 .debug_str     0x0000000000081e90       0x68 lib_build/memcpy.o
                                       0x6e12 (size before relaxing)
 .debug_str     0x0000000000081ef8       0xd3 lib_build/xmc_gpio.o
                                      0x7355c (size before relaxing)
 .debug_str     0x0000000000081fcb       0x90 lib_build/xmc4_gpio.o
                                      0x736e1 (size before relaxing)
 .debug_str     0x000000000008205b      0xb4a lib_build/system_XMC4500.o
                                      0x6fde6 (size before relaxing)
 .debug_str     0x0000000000082ba5      0x510 lib_build/syscalls.o
                                       0x75b9 (size before relaxing)

.debug_loc      0x0000000000000000     0x8a99
 *(.debug_loc)
 .debug_loc     0x0000000000000000     0x3198 build/main.o
 .debug_loc     0x0000000000003198      0x173 build/VirtualSerial.o
 .debug_loc     0x000000000000330b      0x227 build/Descriptors.o
 .debug_loc     0x0000000000003532      0x73b lib_build/USBController_XMC4000.o
 .debug_loc     0x0000000000003c6d     0x1a52 lib_build/xmc_usbd.o
 .debug_loc     0x00000000000056bf      0x7a5 lib_build/CDCClassDevice.o
 .debug_loc     0x0000000000005e64       0x7a lib_build/USBTask.o
 .debug_loc     0x0000000000005ede      0x461 lib_build/Endpoint_XMC4000.o
 .debug_loc     0x000000000000633f     0x168f lib_build/xmc4_scu.o
 .debug_loc     0x00000000000079ce      0xc4c lib_build/EndpointStream_XMC4000.o
 .debug_loc     0x000000000000861a       0xb9 lib_build/xmc_gpio.o
 .debug_loc     0x00000000000086d3      0x138 lib_build/xmc4_gpio.o
 .debug_loc     0x000000000000880b      0x1e1 lib_build/system_XMC4500.o
 .debug_loc     0x00000000000089ec       0xad lib_build/syscalls.o

.debug_macinfo
 *(.debug_macinfo)

.debug_ranges   0x0000000000000000     0x1358
 *(.debug_ranges)
 .debug_ranges  0x0000000000000000      0x2c0 build/main.o
 .debug_ranges  0x00000000000002c0       0xb8 build/VirtualSerial.o
 .debug_ranges  0x0000000000000378       0x10 build/Descriptors.o
 .debug_ranges  0x0000000000000388       0x88 lib_build/USBController_XMC4000.o
 .debug_ranges  0x0000000000000410      0x2d0 lib_build/xmc_usbd.o
 .debug_ranges  0x00000000000006e0      0x2e0 lib_build/CDCClassDevice.o
 .debug_ranges  0x00000000000009c0       0xa0 lib_build/USBTask.o
 .debug_ranges  0x0000000000000a60      0x130 lib_build/Endpoint_XMC4000.o
 .debug_ranges  0x0000000000000b90      0x628 lib_build/xmc4_scu.o
 .debug_ranges  0x00000000000011b8       0xb8 lib_build/EndpointStream_XMC4000.o
 .debug_ranges  0x0000000000001270       0x10 lib_build/memcpy.o
 .debug_ranges  0x0000000000001280       0x18 lib_build/xmc_gpio.o
 .debug_ranges  0x0000000000001298       0x18 lib_build/xmc4_gpio.o
 .debug_ranges  0x00000000000012b0       0x90 lib_build/system_XMC4500.o
 .debug_ranges  0x0000000000001340       0x18 lib_build/syscalls.o

.debug_weaknames
 *(.debug_weaknames)

.debug_funcnames
 *(.debug_funcnames)

.debug_typenames
 *(.debug_typenames)

.debug_varnames
 *(.debug_varnames)

.build_attributes
                0x0000000000000000      0x3fe
 *(.ARM.attributes)
 .ARM.attributes
                0x0000000000000000       0x32 build/main.o
 .ARM.attributes
                0x0000000000000032       0x32 build/VirtualSerial.o
 .ARM.attributes
                0x0000000000000064       0x32 build/Descriptors.o
 .ARM.attributes
                0x0000000000000096       0x32 lib_build/USBController_XMC4000.o
 .ARM.attributes
                0x00000000000000c8       0x32 lib_build/xmc_usbd.o
 .ARM.attributes
                0x00000000000000fa       0x32 lib_build/CDCClassDevice.o
 .ARM.attributes
                0x000000000000012c       0x32 lib_build/USBTask.o
 .ARM.attributes
                0x000000000000015e       0x32 lib_build/Endpoint_XMC4000.o
 .ARM.attributes
                0x0000000000000190       0x32 lib_build/xmc4_scu.o
 .ARM.attributes
                0x00000000000001c2       0x32 lib_build/EndpointStream_XMC4000.o
 .ARM.attributes
                0x00000000000001f4       0x32 lib_build/memcpy.o
 .ARM.attributes
                0x0000000000000226       0x32 lib_build/xmc_gpio.o
 .ARM.attributes
                0x0000000000000258       0x32 lib_build/xmc4_gpio.o
 .ARM.attributes
                0x000000000000028a       0x20 lib_build/startup_XMC4500.o
 .ARM.attributes
                0x00000000000002aa       0x32 lib_build/system_XMC4500.o
 .ARM.attributes
                0x00000000000002dc       0x32 lib_build/syscalls.o
 .ARM.attributes
                0x000000000000030e       0x2e /opt/gcc-arm-none-eabi/gcc-arm-none-eabi-10.3-2021.10/bin/../lib/gcc/arm-none-eabi/10.3.1/../../../../arm-none-eabi/lib/thumb/v7e-m/nofp/libg.a(lib_a-errno.o)
 .ARM.attributes
                0x000000000000033c       0x2e /opt/gcc-arm-none-eabi/gcc-arm-none-eabi-10.3-2021.10/bin/../lib/gcc/arm-none-eabi/10.3.1/../../../../arm-none-eabi/lib/thumb/v7e-m/nofp/libg.a(lib_a-impure.o)
 .ARM.attributes
                0x000000000000036a       0x2e /opt/gcc-arm-none-eabi/gcc-arm-none-eabi-10.3-2021.10/bin/../lib/gcc/arm-none-eabi/10.3.1/../../../../arm-none-eabi/lib/thumb/v7e-m/nofp/libg.a(lib_a-init.o)
 .ARM.attributes
                0x0000000000000398       0x1c /opt/gcc-arm-none-eabi/gcc-arm-none-eabi-10.3-2021.10/bin/../lib/gcc/arm-none-eabi/10.3.1/../../../../arm-none-eabi/lib/thumb/v7e-m/nofp/libg.a(lib_a-memcpy.o)
 .ARM.attributes
                0x00000000000003b4       0x2e /opt/gcc-arm-none-eabi/gcc-arm-none-eabi-10.3-2021.10/bin/../lib/gcc/arm-none-eabi/10.3.1/../../../../arm-none-eabi/lib/thumb/v7e-m/nofp/libg.a(lib_a-memset.o)
 .ARM.attributes
                0x00000000000003e2       0x1c /opt/gcc-arm-none-eabi/gcc-arm-none-eabi-10.3-2021.10/bin/../lib/gcc/arm-none-eabi/10.3.1/../../../../arm-none-eabi/lib/thumb/v7e-m/nofp/libg.a(lib_a-strlen.o)
OUTPUT(build/main.elf elf32-littlearm)
LOAD linker stubs

.debug_macro    0x0000000000000000    0x1c43d
 .debug_macro   0x0000000000000000      0x1e6 build/main.o
 .debug_macro   0x00000000000001e6      0xa6c build/main.o
 .debug_macro   0x0000000000000c52      0x16d build/main.o
 .debug_macro   0x0000000000000dbf       0x22 build/main.o
 .debug_macro   0x0000000000000de1       0x8e build/main.o
 .debug_macro   0x0000000000000e6f       0x51 build/main.o
 .debug_macro   0x0000000000000ec0      0x103 build/main.o
 .debug_macro   0x0000000000000fc3       0x6a build/main.o
 .debug_macro   0x000000000000102d      0x1df build/main.o
 .debug_macro   0x000000000000120c       0x22 build/main.o
 .debug_macro   0x000000000000122e       0x64 build/main.o
 .debug_macro   0x0000000000001292       0x1e build/main.o
 .debug_macro   0x00000000000012b0       0x35 build/main.o
 .debug_macro   0x00000000000012e5       0x34 build/main.o
 .debug_macro   0x0000000000001319       0x16 build/main.o
 .debug_macro   0x000000000000132f       0x43 build/main.o
 .debug_macro   0x0000000000001372       0x34 build/main.o
 .debug_macro   0x00000000000013a6       0x10 build/main.o
 .debug_macro   0x00000000000013b6       0x58 build/main.o
 .debug_macro   0x000000000000140e      0x182 build/main.o
 .debug_macro   0x0000000000001590      0x35d build/main.o
 .debug_macro   0x00000000000018ed       0x10 build/main.o
 .debug_macro   0x00000000000018fd       0x35 build/main.o
 .debug_macro   0x0000000000001932      0x167 build/main.o
 .debug_macro   0x0000000000001a99       0x2d build/main.o
 .debug_macro   0x0000000000001ac6       0x28 build/main.o
 .debug_macro   0x0000000000001aee       0xaf build/main.o
 .debug_macro   0x0000000000001b9d      0xfe7 build/main.o
 .debug_macro   0x0000000000002b84       0x16 build/main.o
 .debug_macro   0x0000000000002b9a    0x1474b build/main.o
 .debug_macro   0x00000000000172e5       0x12 build/main.o
 .debug_macro   0x00000000000172f7       0x4c build/main.o
 .debug_macro   0x0000000000017343       0x22 build/main.o
 .debug_macro   0x0000000000017365      0x861 build/main.o
 .debug_macro   0x0000000000017bc6       0xa5 build/main.o
 .debug_macro   0x0000000000017c6b      0x4ef build/VirtualSerial.o
 .debug_macro   0x000000000001815a       0x12 build/VirtualSerial.o
 .debug_macro   0x000000000001816c       0x10 build/VirtualSerial.o
 .debug_macro   0x000000000001817c      0x1a7 build/VirtualSerial.o
 .debug_macro   0x0000000000018323       0x22 build/VirtualSerial.o
 .debug_macro   0x0000000000018345       0x6f build/VirtualSerial.o
 .debug_macro   0x00000000000183b4       0x86 build/VirtualSerial.o
 .debug_macro   0x000000000001843a       0x40 build/VirtualSerial.o
 .debug_macro   0x000000000001847a       0x4d build/VirtualSerial.o
 .debug_macro   0x00000000000184c7       0x16 build/VirtualSerial.o
 .debug_macro   0x00000000000184dd       0x16 build/VirtualSerial.o
 .debug_macro   0x00000000000184f3       0x29 build/VirtualSerial.o
 .debug_macro   0x000000000001851c      0x2c3 build/VirtualSerial.o
 .debug_macro   0x00000000000187df       0xa5 build/VirtualSerial.o
 .debug_macro   0x0000000000018884       0xc5 build/VirtualSerial.o
 .debug_macro   0x0000000000018949       0x16 build/VirtualSerial.o
 .debug_macro   0x000000000001895f       0x7a build/VirtualSerial.o
 .debug_macro   0x00000000000189d9       0x16 build/VirtualSerial.o
 .debug_macro   0x00000000000189ef       0x16 build/VirtualSerial.o
 .debug_macro   0x0000000000018a05       0x64 build/VirtualSerial.o
 .debug_macro   0x0000000000018a69       0x22 build/VirtualSerial.o
 .debug_macro   0x0000000000018a8b       0x16 build/VirtualSerial.o
 .debug_macro   0x0000000000018aa1       0x40 build/VirtualSerial.o
 .debug_macro   0x0000000000018ae1       0x1c build/VirtualSerial.o
 .debug_macro   0x0000000000018afd       0x10 build/VirtualSerial.o
 .debug_macro   0x0000000000018b0d       0x10 build/VirtualSerial.o
 .debug_macro   0x0000000000018b1d       0x1c build/VirtualSerial.o
 .debug_macro   0x0000000000018b39       0x52 build/VirtualSerial.o
 .debug_macro   0x0000000000018b8b       0x22 build/VirtualSerial.o
 .debug_macro   0x0000000000018bad       0x10 build/VirtualSerial.o
 .debug_macro   0x0000000000018bbd       0x52 build/VirtualSerial.o
 .debug_macro   0x0000000000018c0f       0xd5 build/VirtualSerial.o
 .debug_macro   0x0000000000018ce4       0x1c build/VirtualSerial.o
 .debug_macro   0x0000000000018d00       0x3d build/VirtualSerial.o
 .debug_macro   0x0000000000018d3d       0x16 build/VirtualSerial.o
 .debug_macro   0x0000000000018d53      0x16f build/VirtualSerial.o
 .debug_macro   0x0000000000018ec2       0x16 build/VirtualSerial.o
 .debug_macro   0x0000000000018ed8      0x154 build/VirtualSerial.o
 .debug_macro   0x000000000001902c       0x2a build/VirtualSerial.o
 .debug_macro   0x0000000000019056      0x6ce build/VirtualSerial.o
 .debug_macro   0x0000000000019724       0x16 build/VirtualSerial.o
 .debug_macro   0x000000000001973a      0x132 build/VirtualSerial.o
 .debug_macro   0x000000000001986c       0x34 build/VirtualSerial.o
 .debug_macro   0x00000000000198a0      0x4e5 build/Descriptors.o
 .debug_macro   0x0000000000019d85      0x33e lib_build/USBController_XMC4000.o
 .debug_macro   0x000000000001a0c3       0x10 lib_build/USBController_XMC4000.o
 .debug_macro   0x000000000001a0d3       0x47 lib_build/USBController_XMC4000.o
 .debug_macro   0x000000000001a11a       0x80 lib_build/USBController_XMC4000.o
 .debug_macro   0x000000000001a19a      0x1f2 lib_build/xmc_usbd.o
 .debug_macro   0x000000000001a38c      0x4f4 lib_build/CDCClassDevice.o
 .debug_macro   0x000000000001a880      0x34a lib_build/USBTask.o
 .debug_macro   0x000000000001abca      0x377 lib_build/Endpoint_XMC4000.o
 .debug_macro   0x000000000001af41       0x10 lib_build/Endpoint_XMC4000.o
 .debug_macro   0x000000000001af51      0x20d lib_build/xmc4_scu.o
 .debug_macro   0x000000000001b15e       0x9f lib_build/xmc4_scu.o
 .debug_macro   0x000000000001b1fd      0x353 lib_build/EndpointStream_XMC4000.o
 .debug_macro   0x000000000001b550      0x190 lib_build/memcpy.o
 .debug_macro   0x000000000001b6e0       0x5e lib_build/memcpy.o
 .debug_macro   0x000000000001b73e       0x94 lib_build/memcpy.o
 .debug_macro   0x000000000001b7d2       0x16 lib_build/memcpy.o
 .debug_macro   0x000000000001b7e8       0x57 lib_build/memcpy.o
 .debug_macro   0x000000000001b83f       0x97 lib_build/memcpy.o
 .debug_macro   0x000000000001b8d6       0xf6 lib_build/memcpy.o
 .debug_macro   0x000000000001b9cc      0x1b6 lib_build/xmc_gpio.o
 .debug_macro   0x000000000001bb82      0x1c2 lib_build/xmc4_gpio.o
 .debug_macro   0x000000000001bd44      0x301 lib_build/system_XMC4500.o
 .debug_macro   0x000000000001c045       0x22 lib_build/system_XMC4500.o
 .debug_macro   0x000000000001c067      0x18b lib_build/syscalls.o
 .debug_macro   0x000000000001c1f2       0x10 lib_build/syscalls.o
 .debug_macro   0x000000000001c202      0x23b lib_build/syscalls.o
